$ node scripts/sync-images.js && node scripts/process-aliases.js && node scripts/generate-strava-gpx-index.mjs && node scripts/generate-graph-data.js --production && node scripts/clean-static-config.js && astro build && node scripts/generate-deployment-config.js
­ƒû╝´©Å Syncing images from content to public directory...
­ƒôü Syncing posts images...
   Skipped 565 files that were unchanged
­ƒôü Syncing pages images...
   Skipped 4 files that were unchanged
­ƒôü Syncing projects images...
   Skipped 1 files that were unchanged
­ƒôü Syncing docs images...
   Skipped 2 files that were unchanged
­ƒôü Syncing folder-based posts images...
   Skipped 565 files that were unchanged
­ƒôü Syncing folder-based pages images...
   Skipped 4 files that were unchanged
­ƒôü Syncing folder-based projects images...
   Skipped 18 files that were unchanged
­ƒôü Syncing folder-based docs images...
   Skipped 3 files that were unchanged
­ƒÄë Image sync complete!
­ƒöä Processing aliases and converting to redirect_from...
­ƒÄë Alias processing complete! Processed 0 files.
Generated 14 GPX entries in public/gpx/strava/index.json and 25 manual links.
­ƒº╣ Removed public/_headers before build
­ƒº╣ Removed public/_redirects before build
[astro] `markdown.remarkPlugins`, `markdown.rehypePlugins`, and `markdown.remarkRehype` are deprecated. Pass them to `unified({...})` from `@astrojs/markdown-remark` directly instead.
[2m19:20:08[22m [34m[vite][39m Re-optimizing dependencies because vite config has changed
[2m19:20:08[22m [34m[content][39m Syncing content
[2m19:20:09[22m [34m[content][39m Synced content
[2m19:20:09[22m [34m[types][39m Generated [2m642ms[22m
[2m19:20:09[22m [34m[build][39m output: [34m"static"[39m
[2m19:20:09[22m [34m[build][39m mode: [34m"static"[39m
[2m19:20:09[22m [34m[build][39m directory: [34mC:\Users\USER\Desktop\SQLP\dist\[39m
[2m19:20:09[22m [34m[build][39m Collecting build info...
[2m19:20:09[22m [34m[build][39m [32mÔ£ô Completed in 725ms.[39m
[2m19:20:09[22m [34m[build][39m Building static entrypoints...
[33m[1m19:20:11[22m [WARN] [vite][39m [33m[lightningcss minify] 'global' is not recognized as a valid pseudo-class. Did you mean '::global' (pseudo-element) or is this a typo?
140 |  }
141 |  /*! tailwindcss v4.3.1 | MIT License | https://tailwindcss.com */
142 |  ... rgb(var(--color-highlight-500));outline-offset:2px}:global(.dark) :focus-visible{outline-color:rgb(var(--color-hi...
    |                                                                 ^
143 |    --font-heading: var(--fontHeading);
144 |    --font-prose: var(--fontProse);[39m
[33m[1m19:20:11[22m [WARN] [vite][39m [33m[lightningcss minify] 'global' is not recognized as a valid pseudo-class. Did you mean '::global' (pseudo-element) or is this a typo?
140 |  }
141 |  /*! tailwindcss v4.3.1 | MIT License | https://tailwindcss.com */
142 |  ...dow:0 0 0 2px rgb(var(--color-highlight-500) / .45)}:global(.dark) input[type=text]:focus{box-shadow:0 0 0 2px rgb...
    |                                                                 ^
143 |    --font-heading: var(--fontHeading);
144 |    --font-prose: var(--fontProse);[39m
[33m[1m19:20:11[22m [WARN] [vite][39m [33m[lightningcss minify] 'global' is not recognized as a valid pseudo-class. Did you mean '::global' (pseudo-element) or is this a typo?
140 |  }
141 |  /*! tailwindcss v4.3.1 | MIT License | https://tailwindcss.com */
142 |  ...dow:0 0 0 2px rgb(var(--color-highlight-400) / .45)}:global(.dark) input[type=email]:focus{box-shadow:0 0 0 2px rg...
    |                                                                 ^
143 |    --font-heading: var(--fontHeading);
144 |    --font-prose: var(--fontProse);[39m
[33m[1m19:20:11[22m [WARN] [vite][39m [33m[lightningcss minify] 'global' is not recognized as a valid pseudo-class. Did you mean '::global' (pseudo-element) or is this a typo?
140 |  }
141 |  /*! tailwindcss v4.3.1 | MIT License | https://tailwindcss.com */
142 |  ...dow:0 0 0 2px rgb(var(--color-highlight-400) / .45)}:global(.dark) input[type=search]:focus{box-shadow:0 0 0 2px r...
    |                                                                 ^
143 |    --font-heading: var(--fontHeading);
144 |    --font-prose: var(--fontProse);[39m
[33m[1m19:20:11[22m [WARN] [vite][39m [33m[lightningcss minify] 'global' is not recognized as a valid pseudo-class. Did you mean '::global' (pseudo-element) or is this a typo?
140 |  }
141 |  /*! tailwindcss v4.3.1 | MIT License | https://tailwindcss.com */
142 |  ...dow:0 0 0 2px rgb(var(--color-highlight-400) / .45)}:global(.dark) textarea:focus{box-shadow:0 0 0 2px rgb(var(--c...
    |                                                                 ^
143 |    --font-heading: var(--fontHeading);
144 |    --font-prose: var(--fontProse);[39m
[33m[1m19:20:11[22m [WARN] [vite][39m [33m[lightningcss minify] 'global' is not recognized as a valid pseudo-class. Did you mean '::global' (pseudo-element) or is this a typo?
140 |  }
141 |  /*! tailwindcss v4.3.1 | MIT License | https://tailwindcss.com */
142 |  ...tline-offset:2px;transition:outline .2s ease-in-out}:global(.dark) a:focus-visible{outline-color:rgb(var(--color-h...
    |                                                                 ^
143 |    --font-heading: var(--fontHeading);
144 |    --font-prose: var(--fontProse);[39m
[33m[1m19:20:11[22m [WARN] [vite][39m [33m[lightningcss minify] 'global' is not recognized as a valid pseudo-class. Did you mean '::global' (pseudo-element) or is this a typo?
140 |  }
141 |  /*! tailwindcss v4.3.1 | MIT License | https://tailwindcss.com */
142 |  ...sible{outline-color:rgb(var(--color-highlight-400))}:global(.dark) button:focus-visible{outline-color:rgb(var(--co...
    |                                                                 ^
143 |    --font-heading: var(--fontHeading);
144 |    --font-prose: var(--fontProse);[39m
[33m[1m19:20:11[22m [WARN] [vite][39m [33m[lightningcss minify] 'global' is not recognized as a valid pseudo-class. Did you mean '::global' (pseudo-element) or is this a typo?
140 |  }
141 |  /*! tailwindcss v4.3.1 | MIT License | https://tailwindcss.com */
142 |  ...sible{outline-color:rgb(var(--color-highlight-400))}:global(.dark) .btn:focus-visible{outline-color:rgb(var(--colo...
    |                                                                 ^
143 |    --font-heading: var(--fontHeading);
144 |    --font-prose: var(--fontProse);[39m
[33m[1m19:20:11[22m [WARN] [vite][39m [33m[lightningcss minify] 'global' is not recognized as a valid pseudo-class. Did you mean '::global' (pseudo-element) or is this a typo?
140 |  }
141 |  /*! tailwindcss v4.3.1 | MIT License | https://tailwindcss.com */
142 |  ...ermaid-diagram-source{display:none}.mermaid-diagram :global(.mermaid){text-align:center}.mermaid-diagram-content,....
    |                                                                 ^
143 |    --font-heading: var(--fontHeading);
144 |    --font-prose: var(--fontProse);[39m
[33m[1m19:20:11[22m [WARN] [vite][39m [33m[lightningcss minify] 'global' is not recognized as a valid pseudo-class. Did you mean '::global' (pseudo-element) or is this a typo?
140 |  }
141 |  /*! tailwindcss v4.3.1 | MIT License | https://tailwindcss.com */
142 |  ...:rgb(var(--color-primary-400) / 1)}.mermaid-diagram :global(.mermaid){color:rgb(var(--color-primary-900) / 1)}.mer...
    |                                                                 ^
143 |    --font-heading: var(--fontHeading);
144 |    --font-prose: var(--fontProse);[39m
[33m[1m19:20:11[22m [WARN] [vite][39m [33m[lightningcss minify] 'global' is not recognized as a valid pseudo-class. Did you mean '::global' (pseudo-element) or is this a typo?
140 |  }
141 |  /*! tailwindcss v4.3.1 | MIT License | https://tailwindcss.com */
142 |  ...:rgb(var(--color-primary-900) / 1)}.mermaid-diagram :global(.mermaid):is(.dark *){color:rgb(var(--color-primary-10...
    |                                                                 ^
143 |    --font-heading: var(--fontHeading);
144 |    --font-prose: var(--fontProse);[39m
[2m19:20:12[22m [34m[vite][39m [32mÔ£ô built in 2.59s[39m
[2m19:20:13[22m [34m[vite][39m [32mÔ£ô built in 934ms[39m
[2m19:20:13[22m [34m[build][39m Rearranging server assets...

[42m[30m generating static routes [39m[49m
[33m[1m19:20:18[22m [WARN] [build][39m Could not render `/posts` from route `/[...slug]` as it conflicts with higher priority route `/posts`.
[2m19:20:18[22m   [34mÔö£ÔöÇ[39m [2m/404.html[22m [2m(+70ms)[22m 
[2m19:20:18[22m   [34mÔö£ÔöÇ[39m [2m/api/docs.json[22m [2m(+3ms)[22m 
[2m19:20:18[22m   [34mÔö£ÔöÇ[39m [2m/api/files.json[22m [2m(+11ms)[22m 
[2m19:20:18[22m   [34mÔö£ÔöÇ[39m [2m/api/og-image[22m [2m(+2ms)[22m 
[2m19:20:18[22m   [34mÔö£ÔöÇ[39m [2m/api/pages.json[22m [2m(+3ms)[22m 
[2m19:20:18[22m   [34mÔö£ÔöÇ[39m [2m/api/posts.json[22m [2m(+60ms)[22m 
[2m19:20:18[22m   [34mÔö£ÔöÇ[39m [2m/api/projects.json[22m [2m(+3ms)[22m 
[2m19:20:18[22m   [34mÔö£ÔöÇ[39m [2m/docs/index.html[22m [2m(+72ms)[22m 
[2m19:20:18[22m   [34mÔö£ÔöÇ[39m [2m/favicon.ico[22m [2m(+3ms)[22m 
[2m19:20:18[22m   [34mÔö£ÔöÇ[39m [2m/feed.xml[22m [2m(+19ms)[22m 
[2m19:20:18[22m   [34mÔö£ÔöÇ[39m [2m/index-backup/index.html[22m [31m(+1.10s)[39m 
[2m19:20:20[22m   [34mÔö£ÔöÇ[39m [2m/leaflet-demo/index.html[22m [2m(+49ms)[22m 
[2m19:20:20[22m   [34mÔö£ÔöÇ[39m [2m/llms.txt[22m [2m(+2ms)[22m 
[2m19:20:20[22m   [34mÔö£ÔöÇ[39m [2m/posts/filtroposts/index.html[22m [2m(+103ms)[22m 
[2m19:20:20[22m   [34mÔö£ÔöÇ[39m [2m/posts/tag/Benasque/2/index.html[22m [2m(+70ms)[22m 
[2m19:20:20[22m   [34mÔö£ÔöÇ[39m [2m/posts/tag/Benasque/3/index.html[22m [2m(+59ms)[22m 
[2m19:20:20[22m   [34mÔö£ÔöÇ[39m [2m/posts/tag/Lofoten/2/index.html[22m [2m(+62ms)[22m 
[2m19:20:20[22m   [34mÔö£ÔöÇ[39m [2m/posts/tag/Oberland/2/index.html[22m [2m(+61ms)[22m 
[2m19:20:20[22m   [34mÔö£ÔöÇ[39m [2m/posts/tag/Portalet/2/index.html[22m [2m(+58ms)[22m 
[2m19:20:20[22m   [34mÔö£ÔöÇ[39m [2m/posts/tag/Uncategorized/2/index.html[22m [2m(+59ms)[22m 
[2m19:20:20[22m   [34mÔö£ÔöÇ[39m [2m/posts/tag/Uncategorized/3/index.html[22m [2m(+60ms)[22m 
[2m19:20:20[22m   [34mÔö£ÔöÇ[39m [2m/posts/tag/Uncategorized/4/index.html[22m [2m(+62ms)[22m 
[2m19:20:20[22m   [34mÔö£ÔöÇ[39m [2m/posts/tag/Uncategorized/5/index.html[22m [2m(+58ms)[22m 
[2m19:20:20[22m   [34mÔö£ÔöÇ[39m [2m/posts/tag/Videos/2/index.html[22m [2m(+63ms)[22m 
[2m19:20:20[22m   [34mÔö£ÔöÇ[39m [2m/posts/tag/Videos/3/index.html[22m [2m(+57ms)[22m 
[2m19:20:20[22m   [34mÔö£ÔöÇ[39m [2m/posts/tag/Videos/4/index.html[22m [2m(+58ms)[22m 
[2m19:20:20[22m   [34mÔö£ÔöÇ[39m [2m/posts/tag/Videos/5/index.html[22m [2m(+58ms)[22m 
[2m19:20:20[22m   [34mÔö£ÔöÇ[39m [2m/posts/tag/alpes/2/index.html[22m [2m(+59ms)[22m 
[2m19:20:21[22m   [34mÔö£ÔöÇ[39m [2m/posts/tag/alpes/3/index.html[22m [2m(+60ms)[22m 
[2m19:20:21[22m   [34mÔö£ÔöÇ[39m [2m/posts/tag/alpes/4/index.html[22m [2m(+57ms)[22m 
[2m19:20:21[22m   [34mÔö£ÔöÇ[39m [2m/posts/tag/ascensiones/2/index.html[22m [2m(+60ms)[22m 
[2m19:20:21[22m   [34mÔö£ÔöÇ[39m [2m/posts/tag/ascensiones/3/index.html[22m [2m(+58ms)[22m 
[2m19:20:21[22m   [34mÔö£ÔöÇ[39m [2m/posts/tag/ascensiones/4/index.html[22m [2m(+59ms)[22m 
[2m19:20:21[22m   [34mÔö£ÔöÇ[39m [2m/posts/tag/avalanchas/2/index.html[22m [2m(+56ms)[22m 
[2m19:20:21[22m   [34mÔö£ÔöÇ[39m [2m/posts/tag/balneario_de_panticosa/2/index.html[22m [2m(+56ms)[22m 
[2m19:20:21[22m   [34mÔö£ÔöÇ[39m [2m/posts/tag/balneario_de_panticosa/3/index.html[22m [2m(+63ms)[22m 
[2m19:20:21[22m   [34mÔö£ÔöÇ[39m [2m/posts/tag/btt/2/index.html[22m [2m(+68ms)[22m 
[2m19:20:21[22m   [34mÔö£ÔöÇ[39m [2m/posts/tag/btt/3/index.html[22m [2m(+65ms)[22m 
[2m19:20:21[22m   [34mÔö£ÔöÇ[39m [2m/posts/tag/btt/4/index.html[22m [2m(+59ms)[22m 
[2m19:20:21[22m   [34mÔö£ÔöÇ[39m [2m/posts/tag/btt/5/index.html[22m [2m(+57ms)[22m 
[2m19:20:21[22m   [34mÔö£ÔöÇ[39m [2m/posts/tag/btt/6/index.html[22m [2m(+57ms)[22m 
[2m19:20:21[22m   [34mÔö£ÔöÇ[39m [2m/posts/tag/btt/7/index.html[22m [2m(+60ms)[22m 
[2m19:20:21[22m   [34mÔö£ÔöÇ[39m [2m/posts/tag/btt/8/index.html[22m [2m(+58ms)[22m 
[2m19:20:21[22m   [34mÔö£ÔöÇ[39m [2m/posts/tag/btt/9/index.html[22m [2m(+62ms)[22m 
[2m19:20:21[22m   [34mÔö£ÔöÇ[39m [2m/posts/tag/btt/10/index.html[22m [2m(+57ms)[22m 
[2m19:20:22[22m   [34mÔö£ÔöÇ[39m [2m/posts/tag/btt/11/index.html[22m [2m(+58ms)[22m 
[2m19:20:22[22m   [34mÔö£ÔöÇ[39m [2m/posts/tag/btt/12/index.html[22m [2m(+58ms)[22m 
[2m19:20:22[22m   [34mÔö£ÔöÇ[39m [2m/posts/tag/btt/13/index.html[22m [2m(+59ms)[22m 
[2m19:20:22[22m   [34mÔö£ÔöÇ[39m [2m/posts/tag/btt/14/index.html[22m [2m(+58ms)[22m 
[2m19:20:22[22m   [34mÔö£ÔöÇ[39m [2m/posts/tag/btt/15/index.html[22m [2m(+58ms)[22m 
[2m19:20:22[22m   [34mÔö£ÔöÇ[39m [2m/posts/tag/btt/16/index.html[22m [2m(+56ms)[22m 
[2m19:20:22[22m   [34mÔö£ÔöÇ[39m [2m/posts/tag/btt/17/index.html[22m [2m(+58ms)[22m 
[2m19:20:22[22m   [34mÔö£ÔöÇ[39m [2m/posts/tag/btt/18/index.html[22m [2m(+58ms)[22m 
[2m19:20:22[22m   [34mÔö£ÔöÇ[39m [2m/posts/tag/btt/19/index.html[22m [2m(+58ms)[22m 
[2m19:20:22[22m   [34mÔö£ÔöÇ[39m [2m/posts/tag/btt/20/index.html[22m [2m(+59ms)[22m 
[2m19:20:22[22m   [34mÔö£ÔöÇ[39m [2m/posts/tag/cicloalpinismo/2/index.html[22m [2m(+56ms)[22m 
[2m19:20:22[22m   [34mÔö£ÔöÇ[39m [2m/posts/tag/cicloalpinismo/3/index.html[22m [2m(+56ms)[22m 
[2m19:20:22[22m   [34mÔö£ÔöÇ[39m [2m/posts/tag/cicloalpinismo/4/index.html[22m [2m(+58ms)[22m 
[2m19:20:22[22m   [34mÔö£ÔöÇ[39m [2m/posts/tag/cicloalpinismo/5/index.html[22m [2m(+55ms)[22m 
[2m19:20:22[22m   [34mÔö£ÔöÇ[39m [2m/posts/tag/cicloturismo/2/index.html[22m [2m(+56ms)[22m 
[2m19:20:22[22m   [34mÔö£ÔöÇ[39m [2m/posts/tag/enduro/2/index.html[22m [2m(+57ms)[22m 
[2m19:20:22[22m   [34mÔö£ÔöÇ[39m [2m/posts/tag/enduro/3/index.html[22m [2m(+56ms)[22m 
[2m19:20:23[22m   [34mÔö£ÔöÇ[39m [2m/posts/tag/enduro/4/index.html[22m [2m(+56ms)[22m 
[2m19:20:23[22m   [34mÔö£ÔöÇ[39m [2m/posts/tag/enduro/5/index.html[22m [2m(+56ms)[22m 
[2m19:20:23[22m   [34mÔö£ÔöÇ[39m [2m/posts/tag/enduro/6/index.html[22m [2m(+57ms)[22m 
[2m19:20:23[22m   [34mÔö£ÔöÇ[39m [2m/posts/tag/escalada/2/index.html[22m [2m(+54ms)[22m 
[2m19:20:23[22m   [34mÔö£ÔöÇ[39m [2m/posts/tag/fatbike/2/index.html[22m [2m(+55ms)[22m 
[2m19:20:23[22m   [34mÔö£ÔöÇ[39m [2m/posts/tag/fatbike/3/index.html[22m [2m(+56ms)[22m 
[2m19:20:23[22m   [34mÔö£ÔöÇ[39m [2m/posts/tag/haute_route/2/index.html[22m [2m(+56ms)[22m 
[2m19:20:23[22m   [34mÔö£ÔöÇ[39m [2m/posts/tag/islandia/2/index.html[22m [2m(+56ms)[22m 
[2m19:20:23[22m   [34mÔö£ÔöÇ[39m [2m/posts/tag/islandia/3/index.html[22m [2m(+56ms)[22m 
[2m19:20:23[22m   [34mÔö£ÔöÇ[39m [2m/posts/tag/la_palma/2/index.html[22m [2m(+59ms)[22m 
[2m19:20:23[22m   [34mÔö£ÔöÇ[39m [2m/posts/tag/ordesa/2/index.html[22m [2m(+59ms)[22m 
[2m19:20:23[22m   [34mÔö£ÔöÇ[39m [2m/posts/tag/ordesa/3/index.html[22m [2m(+62ms)[22m 
[2m19:20:23[22m   [34mÔö£ÔöÇ[39m [2m/posts/tag/panticosa/2/index.html[22m [2m(+56ms)[22m 
[2m19:20:23[22m   [34mÔö£ÔöÇ[39m [2m/posts/tag/panticosa/3/index.html[22m [2m(+56ms)[22m 
[2m19:20:23[22m   [34mÔö£ÔöÇ[39m [2m/posts/tag/sierra_de_guara/2/index.html[22m [2m(+55ms)[22m 
[2m19:20:23[22m   [34mÔö£ÔöÇ[39m [2m/posts/tag/sierra_de_guara/3/index.html[22m [2m(+56ms)[22m 
[2m19:20:23[22m   [34mÔö£ÔöÇ[39m [2m/posts/tag/sierra_de_guara/4/index.html[22m [2m(+56ms)[22m 
[2m19:20:23[22m   [34mÔö£ÔöÇ[39m [2m/posts/tag/sierra_de_guara/5/index.html[22m [2m(+58ms)[22m 
[2m19:20:24[22m   [34mÔö£ÔöÇ[39m [2m/posts/tag/sierra_de_guara/6/index.html[22m [2m(+62ms)[22m 
[2m19:20:24[22m   [34mÔö£ÔöÇ[39m [2m/posts/tag/skimo/2/index.html[22m [2m(+62ms)[22m 
[2m19:20:24[22m   [34mÔö£ÔöÇ[39m [2m/posts/tag/skimo/3/index.html[22m [2m(+56ms)[22m 
[2m19:20:24[22m   [34mÔö£ÔöÇ[39m [2m/posts/tag/skimo/4/index.html[22m [2m(+56ms)[22m 
[2m19:20:24[22m   [34mÔö£ÔöÇ[39m [2m/posts/tag/skimo/5/index.html[22m [2m(+56ms)[22m 
[2m19:20:24[22m   [34mÔö£ÔöÇ[39m [2m/posts/tag/skimo/6/index.html[22m [2m(+57ms)[22m 
[2m19:20:24[22m   [34mÔö£ÔöÇ[39m [2m/posts/tag/skimo/7/index.html[22m [2m(+61ms)[22m 
[2m19:20:24[22m   [34mÔö£ÔöÇ[39m [2m/posts/tag/skimo/8/index.html[22m [2m(+63ms)[22m 
[2m19:20:24[22m   [34mÔö£ÔöÇ[39m [2m/posts/tag/skimo/9/index.html[22m [2m(+62ms)[22m 
[2m19:20:24[22m   [34mÔö£ÔöÇ[39m [2m/posts/tag/skimo/10/index.html[22m [2m(+60ms)[22m 
[2m19:20:24[22m   [34mÔö£ÔöÇ[39m [2m/posts/tag/skimo/11/index.html[22m [2m(+58ms)[22m 
[2m19:20:24[22m   [34mÔö£ÔöÇ[39m [2m/posts/tag/skimo/12/index.html[22m [2m(+58ms)[22m 
[2m19:20:24[22m   [34mÔö£ÔöÇ[39m [2m/posts/tag/skimo/13/index.html[22m [2m(+56ms)[22m 
[2m19:20:24[22m   [34mÔö£ÔöÇ[39m [2m/posts/tag/skimo/14/index.html[22m [2m(+59ms)[22m 
[2m19:20:24[22m   [34mÔö£ÔöÇ[39m [2m/posts/tag/skimo/15/index.html[22m [2m(+58ms)[22m 
[2m19:20:24[22m   [34mÔö£ÔöÇ[39m [2m/posts/tag/skimo/16/index.html[22m [2m(+62ms)[22m 
[2m19:20:24[22m   [34mÔö£ÔöÇ[39m [2m/posts/tag/skimo/17/index.html[22m [2m(+58ms)[22m 
[2m19:20:25[22m   [34mÔö£ÔöÇ[39m [2m/posts/tag/skimo/18/index.html[22m [2m(+62ms)[22m 
[2m19:20:25[22m   [34mÔö£ÔöÇ[39m [2m/posts/tag/skimo/19/index.html[22m [2m(+60ms)[22m 
[2m19:20:25[22m   [34mÔö£ÔöÇ[39m [2m/posts/tag/skimo/20/index.html[22m [2m(+61ms)[22m 
[2m19:20:25[22m   [34mÔö£ÔöÇ[39m [2m/posts/tag/skimo/21/index.html[22m [2m(+56ms)[22m 
[2m19:20:25[22m   [34mÔö£ÔöÇ[39m [2m/posts/tag/skimo/22/index.html[22m [2m(+56ms)[22m 
[2m19:20:25[22m   [34mÔö£ÔöÇ[39m [2m/posts/tag/sobrarbe/2/index.html[22m [2m(+57ms)[22m 
[2m19:20:25[22m   [34mÔö£ÔöÇ[39m [2m/posts/tag/sobrarbe/3/index.html[22m [2m(+54ms)[22m 
[2m19:20:25[22m   [34mÔö£ÔöÇ[39m [2m/posts/tag/soloquedalopeor/2/index.html[22m [2m(+56ms)[22m 
[2m19:20:25[22m   [34mÔö£ÔöÇ[39m [2m/posts/tag/usa2012/2/index.html[22m [2m(+56ms)[22m 
[2m19:20:25[22m   [34mÔö£ÔöÇ[39m [2m/posts/tag/valle_de_benasque/2/index.html[22m [2m(+57ms)[22m 
[2m19:20:25[22m   [34mÔö£ÔöÇ[39m [2m/posts/tag/valle_de_benasque/3/index.html[22m [2m(+56ms)[22m 
[2m19:20:25[22m   [34mÔö£ÔöÇ[39m [2m/posts/tag/valle_de_benasque/4/index.html[22m [2m(+56ms)[22m 
[2m19:20:25[22m   [34mÔö£ÔöÇ[39m [2m/posts/tag/valle_de_tena/2/index.html[22m [2m(+62ms)[22m 
[2m19:20:25[22m   [34mÔö£ÔöÇ[39m [2m/posts/tag/valle_de_tena/3/index.html[22m [2m(+56ms)[22m 
[2m19:20:25[22m   [34mÔö£ÔöÇ[39m [2m/posts/tag/valle_de_tena/4/index.html[22m [2m(+56ms)[22m 
[2m19:20:25[22m   [34mÔö£ÔöÇ[39m [2m/posts/tag/valle_de_tena/5/index.html[22m [2m(+56ms)[22m 
[2m19:20:25[22m   [34mÔö£ÔöÇ[39m [2m/posts/tag/valle_de_tena/6/index.html[22m [2m(+57ms)[22m 
[2m19:20:26[22m   [34mÔö£ÔöÇ[39m [2m/posts/tag/valle_de_tena/7/index.html[22m [2m(+56ms)[22m 
[2m19:20:26[22m   [34mÔö£ÔöÇ[39m [2m/posts/tag/valle_de_tena/8/index.html[22m [2m(+60ms)[22m 
[2m19:20:26[22m   [34mÔö£ÔöÇ[39m [2m/posts/tag/valle_de_tena/9/index.html[22m [2m(+56ms)[22m 
[2m19:20:26[22m   [34mÔö£ÔöÇ[39m [2m/posts/tag/valle_de_tena/10/index.html[22m [2m(+56ms)[22m 
[2m19:20:26[22m   [34mÔö£ÔöÇ[39m [2m/posts/tag/valle_de_tena/11/index.html[22m [2m(+55ms)[22m 
[2m19:20:26[22m   [34mÔö£ÔöÇ[39m [2m/posts/tag/valle_de_tena/12/index.html[22m [2m(+55ms)[22m 
[2m19:20:26[22m   [34mÔö£ÔöÇ[39m [2m/posts/tag/valle_de_tena/13/index.html[22m [2m(+55ms)[22m 
[2m19:20:26[22m   [34mÔö£ÔöÇ[39m [2m/posts/tag/valle_de_tena/14/index.html[22m [2m(+57ms)[22m 
[2m19:20:26[22m   [34mÔö£ÔöÇ[39m [2m/posts/tag/valle_de_tena/15/index.html[22m [2m(+55ms)[22m 
[2m19:20:26[22m   [34mÔö£ÔöÇ[39m [2m/posts/tag/valle_de_tena/16/index.html[22m [2m(+55ms)[22m 
[2m19:20:26[22m   [34mÔö£ÔöÇ[39m [2m/posts/tag/valle_del_aragon/2/index.html[22m [2m(+57ms)[22m 
[2m19:20:26[22m   [34mÔö£ÔöÇ[39m [2m/posts/tag/valle_del_aragon/3/index.html[22m [2m(+56ms)[22m 
[2m19:20:26[22m   [34mÔö£ÔöÇ[39m [2m/posts/tag/valle_del_aragon/4/index.html[22m [2m(+88ms)[22m 
[2m19:20:26[22m   [34mÔö£ÔöÇ[39m [2m/posts/tag/valles_occidentales/2/index.html[22m [2m(+57ms)[22m 
[2m19:20:26[22m   [34mÔö£ÔöÇ[39m [2m/posts/tag/via_ferrata/2/index.html[22m [2m(+57ms)[22m 
[2m19:20:26[22m   [34mÔö£ÔöÇ[39m [2m/posts/tag/viajes/2/index.html[22m [2m(+56ms)[22m 
[2m19:20:26[22m   [34mÔö£ÔöÇ[39m [2m/posts/tag/viajes/3/index.html[22m [2m(+56ms)[22m 
[2m19:20:27[22m   [34mÔö£ÔöÇ[39m [2m/posts/tag/viajes/4/index.html[22m [2m(+57ms)[22m 
[2m19:20:27[22m   [34mÔö£ÔöÇ[39m [2m/posts/tag/viajes/5/index.html[22m [2m(+56ms)[22m 
[2m19:20:27[22m   [34mÔö£ÔöÇ[39m [2m/posts/tag/viajes/6/index.html[22m [2m(+57ms)[22m 
[2m19:20:27[22m   [34mÔö£ÔöÇ[39m [2m/posts/tag/viajes/7/index.html[22m [2m(+55ms)[22m 
[2m19:20:27[22m   [34mÔö£ÔöÇ[39m [2m/posts/tag/viajes/8/index.html[22m [2m(+55ms)[22m 
[2m19:20:27[22m   [34mÔö£ÔöÇ[39m [2m/posts/tag/viajes/9/index.html[22m [2m(+56ms)[22m 
[2m19:20:27[22m   [34mÔö£ÔöÇ[39m [2m/posts/tag/%23balneario_de_panticosa/index.html[22m [2m(+53ms)[22m 
[2m19:20:27[22m   [34mÔö£ÔöÇ[39m [2m/posts/tag/12_cascadas_de_Liri/index.html[22m [2m(+52ms)[22m 
[2m19:20:27[22m   [34mÔö£ÔöÇ[39m [2m/posts/tag/Acherito/index.html[22m [2m(+54ms)[22m 
[2m19:20:27[22m   [34mÔö£ÔöÇ[39m [2m/posts/tag/Acu├®/index.html[22m [2m(+53ms)[22m 
[2m19:20:27[22m   [34mÔö£ÔöÇ[39m [2m/posts/tag/Aguarales/index.html[22m [2m(+53ms)[22m 
[2m19:20:27[22m   [34mÔö£ÔöÇ[39m [2m/posts/tag/Aguja/index.html[22m [2m(+54ms)[22m 
[2m19:20:27[22m   [34mÔö£ÔöÇ[39m [2m/posts/tag/Algair├®n/index.html[22m [2m(+52ms)[22m 
[2m19:20:27[22m   [34mÔö£ÔöÇ[39m [2m/posts/tag/Anayet/index.html[22m [2m(+53ms)[22m 
[2m19:20:27[22m   [34mÔö£ÔöÇ[39m [2m/posts/tag/Aneto/index.html[22m [2m(+57ms)[22m 
[2m19:20:27[22m   [34mÔö£ÔöÇ[39m [2m/posts/tag/Asturias/index.html[22m [2m(+53ms)[22m 
[2m19:20:27[22m   [34mÔö£ÔöÇ[39m [2m/posts/tag/Ast├║n/index.html[22m [2m(+63ms)[22m 
[2m19:20:27[22m   [34mÔö£ÔöÇ[39m [2m/posts/tag/Bachima├▒a/index.html[22m [2m(+55ms)[22m 
[2m19:20:27[22m   [34mÔö£ÔöÇ[39m [2m/posts/tag/Bataillence/index.html[22m [2m(+64ms)[22m 
[2m19:20:28[22m   [34mÔö£ÔöÇ[39m [2m/posts/tag/Benasque/index.html[22m [2m(+57ms)[22m 
[2m19:20:28[22m   [34mÔö£ÔöÇ[39m [2m/posts/tag/Bielsa/index.html[22m [2m(+53ms)[22m 
[2m19:20:28[22m   [34mÔö£ÔöÇ[39m [2m/posts/tag/Bious-Artigues/index.html[22m [2m(+55ms)[22m 
[2m19:20:28[22m   [34mÔö£ÔöÇ[39m [2m/posts/tag/Bisaur├¡n/index.html[22m [2m(+62ms)[22m 
[2m19:20:28[22m   [34mÔö£ÔöÇ[39m [2m/posts/tag/Bon├®s/index.html[22m [2m(+51ms)[22m 
[2m19:20:28[22m   [34mÔö£ÔöÇ[39m [2m/posts/tag/Bor├│n/index.html[22m [2m(+53ms)[22m 
[2m19:20:28[22m   [34mÔö£ÔöÇ[39m [2m/posts/tag/Bot/index.html[22m [2m(+55ms)[22m 
[2m19:20:28[22m   [34mÔö£ÔöÇ[39m [2m/posts/tag/Brenta/index.html[22m [2m(+55ms)[22m 
[2m19:20:28[22m   [34mÔö£ÔöÇ[39m [2m/posts/tag/Broto/index.html[22m [2m(+64ms)[22m 
[2m19:20:28[22m   [34mÔö£ÔöÇ[39m [2m/posts/tag/Buesa/index.html[22m [2m(+56ms)[22m 
[2m19:20:28[22m   [34mÔö£ÔöÇ[39m [2m/posts/tag/Bujaruelo/index.html[22m [2m(+61ms)[22m 
[2m19:20:28[22m   [34mÔö£ÔöÇ[39m [2m/posts/tag/Calatayud/index.html[22m [2m(+79ms)[22m 
[2m19:20:28[22m   [34mÔö£ÔöÇ[39m [2m/posts/tag/Caldar├®s/index.html[22m [2m(+54ms)[22m 
[2m19:20:28[22m   [34mÔö£ÔöÇ[39m [2m/posts/tag/Campbieil/index.html[22m [2m(+71ms)[22m 
[2m19:20:28[22m   [34mÔö£ÔöÇ[39m [2m/posts/tag/Candanch├║/index.html[22m [2m(+58ms)[22m 
[2m19:20:28[22m   [34mÔö£ÔöÇ[39m [2m/posts/tag/Carruaca/index.html[22m [2m(+52ms)[22m 
[2m19:20:28[22m   [34mÔö£ÔöÇ[39m [2m/posts/tag/Casco/index.html[22m [2m(+53ms)[22m 
[2m19:20:29[22m   [34mÔö£ÔöÇ[39m [2m/posts/tag/Curiosidades/index.html[22m [2m(+53ms)[22m 
[2m19:20:29[22m   [34mÔö£ÔöÇ[39m [2m/posts/tag/Dalli├║/index.html[22m [2m(+56ms)[22m 
[2m19:20:29[22m   [34mÔö£ÔöÇ[39m [2m/posts/tag/EV6/index.html[22m [2m(+58ms)[22m 
[2m19:20:29[22m   [34mÔö£ÔöÇ[39m [2m/posts/tag/Erata/index.html[22m [2m(+53ms)[22m 
[2m19:20:29[22m   [34mÔö£ÔöÇ[39m [2m/posts/tag/Escarra/index.html[22m [2m(+52ms)[22m 
[2m19:20:29[22m   [34mÔö£ÔöÇ[39m [2m/posts/tag/Estan├®s/index.html[22m [2m(+53ms)[22m 
[2m19:20:29[22m   [34mÔö£ÔöÇ[39m [2m/posts/tag/Estribiella/index.html[22m [2m(+52ms)[22m 
[2m19:20:29[22m   [34mÔö£ÔöÇ[39m [2m/posts/tag/Fafleralp/index.html[22m [2m(+55ms)[22m 
[2m19:20:29[22m   [34mÔö£ÔöÇ[39m [2m/posts/tag/Fa├▒anizas/index.html[22m [2m(+56ms)[22m 
[2m19:20:29[22m   [34mÔö£ÔöÇ[39m [2m/posts/tag/Feni├ís/index.html[22m [2m(+53ms)[22m 
[2m19:20:29[22m   [34mÔö£ÔöÇ[39m [2m/posts/tag/Ferraturas/index.html[22m [2m(+52ms)[22m 
[2m19:20:29[22m   [34mÔö£ÔöÇ[39m [2m/posts/tag/Fjallsj├Âkull/index.html[22m [2m(+53ms)[22m 
[2m19:20:29[22m   [34mÔö£ÔöÇ[39m [2m/posts/tag/Fjalls├írl├│n/index.html[22m [2m(+53ms)[22m 
[2m19:20:29[22m   [34mÔö£ÔöÇ[39m [2m/posts/tag/Foratata/index.html[22m [2m(+55ms)[22m 
[2m19:20:29[22m   [34mÔö£ÔöÇ[39m [2m/posts/tag/Foratulas/index.html[22m [2m(+53ms)[22m 
[2m19:20:29[22m   [34mÔö£ÔöÇ[39m [2m/posts/tag/GR-1/index.html[22m [2m(+53ms)[22m 
[2m19:20:29[22m   [34mÔö£ÔöÇ[39m [2m/posts/tag/Gabardiella/index.html[22m [2m(+52ms)[22m 
[2m19:20:29[22m   [34mÔö£ÔöÇ[39m [2m/posts/tag/Gabard├¿re/index.html[22m [2m(+53ms)[22m 
[2m19:20:30[22m   [34mÔö£ÔöÇ[39m [2m/posts/tag/Gallinero/index.html[22m [2m(+55ms)[22m 
[2m19:20:30[22m   [34mÔö£ÔöÇ[39m [2m/posts/tag/Gorgol/index.html[22m [2m(+52ms)[22m 
[2m19:20:30[22m   [34mÔö£ÔöÇ[39m [2m/posts/tag/Holmvassfjellet/index.html[22m [2m(+56ms)[22m 
[2m19:20:30[22m   [34mÔö£ÔöÇ[39m [2m/posts/tag/Ibonciecho/index.html[22m [2m(+52ms)[22m 
[2m19:20:30[22m   [34mÔö£ÔöÇ[39m [2m/posts/tag/Ib├│n/index.html[22m [2m(+53ms)[22m 
[2m19:20:30[22m   [34mÔö£ÔöÇ[39m [2m/posts/tag/J├Âkuls├írl├│n/index.html[22m [2m(+80ms)[22m 
[2m19:20:30[22m   [34mÔö£ÔöÇ[39m [2m/posts/tag/Konkordia/index.html[22m [2m(+56ms)[22m 
[2m19:20:30[22m   [34mÔö£ÔöÇ[39m [2m/posts/tag/Lariste/index.html[22m [2m(+53ms)[22m 
[2m19:20:30[22m   [34mÔö£ÔöÇ[39m [2m/posts/tag/Lecina/index.html[22m [2m(+54ms)[22m 
[2m19:20:30[22m   [34mÔö£ÔöÇ[39m [2m/posts/tag/Lescun/index.html[22m [2m(+52ms)[22m 
[2m19:20:30[22m   [34mÔö£ÔöÇ[39m [2m/posts/tag/Liri/index.html[22m [2m(+52ms)[22m 
[2m19:20:30[22m   [34mÔö£ÔöÇ[39m [2m/posts/tag/Lizara/index.html[22m [2m(+52ms)[22m 
[2m19:20:30[22m   [34mÔö£ÔöÇ[39m [2m/posts/tag/Lofoten/index.html[22m [2m(+57ms)[22m 
[2m19:20:30[22m   [34mÔö£ÔöÇ[39m [2m/posts/tag/L├írrede/index.html[22m [2m(+52ms)[22m 
[2m19:20:30[22m   [34mÔö£ÔöÇ[39m [2m/posts/tag/Magdalena/index.html[22m [2m(+52ms)[22m 
[2m19:20:30[22m   [34mÔö£ÔöÇ[39m [2m/posts/tag/Masc├║n/index.html[22m [2m(+53ms)[22m 
[2m19:20:30[22m   [34mÔö£ÔöÇ[39m [2m/posts/tag/Matarra├▒a/index.html[22m [2m(+56ms)[22m 
[2m19:20:30[22m   [34mÔö£ÔöÇ[39m [2m/posts/tag/Mittaghorn/index.html[22m [2m(+51ms)[22m 
[2m19:20:31[22m   [34mÔö£ÔöÇ[39m [2m/posts/tag/Molveno/index.html[22m [2m(+53ms)[22m 
[2m19:20:31[22m   [34mÔö£ÔöÇ[39m [2m/posts/tag/Mondarruego/index.html[22m [2m(+52ms)[22m 
[2m19:20:31[22m   [34mÔö£ÔöÇ[39m [2m/posts/tag/Moskowa/index.html[22m [2m(+54ms)[22m 
[2m19:20:31[22m   [34mÔö£ÔöÇ[39m [2m/posts/tag/Mulleres/index.html[22m [2m(+52ms)[22m 
[2m19:20:31[22m   [34mÔö£ÔöÇ[39m [2m/posts/tag/M├Ânch/index.html[22m [2m(+52ms)[22m 
[2m19:20:31[22m   [34mÔö£ÔöÇ[39m [2m/posts/tag/M├Ânchsjoch-hutte/index.html[22m [2m(+54ms)[22m 
[2m19:20:31[22m   [34mÔö£ÔöÇ[39m [2m/posts/tag/Navarra/index.html[22m [2m(+51ms)[22m 
[2m19:20:31[22m   [34mÔö£ÔöÇ[39m [2m/posts/tag/Noruega/index.html[22m [2m(+54ms)[22m 
[2m19:20:31[22m   [34mÔö£ÔöÇ[39m [2m/posts/tag/N├®ouvielle/index.html[22m [2m(+57ms)[22m 
[2m19:20:31[22m   [34mÔö£ÔöÇ[39m [2m/posts/tag/O-BTT/index.html[22m [2m(+58ms)[22m 
[2m19:20:31[22m   [34mÔö£ÔöÇ[39m [2m/posts/tag/Oberland/index.html[22m [2m(+63ms)[22m 
[2m19:20:31[22m   [34mÔö£ÔöÇ[39m [2m/posts/tag/Occitania/index.html[22m [2m(+55ms)[22m 
[2m19:20:31[22m   [34mÔö£ÔöÇ[39m [2m/posts/tag/Ordino/index.html[22m [2m(+57ms)[22m 
[2m19:20:31[22m   [34mÔö£ÔöÇ[39m [2m/posts/tag/Oroel/index.html[22m [2m(+54ms)[22m 
[2m19:20:31[22m   [34mÔö£ÔöÇ[39m [2m/posts/tag/Osqueta/index.html[22m [2m(+78ms)[22m 
[2m19:20:31[22m   [34mÔö£ÔöÇ[39m [2m/posts/tag/Ossau/index.html[22m [2m(+52ms)[22m 
[2m19:20:31[22m   [34mÔö£ÔöÇ[39m [2m/posts/tag/Oturia/index.html[22m [2m(+53ms)[22m 
[2m19:20:31[22m   [34mÔö£ÔöÇ[39m [2m/posts/tag/Pacino/index.html[22m [2m(+53ms)[22m 
[2m19:20:32[22m   [34mÔö£ÔöÇ[39m [2m/posts/tag/Pazino/index.html[22m [2m(+56ms)[22m 
[2m19:20:32[22m   [34mÔö£ÔöÇ[39m [2m/posts/tag/Pelop├¡n/index.html[22m [2m(+55ms)[22m 
[2m19:20:32[22m   [34mÔö£ÔöÇ[39m [2m/posts/tag/Petrechema/index.html[22m [2m(+55ms)[22m 
[2m19:20:32[22m   [34mÔö£ÔöÇ[39m [2m/posts/tag/Peyreget/index.html[22m [2m(+54ms)[22m 
[2m19:20:32[22m   [34mÔö£ÔöÇ[39m [2m/posts/tag/Pirineo/index.html[22m [2m(+53ms)[22m 
[2m19:20:32[22m   [34mÔö£ÔöÇ[39m [2m/posts/tag/Portalet/index.html[22m [2m(+54ms)[22m 
[2m19:20:32[22m   [34mÔö£ÔöÇ[39m [2m/posts/tag/Primavera/index.html[22m [2m(+53ms)[22m 
[2m19:20:32[22m   [34mÔö£ÔöÇ[39m [2m/posts/tag/Promocional/index.html[22m [2m(+51ms)[22m 
[2m19:20:32[22m   [34mÔö£ÔöÇ[39m [2m/posts/tag/RSS/index.html[22m [2m(+52ms)[22m 
[2m19:20:32[22m   [34mÔö£ÔöÇ[39m [2m/posts/tag/Reinebringen/index.html[22m [2m(+53ms)[22m 
[2m19:20:32[22m   [34mÔö£ÔöÇ[39m [2m/posts/tag/Ribagorza/index.html[22m [2m(+54ms)[22m 
[2m19:20:32[22m   [34mÔö£ÔöÇ[39m [2m/posts/tag/Russell/index.html[22m [2m(+54ms)[22m 
[2m19:20:32[22m   [34mÔö£ÔöÇ[39m [2m/posts/tag/Santa Eulalia de G├íllego/index.html[22m [2m(+53ms)[22m 
[2m19:20:32[22m   [34mÔö£ÔöÇ[39m [2m/posts/tag/Santolaria/index.html[22m [2m(+51ms)[22m 
[2m19:20:32[22m   [34mÔö£ÔöÇ[39m [2m/posts/tag/Saras├®/index.html[22m [2m(+53ms)[22m 
[2m19:20:32[22m   [34mÔö£ÔöÇ[39m [2m/posts/tag/Silverton/index.html[22m [2m(+55ms)[22m 
[2m19:20:32[22m   [34mÔö£ÔöÇ[39m [2m/posts/tag/Skaftafellsj├Âkull/index.html[22m [2m(+58ms)[22m 
[2m19:20:32[22m   [34mÔö£ÔöÇ[39m [2m/posts/tag/Sorrosal/index.html[22m [2m(+64ms)[22m 
[2m19:20:32[22m   [34mÔö£ÔöÇ[39m [2m/posts/tag/Storvannet/index.html[22m [2m(+54ms)[22m 
[2m19:20:33[22m   [34mÔö£ÔöÇ[39m [2m/posts/tag/Str├Âna/index.html[22m [2m(+53ms)[22m 
[2m19:20:33[22m   [34mÔö£ÔöÇ[39m [2m/posts/tag/Svarttinden/index.html[22m [2m(+55ms)[22m 
[2m19:20:33[22m   [34mÔö£ÔöÇ[39m [2m/posts/tag/Sv├¡nafellsj├Âkul/index.html[22m [2m(+52ms)[22m 
[2m19:20:33[22m   [34mÔö£ÔöÇ[39m [2m/posts/tag/Teruel/index.html[22m [2m(+52ms)[22m 
[2m19:20:33[22m   [34mÔö£ÔöÇ[39m [2m/posts/tag/Tesorero/index.html[22m [2m(+51ms)[22m 
[2m19:20:33[22m   [34mÔö£ÔöÇ[39m [2m/posts/tag/Tiacuto/index.html[22m [2m(+51ms)[22m 
[2m19:20:33[22m   [34mÔö£ÔöÇ[39m [2m/posts/tag/Tormos/index.html[22m [2m(+54ms)[22m 
[2m19:20:33[22m   [34mÔö£ÔöÇ[39m [2m/posts/tag/Tozal de las Comas/index.html[22m [2m(+54ms)[22m 
[2m19:20:33[22m   [34mÔö£ÔöÇ[39m [2m/posts/tag/Uncategorized/index.html[22m [2m(+62ms)[22m 
[2m19:20:33[22m   [34mÔö£ÔöÇ[39m [2m/posts/tag/Urkiola/index.html[22m [2m(+78ms)[22m 
[2m19:20:33[22m   [34mÔö£ÔöÇ[39m [2m/posts/tag/Urkiolaguirre/index.html[22m [2m(+54ms)[22m 
[2m19:20:33[22m   [34mÔö£ÔöÇ[39m [2m/posts/tag/Urkiolamendi/index.html[22m [2m(+53ms)[22m 
[2m19:20:33[22m   [34mÔö£ÔöÇ[39m [2m/posts/tag/Utah/index.html[22m [2m(+53ms)[22m 
[2m19:20:33[22m   [34mÔö£ÔöÇ[39m [2m/posts/tag/Vadiello/index.html[22m [2m(+52ms)[22m 
[2m19:20:33[22m   [34mÔö£ÔöÇ[39m [2m/posts/tag/Valde├│n/index.html[22m [2m(+52ms)[22m 
[2m19:20:33[22m   [34mÔö£ÔöÇ[39m [2m/posts/tag/Vallibierna/index.html[22m [2m(+52ms)[22m 
[2m19:20:33[22m   [34mÔö£ÔöÇ[39m [2m/posts/tag/Videos/index.html[22m [2m(+54ms)[22m 
[2m19:20:33[22m   [34mÔö£ÔöÇ[39m [2m/posts/tag/Vignemale/index.html[22m [2m(+53ms)[22m 
[2m19:20:34[22m   [34mÔö£ÔöÇ[39m [2m/posts/tag/Xanas/index.html[22m [2m(+54ms)[22m 
[2m19:20:34[22m   [34mÔö£ÔöÇ[39m [2m/posts/tag/Yenefrito/index.html[22m [2m(+52ms)[22m 
[2m19:20:34[22m   [34mÔö£ÔöÇ[39m [2m/posts/tag/acceso_invernal/index.html[22m [2m(+52ms)[22m 
[2m19:20:34[22m   [34mÔö£ÔöÇ[39m [2m/posts/tag/aiguille_du_tour/index.html[22m [2m(+52ms)[22m 
[2m19:20:34[22m   [34mÔö£ÔöÇ[39m [2m/posts/tag/aig├╝eta_de_barbaruens/index.html[22m [2m(+56ms)[22m 
[2m19:20:34[22m   [34mÔö£ÔöÇ[39m [2m/posts/tag/ainsa/index.html[22m [2m(+57ms)[22m 
[2m19:20:34[22m   [34mÔö£ÔöÇ[39m [2m/posts/tag/alba/index.html[22m [2m(+53ms)[22m 
[2m19:20:34[22m   [34mÔö£ÔöÇ[39m [2m/posts/tag/alpes/index.html[22m [2m(+55ms)[22m 
[2m19:20:34[22m   [34mÔö£ÔöÇ[39m [2m/posts/tag/alquezar/index.html[22m [2m(+52ms)[22m 
[2m19:20:34[22m   [34mÔö£ÔöÇ[39m [2m/posts/tag/alqu├®zar/index.html[22m [2m(+55ms)[22m 
[2m19:20:34[22m   [34mÔö£ÔöÇ[39m [2m/posts/tag/alta_ruta/index.html[22m [2m(+51ms)[22m 
[2m19:20:34[22m   [34mÔö£ÔöÇ[39m [2m/posts/tag/altos_pirineos/index.html[22m [2m(+54ms)[22m 
[2m19:20:34[22m   [34mÔö£ÔöÇ[39m [2m/posts/tag/alud/index.html[22m [2m(+52ms)[22m 
[2m19:20:34[22m   [34mÔö£ÔöÇ[39m [2m/posts/tag/aludes/index.html[22m [2m(+54ms)[22m 
[2m19:20:34[22m   [34mÔö£ÔöÇ[39m [2m/posts/tag/alurte/index.html[22m [2m(+52ms)[22m 
[2m19:20:34[22m   [34mÔö£ÔöÇ[39m [2m/posts/tag/amaiur/index.html[22m [2m(+53ms)[22m 
[2m19:20:34[22m   [34mÔö£ÔöÇ[39m [2m/posts/tag/andorra/index.html[22m [2m(+60ms)[22m 
[2m19:20:34[22m   [34mÔö£ÔöÇ[39m [2m/posts/tag/antiestr├®s/index.html[22m [2m(+58ms)[22m 
[2m19:20:34[22m   [34mÔö£ÔöÇ[39m [2m/posts/tag/argatin/index.html[22m [2m(+56ms)[22m 
[2m19:20:35[22m   [34mÔö£ÔöÇ[39m [2m/posts/tag/arrious/index.html[22m [2m(+55ms)[22m 
[2m19:20:35[22m   [34mÔö£ÔöÇ[39m [2m/posts/tag/arroyeras/index.html[22m [2m(+56ms)[22m 
[2m19:20:35[22m   [34mÔö£ÔöÇ[39m [2m/posts/tag/arroyetas/index.html[22m [2m(+53ms)[22m 
[2m19:20:35[22m   [34mÔö£ÔöÇ[39m [2m/posts/tag/arva/index.html[22m [2m(+81ms)[22m 
[2m19:20:35[22m   [34mÔö£ÔöÇ[39m [2m/posts/tag/ascensiones/index.html[22m [2m(+58ms)[22m 
[2m19:20:35[22m   [34mÔö£ÔöÇ[39m [2m/posts/tag/aspe/index.html[22m [2m(+54ms)[22m 
[2m19:20:35[22m   [34mÔö£ÔöÇ[39m [2m/posts/tag/astun/index.html[22m [2m(+53ms)[22m 
[2m19:20:35[22m   [34mÔö£ÔöÇ[39m [2m/posts/tag/ates/index.html[22m [2m(+53ms)[22m 
[2m19:20:35[22m   [34mÔö£ÔöÇ[39m [2m/posts/tag/atlas/index.html[22m [2m(+60ms)[22m 
[2m19:20:35[22m   [34mÔö£ÔöÇ[39m [2m/posts/tag/avalanchas/index.html[22m [2m(+60ms)[22m 
[2m19:20:35[22m   [34mÔö£ÔöÇ[39m [2m/posts/tag/avioneta/index.html[22m [2m(+58ms)[22m 
[2m19:20:35[22m   [34mÔö£ÔöÇ[39m [2m/posts/tag/ayerbe/index.html[22m [2m(+56ms)[22m 
[2m19:20:35[22m   [34mÔö£ÔöÇ[39m [2m/posts/tag/bacias/index.html[22m [2m(+52ms)[22m 
[2m19:20:35[22m   [34mÔö£ÔöÇ[39m [2m/posts/tag/balces/index.html[22m [2m(+54ms)[22m 
[2m19:20:35[22m   [34mÔö£ÔöÇ[39m [2m/posts/tag/balneario_de_panticosa/index.html[22m [2m(+57ms)[22m 
[2m19:20:35[22m   [34mÔö£ÔöÇ[39m [2m/posts/tag/balsera/index.html[22m [2m(+51ms)[22m 
[2m19:20:35[22m   [34mÔö£ÔöÇ[39m [2m/posts/tag/baqueira/index.html[22m [2m(+53ms)[22m 
[2m19:20:36[22m   [34mÔö£ÔöÇ[39m [2m/posts/tag/bara/index.html[22m [2m(+51ms)[22m 
[2m19:20:36[22m   [34mÔö£ÔöÇ[39m [2m/posts/tag/barbaruens/index.html[22m [2m(+52ms)[22m 
[2m19:20:36[22m   [34mÔö£ÔöÇ[39m [2m/posts/tag/barrancos/index.html[22m [2m(+55ms)[22m 
[2m19:20:36[22m   [34mÔö£ÔöÇ[39m [2m/posts/tag/barrasil/index.html[22m [2m(+51ms)[22m 
[2m19:20:36[22m   [34mÔö£ÔöÇ[39m [2m/posts/tag/barrosa/index.html[22m [2m(+52ms)[22m 
[2m19:20:36[22m   [34mÔö£ÔöÇ[39m [2m/posts/tag/basa_de_la_mora/index.html[22m [2m(+51ms)[22m 
[2m19:20:36[22m   [34mÔö£ÔöÇ[39m [2m/posts/tag/beciver/index.html[22m [2m(+53ms)[22m 
[2m19:20:36[22m   [34mÔö£ÔöÇ[39m [2m/posts/tag/bedous/index.html[22m [2m(+52ms)[22m 
[2m19:20:36[22m   [34mÔö£ÔöÇ[39m [2m/posts/tag/bejenado/index.html[22m [2m(+53ms)[22m 
[2m19:20:36[22m   [34mÔö£ÔöÇ[39m [2m/posts/tag/beret/index.html[22m [2m(+53ms)[22m 
[2m19:20:36[22m   [34mÔö£ÔöÇ[39m [2m/posts/tag/bergua/index.html[22m [2m(+52ms)[22m 
[2m19:20:36[22m   [34mÔö£ÔöÇ[39m [2m/posts/tag/bernera/index.html[22m [2m(+53ms)[22m 
[2m19:20:36[22m   [34mÔö£ÔöÇ[39m [2m/posts/tag/bhojbasa/index.html[22m [2m(+55ms)[22m 
[2m19:20:36[22m   [34mÔö£ÔöÇ[39m [2m/posts/tag/biel/index.html[22m [2m(+54ms)[22m 
[2m19:20:36[22m   [34mÔö£ÔöÇ[39m [2m/posts/tag/bious_artigues/index.html[22m [2m(+54ms)[22m 
[2m19:20:36[22m   [34mÔö£ÔöÇ[39m [2m/posts/tag/boda/index.html[22m [2m(+55ms)[22m 
[2m19:20:36[22m   [34mÔö£ÔöÇ[39m [2m/posts/tag/brest/index.html[22m [2m(+80ms)[22m 
[2m19:20:36[22m   [34mÔö£ÔöÇ[39m [2m/posts/tag/btt/index.html[22m [2m(+59ms)[22m 
[2m19:20:37[22m   [34mÔö£ÔöÇ[39m [2m/posts/tag/buitres/index.html[22m [2m(+57ms)[22m 
[2m19:20:37[22m   [34mÔö£ÔöÇ[39m [2m/posts/tag/burcq/index.html[22m [2m(+54ms)[22m 
[2m19:20:37[22m   [34mÔö£ÔöÇ[39m [2m/posts/tag/cabo_norte/index.html[22m [2m(+54ms)[22m 
[2m19:20:37[22m   [34mÔö£ÔöÇ[39m [2m/posts/tag/cala_del_mol├¡/index.html[22m [2m(+54ms)[22m 
[2m19:20:37[22m   [34mÔö£ÔöÇ[39m [2m/posts/tag/canfranc/index.html[22m [2m(+54ms)[22m 
[2m19:20:37[22m   [34mÔö£ÔöÇ[39m [2m/posts/tag/cantabria/index.html[22m [2m(+54ms)[22m 
[2m19:20:37[22m   [34mÔö£ÔöÇ[39m [2m/posts/tag/carros_de_foc/index.html[22m [2m(+56ms)[22m 
[2m19:20:37[22m   [34mÔö£ÔöÇ[39m [2m/posts/tag/cartograf├¡a/index.html[22m [2m(+53ms)[22m 
[2m19:20:37[22m   [34mÔö£ÔöÇ[39m [2m/posts/tag/casamanya/index.html[22m [2m(+53ms)[22m 
[2m19:20:37[22m   [34mÔö£ÔöÇ[39m [2m/posts/tag/castanesa/index.html[22m [2m(+55ms)[22m 
[2m19:20:37[22m   [34mÔö£ÔöÇ[39m [2m/posts/tag/casterau/index.html[22m [2m(+53ms)[22m 
[2m19:20:37[22m   [34mÔö£ÔöÇ[39m [2m/posts/tag/castillo/index.html[22m [2m(+53ms)[22m 
[2m19:20:37[22m   [34mÔö£ÔöÇ[39m [2m/posts/tag/cebollar/index.html[22m [2m(+56ms)[22m 
[2m19:20:37[22m   [34mÔö£ÔöÇ[39m [2m/posts/tag/cerler/index.html[22m [2m(+53ms)[22m 
[2m19:20:37[22m   [34mÔö£ÔöÇ[39m [2m/posts/tag/chamonix/index.html[22m [2m(+54ms)[22m 
[2m19:20:37[22m   [34mÔö£ÔöÇ[39m [2m/posts/tag/chamonix-zermatt/index.html[22m [2m(+54ms)[22m 
[2m19:20:37[22m   [34mÔö£ÔöÇ[39m [2m/posts/tag/cicloalpinismo/index.html[22m [2m(+57ms)[22m 
[2m19:20:37[22m   [34mÔö£ÔöÇ[39m [2m/posts/tag/cicloturismo/index.html[22m [2m(+59ms)[22m 
[2m19:20:37[22m   [34mÔö£ÔöÇ[39m [2m/posts/tag/collarada/index.html[22m [2m(+53ms)[22m 
[2m19:20:38[22m   [34mÔö£ÔöÇ[39m [2m/posts/tag/colorado_trail/index.html[22m [2m(+54ms)[22m 
[2m19:20:38[22m   [34mÔö£ÔöÇ[39m [2m/posts/tag/confinamiento/index.html[22m [2m(+54ms)[22m 
[2m19:20:38[22m   [34mÔö£ÔöÇ[39m [2m/posts/tag/consaterre/index.html[22m [2m(+54ms)[22m 
[2m19:20:38[22m   [34mÔö£ÔöÇ[39m [2m/posts/tag/coronas/index.html[22m [2m(+53ms)[22m 
[2m19:20:38[22m   [34mÔö£ÔöÇ[39m [2m/posts/tag/coronavirus/index.html[22m [2m(+56ms)[22m 
[2m19:20:38[22m   [34mÔö£ÔöÇ[39m [2m/posts/tag/crestas/index.html[22m [2m(+54ms)[22m 
[2m19:20:38[22m   [34mÔö£ÔöÇ[39m [2m/posts/tag/culebres/index.html[22m [2m(+79ms)[22m 
[2m19:20:38[22m   [34mÔö£ÔöÇ[39m [2m/posts/tag/culibillas/index.html[22m [2m(+57ms)[22m 
[2m19:20:38[22m   [34mÔö£ÔöÇ[39m [2m/posts/tag/c├ípsulas/index.html[22m [2m(+58ms)[22m 
[2m19:20:38[22m   [34mÔö£ÔöÇ[39m [2m/posts/tag/delhi/index.html[22m [2m(+61ms)[22m 
[2m19:20:38[22m   [34mÔö£ÔöÇ[39m [2m/posts/tag/desfiladero/index.html[22m [2m(+55ms)[22m 
[2m19:20:38[22m   [34mÔö£ÔöÇ[39m [2m/posts/tag/diamond_beach/index.html[22m [2m(+57ms)[22m 
[2m19:20:38[22m   [34mÔö£ÔöÇ[39m [2m/posts/tag/dientes_de_batanes/index.html[22m [2m(+54ms)[22m 
[2m19:20:38[22m   [34mÔö£ÔöÇ[39m [2m/posts/tag/dolomitas/index.html[22m [2m(+54ms)[22m 
[2m19:20:38[22m   [34mÔö£ÔöÇ[39m [2m/posts/tag/downhill/index.html[22m [2m(+55ms)[22m 
[2m19:20:38[22m   [34mÔö£ÔöÇ[39m [2m/posts/tag/dron/index.html[22m [2m(+52ms)[22m 
[2m19:20:38[22m   [34mÔö£ÔöÇ[39m [2m/posts/tag/durango/index.html[22m [2m(+51ms)[22m 
[2m19:20:39[22m   [34mÔö£ÔöÇ[39m [2m/posts/tag/dva/index.html[22m [2m(+53ms)[22m 
[2m19:20:39[22m   [34mÔö£ÔöÇ[39m [2m/posts/tag/dyrh├│laey/index.html[22m [2m(+55ms)[22m 
[2m19:20:39[22m   [34mÔö£ÔöÇ[39m [2m/posts/tag/e-bike/index.html[22m [2m(+58ms)[22m 
[2m19:20:39[22m   [34mÔö£ÔöÇ[39m [2m/posts/tag/eguzkilore/index.html[22m [2m(+59ms)[22m 
[2m19:20:39[22m   [34mÔö£ÔöÇ[39m [2m/posts/tag/el_castell/index.html[22m [2m(+53ms)[22m 
[2m19:20:39[22m   [34mÔö£ÔöÇ[39m [2m/posts/tag/emma_roca/index.html[22m [2m(+54ms)[22m 
[2m19:20:39[22m   [34mÔö£ÔöÇ[39m [2m/posts/tag/enduro/index.html[22m [2m(+65ms)[22m 
[2m19:20:39[22m   [34mÔö£ÔöÇ[39m [2m/posts/tag/escalada/index.html[22m [2m(+59ms)[22m 
[2m19:20:39[22m   [34mÔö£ÔöÇ[39m [2m/posts/tag/escuer/index.html[22m [2m(+55ms)[22m 
[2m19:20:39[22m   [34mÔö£ÔöÇ[39m [2m/posts/tag/espelunciecha/index.html[22m [2m(+52ms)[22m 
[2m19:20:39[22m   [34mÔö£ÔöÇ[39m [2m/posts/tag/espolon_edu/index.html[22m [2m(+53ms)[22m 
[2m19:20:39[22m   [34mÔö£ÔöÇ[39m [2m/posts/tag/estibafreda/index.html[22m [2m(+51ms)[22m 
[2m19:20:39[22m   [34mÔö£ÔöÇ[39m [2m/posts/tag/est├│s/index.html[22m [2m(+51ms)[22m 
[2m19:20:39[22m   [34mÔö£ÔöÇ[39m [2m/posts/tag/everest/index.html[22m [2m(+54ms)[22m 
[2m19:20:39[22m   [34mÔö£ÔöÇ[39m [2m/posts/tag/fajalata/index.html[22m [2m(+54ms)[22m 
[2m19:20:39[22m   [34mÔö£ÔöÇ[39m [2m/posts/tag/fat bike/index.html[22m [2m(+53ms)[22m 
[2m19:20:39[22m   [34mÔö£ÔöÇ[39m [2m/posts/tag/fatbike/index.html[22m [2m(+56ms)[22m 
[2m19:20:39[22m   [34mÔö£ÔöÇ[39m [2m/posts/tag/fatpinismo/index.html[22m [2m(+52ms)[22m 
[2m19:20:39[22m   [34mÔö£ÔöÇ[39m [2m/posts/tag/ferratas/index.html[22m [2m(+52ms)[22m 
[2m19:20:40[22m   [34mÔö£ÔöÇ[39m [2m/posts/tag/font_blanca/index.html[22m [2m(+53ms)[22m 
[2m19:20:40[22m   [34mÔö£ÔöÇ[39m [2m/posts/tag/forcos/index.html[22m [2m(+78ms)[22m 
[2m19:20:40[22m   [34mÔö£ÔöÇ[39m [2m/posts/tag/forges_d_abel/index.html[22m [2m(+53ms)[22m 
[2m19:20:40[22m   [34mÔö£ÔöÇ[39m [2m/posts/tag/formiga/index.html[22m [2m(+53ms)[22m 
[2m19:20:40[22m   [34mÔö£ÔöÇ[39m [2m/posts/tag/formigal/index.html[22m [2m(+54ms)[22m 
[2m19:20:40[22m   [34mÔö£ÔöÇ[39m [2m/posts/tag/francia/index.html[22m [2m(+53ms)[22m 
[2m19:20:40[22m   [34mÔö£ÔöÇ[39m [2m/posts/tag/funambulismo/index.html[22m [2m(+56ms)[22m 
[2m19:20:40[22m   [34mÔö£ÔöÇ[39m [2m/posts/tag/furco/index.html[22m [2m(+52ms)[22m 
[2m19:20:40[22m   [34mÔö£ÔöÇ[39m [2m/posts/tag/ganges/index.html[22m [2m(+51ms)[22m 
[2m19:20:40[22m   [34mÔö£ÔöÇ[39m [2m/posts/tag/gangotri/index.html[22m [2m(+54ms)[22m 
[2m19:20:40[22m   [34mÔö£ÔöÇ[39m [2m/posts/tag/garmo_del_pico/index.html[22m [2m(+51ms)[22m 
[2m19:20:40[22m   [34mÔö£ÔöÇ[39m [2m/posts/tag/garmo_negro/index.html[22m [2m(+55ms)[22m 
[2m19:20:40[22m   [34mÔö£ÔöÇ[39m [2m/posts/tag/gaumukh/index.html[22m [2m(+52ms)[22m 
[2m19:20:40[22m   [34mÔö£ÔöÇ[39m [2m/posts/tag/gavarnie/index.html[22m [2m(+53ms)[22m 
[2m19:20:40[22m   [34mÔö£ÔöÇ[39m [2m/posts/tag/geocaching/index.html[22m [2m(+53ms)[22m 
[2m19:20:40[22m   [34mÔö£ÔöÇ[39m [2m/posts/tag/geysir/index.html[22m [2m(+51ms)[22m 
[2m19:20:40[22m   [34mÔö£ÔöÇ[39m [2m/posts/tag/girona/index.html[22m [2m(+51ms)[22m 
[2m19:20:40[22m   [34mÔö£ÔöÇ[39m [2m/posts/tag/globeros/index.html[22m [2m(+54ms)[22m 
[2m19:20:41[22m   [34mÔö£ÔöÇ[39m [2m/posts/tag/gorgonchon/index.html[22m [2m(+51ms)[22m 
[2m19:20:41[22m   [34mÔö£ÔöÇ[39m [2m/posts/tag/gourette/index.html[22m [2m(+53ms)[22m 
[2m19:20:41[22m   [34mÔö£ÔöÇ[39m [2m/posts/tag/gps/index.html[22m [2m(+53ms)[22m 
[2m19:20:41[22m   [34mÔö£ÔöÇ[39m [2m/posts/tag/gran_paradiso/index.html[22m [2m(+52ms)[22m 
[2m19:20:41[22m   [34mÔö£ÔöÇ[39m [2m/posts/tag/grand_canyon/index.html[22m [2m(+53ms)[22m 
[2m19:20:41[22m   [34mÔö£ÔöÇ[39m [2m/posts/tag/grand_combin/index.html[22m [2m(+55ms)[22m 
[2m19:20:41[22m   [34mÔö£ÔöÇ[39m [2m/posts/tag/grindelwald/index.html[22m [2m(+52ms)[22m 
[2m19:20:41[22m   [34mÔö£ÔöÇ[39m [2m/posts/tag/grosses-fiescherhorn/index.html[22m [2m(+59ms)[22m 
[2m19:20:41[22m   [34mÔö£ÔöÇ[39m [2m/posts/tag/guadarrama/index.html[22m [2m(+60ms)[22m 
[2m19:20:41[22m   [34mÔö£ÔöÇ[39m [2m/posts/tag/guardabarros/index.html[22m [2m(+56ms)[22m 
[2m19:20:41[22m   [34mÔö£ÔöÇ[39m [2m/posts/tag/half_dome/index.html[22m [2m(+51ms)[22m 
[2m19:20:41[22m   [34mÔö£ÔöÇ[39m [2m/posts/tag/haute_route/index.html[22m [2m(+57ms)[22m 
[2m19:20:41[22m   [34mÔö£ÔöÇ[39m [2m/posts/tag/himalaya/index.html[22m [2m(+53ms)[22m 
[2m19:20:41[22m   [34mÔö£ÔöÇ[39m [2m/posts/tag/himalaya indio/index.html[22m [2m(+80ms)[22m 
[2m19:20:41[22m   [34mÔö£ÔöÇ[39m [2m/posts/tag/hitler/index.html[22m [2m(+55ms)[22m 
[2m19:20:41[22m   [34mÔö£ÔöÇ[39m [2m/posts/tag/humor/index.html[22m [2m(+55ms)[22m 
[2m19:20:41[22m   [34mÔö£ÔöÇ[39m [2m/posts/tag/iceland/index.html[22m [2m(+54ms)[22m 
[2m19:20:41[22m   [34mÔö£ÔöÇ[39m [2m/posts/tag/ilusi├│n/index.html[22m [2m(+54ms)[22m 
[2m19:20:42[22m   [34mÔö£ÔöÇ[39m [2m/posts/tag/inclinaci├│n/index.html[22m [2m(+58ms)[22m 
[2m19:20:42[22m   [34mÔö£ÔöÇ[39m [2m/posts/tag/india/index.html[22m [2m(+56ms)[22m 
[2m19:20:42[22m   [34mÔö£ÔöÇ[39m [2m/posts/tag/infierno/index.html[22m [2m(+54ms)[22m 
[2m19:20:42[22m   [34mÔö£ÔöÇ[39m [2m/posts/tag/ironman/index.html[22m [2m(+55ms)[22m 
[2m19:20:42[22m   [34mÔö£ÔöÇ[39m [2m/posts/tag/iserias/index.html[22m [2m(+54ms)[22m 
[2m19:20:42[22m   [34mÔö£ÔöÇ[39m [2m/posts/tag/islandia/index.html[22m [2m(+57ms)[22m 
[2m19:20:42[22m   [34mÔö£ÔöÇ[39m [2m/posts/tag/kaibab_trail/index.html[22m [2m(+52ms)[22m 
[2m19:20:42[22m   [34mÔö£ÔöÇ[39m [2m/posts/tag/kilian_jornet/index.html[22m [2m(+53ms)[22m 
[2m19:20:42[22m   [34mÔö£ÔöÇ[39m [2m/posts/tag/la_cristallere/index.html[22m [2m(+54ms)[22m 
[2m19:20:42[22m   [34mÔö£ÔöÇ[39m [2m/posts/tag/la_loire_a_velo/index.html[22m [2m(+54ms)[22m 
[2m19:20:42[22m   [34mÔö£ÔöÇ[39m [2m/posts/tag/la_palma/index.html[22m [2m(+58ms)[22m 
[2m19:20:42[22m   [34mÔö£ÔöÇ[39m [2m/posts/tag/la_partacua/index.html[22m [2m(+58ms)[22m 
[2m19:20:42[22m   [34mÔö£ÔöÇ[39m [2m/posts/tag/la_raca/index.html[22m [2m(+54ms)[22m 
[2m19:20:42[22m   [34mÔö£ÔöÇ[39m [2m/posts/tag/lanuza/index.html[22m [2m(+62ms)[22m 
[2m19:20:42[22m   [34mÔö£ÔöÇ[39m [2m/posts/tag/laponia/index.html[22m [2m(+55ms)[22m 
[2m19:20:42[22m   [34mÔö£ÔöÇ[39m [2m/posts/tag/larry/index.html[22m [2m(+51ms)[22m 
[2m19:20:42[22m   [34mÔö£ÔöÇ[39m [2m/posts/tag/las_gloces/index.html[22m [2m(+52ms)[22m 
[2m19:20:42[22m   [34mÔö£ÔöÇ[39m [2m/posts/tag/lausanne/index.html[22m [2m(+53ms)[22m 
[2m19:20:43[22m   [34mÔö£ÔöÇ[39m [2m/posts/tag/leurtza/index.html[22m [2m(+51ms)[22m 
[2m19:20:43[22m   [34mÔö£ÔöÇ[39m [2m/posts/tag/leyendas/index.html[22m [2m(+53ms)[22m 
[2m19:20:43[22m   [34mÔö£ÔöÇ[39m [2m/posts/tag/loarre/index.html[22m [2m(+53ms)[22m 
[2m19:20:43[22m   [34mÔö£ÔöÇ[39m [2m/posts/tag/louvie-juzon/index.html[22m [2m(+52ms)[22m 
[2m19:20:43[22m   [34mÔö£ÔöÇ[39m [2m/posts/tag/lumos/index.html[22m [2m(+78ms)[22m 
[2m19:20:43[22m   [34mÔö£ÔöÇ[39m [2m/posts/tag/luzia/index.html[22m [2m(+54ms)[22m 
[2m19:20:43[22m   [34mÔö£ÔöÇ[39m [2m/posts/tag/madonna_di_campiglio/index.html[22m [2m(+53ms)[22m 
[2m19:20:43[22m   [34mÔö£ÔöÇ[39m [2m/posts/tag/madrid/index.html[22m [2m(+56ms)[22m 
[2m19:20:43[22m   [34mÔö£ÔöÇ[39m [2m/posts/tag/maladeta/index.html[22m [2m(+52ms)[22m 
[2m19:20:43[22m   [34mÔö£ÔöÇ[39m [2m/posts/tag/maladetas/index.html[22m [2m(+51ms)[22m 
[2m19:20:43[22m   [34mÔö£ÔöÇ[39m [2m/posts/tag/mall_pintrat/index.html[22m [2m(+52ms)[22m 
[2m19:20:43[22m   [34mÔö£ÔöÇ[39m [2m/posts/tag/mandilar/index.html[22m [2m(+52ms)[22m 
[2m19:20:43[22m   [34mÔö£ÔöÇ[39m [2m/posts/tag/maraton_de_monegros/index.html[22m [2m(+57ms)[22m 
[2m19:20:43[22m   [34mÔö£ÔöÇ[39m [2m/posts/tag/marbor├®/index.html[22m [2m(+57ms)[22m 
[2m19:20:43[22m   [34mÔö£ÔöÇ[39m [2m/posts/tag/mediano/index.html[22m [2m(+52ms)[22m 
[2m19:20:43[22m   [34mÔö£ÔöÇ[39m [2m/posts/tag/meteo/index.html[22m [2m(+52ms)[22m 
[2m19:20:43[22m   [34mÔö£ÔöÇ[39m [2m/posts/tag/midi_d_ossau/index.html[22m [2m(+53ms)[22m 
[2m19:20:43[22m   [34mÔö£ÔöÇ[39m [2m/posts/tag/midi_de_bigorre/index.html[22m [2m(+53ms)[22m 
[2m19:20:43[22m   [34mÔö£ÔöÇ[39m [2m/posts/tag/mirabal/index.html[22m [2m(+51ms)[22m 
[2m19:20:44[22m   [34mÔö£ÔöÇ[39m [2m/posts/tag/mittelland_route/index.html[22m [2m(+53ms)[22m 
[2m19:20:44[22m   [34mÔö£ÔöÇ[39m [2m/posts/tag/montblanc/index.html[22m [2m(+51ms)[22m 
[2m19:20:44[22m   [34mÔö£ÔöÇ[39m [2m/posts/tag/monte_paterno/index.html[22m [2m(+53ms)[22m 
[2m19:20:44[22m   [34mÔö£ÔöÇ[39m [2m/posts/tag/montearagon/index.html[22m [2m(+53ms)[22m 
[2m19:20:44[22m   [34mÔö£ÔöÇ[39m [2m/posts/tag/montfalc├│/index.html[22m [2m(+51ms)[22m 
[2m19:20:44[22m   [34mÔö£ÔöÇ[39m [2m/posts/tag/montrebei/index.html[22m [2m(+52ms)[22m 
[2m19:20:44[22m   [34mÔö£ÔöÇ[39m [2m/posts/tag/muladar/index.html[22m [2m(+54ms)[22m 
[2m19:20:44[22m   [34mÔö£ÔöÇ[39m [2m/posts/tag/musales/index.html[22m [2m(+55ms)[22m 
[2m19:20:44[22m   [34mÔö£ÔöÇ[39m [2m/posts/tag/ni├▒os/index.html[22m [2m(+55ms)[22m 
[2m19:20:44[22m   [34mÔö£ÔöÇ[39m [2m/posts/tag/nocito/index.html[22m [2m(+53ms)[22m 
[2m19:20:44[22m   [34mÔö£ÔöÇ[39m [2m/posts/tag/norway/index.html[22m [2m(+52ms)[22m 
[2m19:20:44[22m   [34mÔö£ÔöÇ[39m [2m/posts/tag/obarra/index.html[22m [2m(+53ms)[22m 
[2m19:20:44[22m   [34mÔö£ÔöÇ[39m [2m/posts/tag/oceanogr├ífico/index.html[22m [2m(+80ms)[22m 
[2m19:20:44[22m   [34mÔö£ÔöÇ[39m [2m/posts/tag/optimismo/index.html[22m [2m(+56ms)[22m 
[2m19:20:44[22m   [34mÔö£ÔöÇ[39m [2m/posts/tag/ordesa/index.html[22m [2m(+57ms)[22m 
[2m19:20:44[22m   [34mÔö£ÔöÇ[39m [2m/posts/tag/orientacion/index.html[22m [2m(+53ms)[22m 
[2m19:20:44[22m   [34mÔö£ÔöÇ[39m [2m/posts/tag/os_lucas/index.html[22m [2m(+52ms)[22m 
[2m19:20:44[22m   [34mÔö£ÔöÇ[39m [2m/posts/tag/oto├▒o/index.html[22m [2m(+53ms)[22m 
[2m19:20:45[22m   [34mÔö£ÔöÇ[39m [2m/posts/tag/paderna/index.html[22m [2m(+51ms)[22m 
[2m19:20:45[22m   [34mÔö£ÔöÇ[39m [2m/posts/tag/pantano/index.html[22m [2m(+51ms)[22m 
[2m19:20:45[22m   [34mÔö£ÔöÇ[39m [2m/posts/tag/panticosa/index.html[22m [2m(+56ms)[22m 
[2m19:20:45[22m   [34mÔö£ÔöÇ[39m [2m/posts/tag/paris/index.html[22m [2m(+51ms)[22m 
[2m19:20:45[22m   [34mÔö£ÔöÇ[39m [2m/posts/tag/patascoss/index.html[22m [2m(+52ms)[22m 
[2m19:20:45[22m   [34mÔö£ÔöÇ[39m [2m/posts/tag/pendiente/index.html[22m [2m(+52ms)[22m 
[2m19:20:45[22m   [34mÔö£ÔöÇ[39m [2m/posts/tag/pene_sarriere/index.html[22m [2m(+53ms)[22m 
[2m19:20:45[22m   [34mÔö£ÔöÇ[39m [2m/posts/tag/peonera/index.html[22m [2m(+56ms)[22m 
[2m19:20:45[22m   [34mÔö£ÔöÇ[39m [2m/posts/tag/perdigueret/index.html[22m [2m(+52ms)[22m 
[2m19:20:45[22m   [34mÔö£ÔöÇ[39m [2m/posts/tag/personajes/index.html[22m [2m(+57ms)[22m 
[2m19:20:45[22m   [34mÔö£ÔöÇ[39m [2m/posts/tag/pe├▒a_guara/index.html[22m [2m(+56ms)[22m 
[2m19:20:45[22m   [34mÔö£ÔöÇ[39m [2m/posts/tag/pe├▒a_monta├▒esa/index.html[22m [2m(+55ms)[22m 
[2m19:20:45[22m   [34mÔö£ÔöÇ[39m [2m/posts/tag/pe├▒a_oroel/index.html[22m [2m(+54ms)[22m 
[2m19:20:45[22m   [34mÔö£ÔöÇ[39m [2m/posts/tag/pe├▒a_robla/index.html[22m [2m(+55ms)[22m 
[2m19:20:45[22m   [34mÔö£ÔöÇ[39m [2m/posts/tag/pe├▒a_rueba/index.html[22m [2m(+53ms)[22m 
[2m19:20:45[22m   [34mÔö£ÔöÇ[39m [2m/posts/tag/pe├▒a_sabocos/index.html[22m [2m(+55ms)[22m 
[2m19:20:45[22m   [34mÔö£ÔöÇ[39m [2m/posts/tag/pe├▒a_telera/index.html[22m [2m(+52ms)[22m 
[2m19:20:45[22m   [34mÔö£ÔöÇ[39m [2m/posts/tag/pe├▒arapita/index.html[22m [2m(+54ms)[22m 
[2m19:20:45[22m   [34mÔö£ÔöÇ[39m [2m/posts/tag/pico_del_verde/index.html[22m [2m(+55ms)[22m 
[2m19:20:46[22m   [34mÔö£ÔöÇ[39m [2m/posts/tag/picos_de_europa/index.html[22m [2m(+55ms)[22m 
[2m19:20:46[22m   [34mÔö£ÔöÇ[39m [2m/posts/tag/pimene/index.html[22m [2m(+55ms)[22m 
[2m19:20:46[22m   [34mÔö£ÔöÇ[39m [2m/posts/tag/pinturas_rupestres/index.html[22m [2m(+84ms)[22m 
[2m19:20:46[22m   [34mÔö£ÔöÇ[39m [2m/posts/tag/playa/index.html[22m [2m(+55ms)[22m 
[2m19:20:46[22m   [34mÔö£ÔöÇ[39m [2m/posts/tag/plazaola/index.html[22m [2m(+54ms)[22m 
[2m19:20:46[22m   [34mÔö£ÔöÇ[39m [2m/posts/tag/porron/index.html[22m [2m(+52ms)[22m 
[2m19:20:46[22m   [34mÔö£ÔöÇ[39m [2m/posts/tag/posets/index.html[22m [2m(+53ms)[22m 
[2m19:20:46[22m   [34mÔö£ÔöÇ[39m [2m/posts/tag/posolobino/index.html[22m [2m(+54ms)[22m 
[2m19:20:46[22m   [34mÔö£ÔöÇ[39m [2m/posts/tag/powder/index.html[22m [2m(+52ms)[22m 
[2m19:20:46[22m   [34mÔö£ÔöÇ[39m [2m/posts/tag/pp30/index.html[22m [2m(+52ms)[22m 
[2m19:20:46[22m   [34mÔö£ÔöÇ[39m [2m/posts/tag/puesta_de_sol/index.html[22m [2m(+52ms)[22m 
[2m19:20:46[22m   [34mÔö£ÔöÇ[39m [2m/posts/tag/pueyo_de_mondicieto/index.html[22m [2m(+53ms)[22m 
[2m19:20:46[22m   [34mÔö£ÔöÇ[39m [2m/posts/tag/punta_cochaldo/index.html[22m [2m(+54ms)[22m 
[2m19:20:46[22m   [34mÔö£ÔöÇ[39m [2m/posts/tag/punta_de_la_cuta/index.html[22m [2m(+53ms)[22m 
[2m19:20:46[22m   [34mÔö£ÔöÇ[39m [2m/posts/tag/punta_espata/index.html[22m [2m(+51ms)[22m 
[2m19:20:46[22m   [34mÔö£ÔöÇ[39m [2m/posts/tag/punta_selva/index.html[22m [2m(+51ms)[22m 
[2m19:20:46[22m   [34mÔö£ÔöÇ[39m [2m/posts/tag/puro_pirineo/index.html[22m [2m(+52ms)[22m 
[2m19:20:46[22m   [34mÔö£ÔöÇ[39m [2m/posts/tag/raid_de_aventura/index.html[22m [2m(+57ms)[22m 
[2m19:20:47[22m   [34mÔö£ÔöÇ[39m [2m/posts/tag/refugios/index.html[22m [2m(+53ms)[22m 
[2m19:20:47[22m   [34mÔö£ÔöÇ[39m [2m/posts/tag/regina/index.html[22m [2m(+51ms)[22m 
[2m19:20:47[22m   [34mÔö£ÔöÇ[39m [2m/posts/tag/reykjavik/index.html[22m [2m(+56ms)[22m 
[2m19:20:47[22m   [34mÔö£ÔöÇ[39m [2m/posts/tag/reynisdrangar/index.html[22m [2m(+52ms)[22m 
[2m19:20:47[22m   [34mÔö£ÔöÇ[39m [2m/posts/tag/riglos/index.html[22m [2m(+53ms)[22m 
[2m19:20:47[22m   [34mÔö£ÔöÇ[39m [2m/posts/tag/rinc├│n_del_cielo/index.html[22m [2m(+54ms)[22m 
[2m19:20:47[22m   [34mÔö£ÔöÇ[39m [2m/posts/tag/rioja/index.html[22m [2m(+54ms)[22m 
[2m19:20:47[22m   [34mÔö£ÔöÇ[39m [2m/posts/tag/rodellar/index.html[22m [2m(+53ms)[22m 
[2m19:20:47[22m   [34mÔö£ÔöÇ[39m [2m/posts/tag/roque_de_los_muchachos/index.html[22m [2m(+51ms)[22m 
[2m19:20:47[22m   [34mÔö£ÔöÇ[39m [2m/posts/tag/roques_de_benet/index.html[22m [2m(+52ms)[22m 
[2m19:20:47[22m   [34mÔö£ÔöÇ[39m [2m/posts/tag/royo/index.html[22m [2m(+52ms)[22m 
[2m19:20:47[22m   [34mÔö£ÔöÇ[39m [2m/posts/tag/rundfjellet/index.html[22m [2m(+53ms)[22m 
[2m19:20:47[22m   [34mÔö£ÔöÇ[39m [2m/posts/tag/sabocos/index.html[22m [2m(+54ms)[22m 
[2m19:20:47[22m   [34mÔö£ÔöÇ[39m [2m/posts/tag/sagette_de_buzy/index.html[22m [2m(+78ms)[22m 
[2m19:20:47[22m   [34mÔö£ÔöÇ[39m [2m/posts/tag/sami/index.html[22m [2m(+53ms)[22m 
[2m19:20:47[22m   [34mÔö£ÔöÇ[39m [2m/posts/tag/san_juan_de_la_pe├▒a/index.html[22m [2m(+53ms)[22m 
[2m19:20:47[22m   [34mÔö£ÔöÇ[39m [2m/posts/tag/sansanet/index.html[22m [2m(+52ms)[22m 
[2m19:20:47[22m   [34mÔö£ÔöÇ[39m [2m/posts/tag/santa_orosia/index.html[22m [2m(+54ms)[22m 
[2m19:20:48[22m   [34mÔö£ÔöÇ[39m [2m/posts/tag/saravillo/index.html[22m [2m(+52ms)[22m 
[2m19:20:48[22m   [34mÔö£ÔöÇ[39m [2m/posts/tag/sarratanas/index.html[22m [2m(+53ms)[22m 
[2m19:20:48[22m   [34mÔö£ÔöÇ[39m [2m/posts/tag/secus/index.html[22m [2m(+51ms)[22m 
[2m19:20:48[22m   [34mÔö£ÔöÇ[39m [2m/posts/tag/seljalandfoss/index.html[22m [2m(+52ms)[22m 
[2m19:20:48[22m   [34mÔö£ÔöÇ[39m [2m/posts/tag/serrera/index.html[22m [2m(+51ms)[22m 
[2m19:20:48[22m   [34mÔö£ÔöÇ[39m [2m/posts/tag/sierra_de_guara/index.html[22m [2m(+57ms)[22m 
[2m19:20:48[22m   [34mÔö£ÔöÇ[39m [2m/posts/tag/sierra_de_santo_domingo/index.html[22m [2m(+53ms)[22m 
[2m19:20:48[22m   [34mÔö£ÔöÇ[39m [2m/posts/tag/sierra_de_sevil/index.html[22m [2m(+53ms)[22m 
[2m19:20:48[22m   [34mÔö£ÔöÇ[39m [2m/posts/tag/sierra_negra/index.html[22m [2m(+53ms)[22m 
[2m19:20:48[22m   [34mÔö£ÔöÇ[39m [2m/posts/tag/skimo/index.html[22m [2m(+55ms)[22m 
[2m19:20:48[22m   [34mÔö£ÔöÇ[39m [2m/posts/tag/skogafoss/index.html[22m [2m(+52ms)[22m 
[2m19:20:48[22m   [34mÔö£ÔöÇ[39m [2m/posts/tag/sobrarbe/index.html[22m [2m(+56ms)[22m 
[2m19:20:48[22m   [34mÔö£ÔöÇ[39m [2m/posts/tag/soloquedalopeor/index.html[22m [2m(+56ms)[22m 
[2m19:20:48[22m   [34mÔö£ÔöÇ[39m [2m/posts/tag/solothurn/index.html[22m [2m(+53ms)[22m 
[2m19:20:48[22m   [34mÔö£ÔöÇ[39m [2m/posts/tag/sotonera/index.html[22m [2m(+51ms)[22m 
[2m19:20:48[22m   [34mÔö£ÔöÇ[39m [2m/posts/tag/store-kvittind/index.html[22m [2m(+53ms)[22m 
[2m19:20:48[22m   [34mÔö£ÔöÇ[39m [2m/posts/tag/strokkur/index.html[22m [2m(+54ms)[22m 
[2m19:20:48[22m   [34mÔö£ÔöÇ[39m [2m/posts/tag/suboda/index.html[22m [2m(+53ms)[22m 
[2m19:20:48[22m   [34mÔö£ÔöÇ[39m [2m/posts/tag/suiza/index.html[22m [2m(+52ms)[22m 
[2m19:20:49[22m   [34mÔö£ÔöÇ[39m [2m/posts/tag/sunset/index.html[22m [2m(+56ms)[22m 
[2m19:20:49[22m   [34mÔö£ÔöÇ[39m [2m/posts/tag/svartifoss/index.html[22m [2m(+54ms)[22m 
[2m19:20:49[22m   [34mÔö£ÔöÇ[39m [2m/posts/tag/taill├│n/index.html[22m [2m(+57ms)[22m 
[2m19:20:49[22m   [34mÔö£ÔöÇ[39m [2m/posts/tag/tajogaite/index.html[22m [2m(+84ms)[22m 
[2m19:20:49[22m   [34mÔö£ÔöÇ[39m [2m/posts/tag/tarma├▒ones/index.html[22m [2m(+54ms)[22m 
[2m19:20:49[22m   [34mÔö£ÔöÇ[39m [2m/posts/tag/tende├▒era/index.html[22m [2m(+55ms)[22m 
[2m19:20:49[22m   [34mÔö£ÔöÇ[39m [2m/posts/tag/tierz/index.html[22m [2m(+54ms)[22m 
[2m19:20:49[22m   [34mÔö£ÔöÇ[39m [2m/posts/tag/timelapse/index.html[22m [2m(+53ms)[22m 
[2m19:20:49[22m   [34mÔö£ÔöÇ[39m [2m/posts/tag/torksmannen/index.html[22m [2m(+53ms)[22m 
[2m19:20:49[22m   [34mÔö£ÔöÇ[39m [2m/posts/tag/tortiellas/index.html[22m [2m(+56ms)[22m 
[2m19:20:49[22m   [34mÔö£ÔöÇ[39m [2m/posts/tag/toubkhal/index.html[22m [2m(+59ms)[22m 
[2m19:20:49[22m   [34mÔö£ÔöÇ[39m [2m/posts/tag/tournelon_blanc/index.html[22m [2m(+56ms)[22m 
[2m19:20:49[22m   [34mÔö£ÔöÇ[39m [2m/posts/tag/tozal_del_bason/index.html[22m [2m(+54ms)[22m 
[2m19:20:49[22m   [34mÔö£ÔöÇ[39m [2m/posts/tag/trail_running/index.html[22m [2m(+61ms)[22m 
[2m19:20:49[22m   [34mÔö£ÔöÇ[39m [2m/posts/tag/transpirenaica/index.html[22m [2m(+54ms)[22m 
[2m19:20:49[22m   [34mÔö£ÔöÇ[39m [2m/posts/tag/tre_cime_di_lavaredo/index.html[22m [2m(+53ms)[22m 
[2m19:20:49[22m   [34mÔö£ÔöÇ[39m [2m/posts/tag/trekking/index.html[22m [2m(+53ms)[22m 
[2m19:20:50[22m   [34mÔö£ÔöÇ[39m [2m/posts/tag/tres_hombres/index.html[22m [2m(+52ms)[22m 
[2m19:20:50[22m   [34mÔö£ÔöÇ[39m [2m/posts/tag/tres_huegas/index.html[22m [2m(+56ms)[22m 
[2m19:20:50[22m   [34mÔö£ÔöÇ[39m [2m/posts/tag/tri-neu/index.html[22m [2m(+53ms)[22m 
[2m19:20:50[22m   [34mÔö£ÔöÇ[39m [2m/posts/tag/trialeras/index.html[22m [2m(+55ms)[22m 
[2m19:20:50[22m   [34mÔö£ÔöÇ[39m [2m/posts/tag/triatlon/index.html[22m [2m(+52ms)[22m 
[2m19:20:50[22m   [34mÔö£ÔöÇ[39m [2m/posts/tag/trollfjord/index.html[22m [2m(+52ms)[22m 
[2m19:20:50[22m   [34mÔö£ÔöÇ[39m [2m/posts/tag/tuca_blanca/index.html[22m [2m(+52ms)[22m 
[2m19:20:50[22m   [34mÔö£ÔöÇ[39m [2m/posts/tag/turbon/index.html[22m [2m(+52ms)[22m 
[2m19:20:50[22m   [34mÔö£ÔöÇ[39m [2m/posts/tag/tutorial/index.html[22m [2m(+54ms)[22m 
[2m19:20:50[22m   [34mÔö£ÔöÇ[39m [2m/posts/tag/tutoriales/index.html[22m [2m(+52ms)[22m 
[2m19:20:50[22m   [34mÔö£ÔöÇ[39m [2m/posts/tag/t├®cnica/index.html[22m [2m(+55ms)[22m 
[2m19:20:50[22m   [34mÔö£ÔöÇ[39m [2m/posts/tag/usa2012/index.html[22m [2m(+81ms)[22m 
[2m19:20:50[22m   [34mÔö£ÔöÇ[39m [2m/posts/tag/uttarakhand/index.html[22m [2m(+56ms)[22m 
[2m19:20:50[22m   [34mÔö£ÔöÇ[39m [2m/posts/tag/uttaranchal/index.html[22m [2m(+56ms)[22m 
[2m19:20:50[22m   [34mÔö£ÔöÇ[39m [2m/posts/tag/val_de_chistau/index.html[22m [2m(+54ms)[22m 
[2m19:20:50[22m   [34mÔö£ÔöÇ[39m [2m/posts/tag/val_de_zafan/index.html[22m [2m(+53ms)[22m 
[2m19:20:50[22m   [34mÔö£ÔöÇ[39m [2m/posts/tag/valencia/index.html[22m [2m(+52ms)[22m 
[2m19:20:50[22m   [34mÔö£ÔöÇ[39m [2m/posts/tag/valle de Benasque/index.html[22m [2m(+51ms)[22m 
[2m19:20:50[22m   [34mÔö£ÔöÇ[39m [2m/posts/tag/valle_de_aran/index.html[22m [2m(+52ms)[22m 
[2m19:20:51[22m   [34mÔö£ÔöÇ[39m [2m/posts/tag/valle_de_benasque/index.html[22m [2m(+57ms)[22m 
[2m19:20:51[22m   [34mÔö£ÔöÇ[39m [2m/posts/tag/valle_de_tena/index.html[22m [2m(+55ms)[22m 
[2m19:20:51[22m   [34mÔö£ÔöÇ[39m [2m/posts/tag/valle_del_aragon/index.html[22m [2m(+58ms)[22m 
[2m19:20:51[22m   [34mÔö£ÔöÇ[39m [2m/posts/tag/valles_occidentales/index.html[22m [2m(+55ms)[22m 
[2m19:20:51[22m   [34mÔö£ÔöÇ[39m [2m/posts/tag/vallnord/index.html[22m [2m(+52ms)[22m 
[2m19:20:51[22m   [34mÔö£ÔöÇ[39m [2m/posts/tag/varden/index.html[22m [2m(+52ms)[22m 
[2m19:20:51[22m   [34mÔö£ÔöÇ[39m [2m/posts/tag/varios/index.html[22m [2m(+53ms)[22m 
[2m19:20:51[22m   [34mÔö£ÔöÇ[39m [2m/posts/tag/via_ferrata/index.html[22m [2m(+55ms)[22m 
[2m19:20:51[22m   [34mÔö£ÔöÇ[39m [2m/posts/tag/via_verde/index.html[22m [2m(+53ms)[22m 
[2m19:20:51[22m   [34mÔö£ÔöÇ[39m [2m/posts/tag/viajes/index.html[22m [2m(+56ms)[22m 
[2m19:20:51[22m   [34mÔö£ÔöÇ[39m [2m/posts/tag/vik/index.html[22m [2m(+52ms)[22m 
[2m19:20:51[22m   [34mÔö£ÔöÇ[39m [2m/posts/tag/villanua/index.html[22m [2m(+54ms)[22m 
[2m19:20:51[22m   [34mÔö£ÔöÇ[39m [2m/posts/tag/volcan/index.html[22m [2m(+54ms)[22m 
[2m19:20:51[22m   [34mÔö£ÔöÇ[39m [2m/posts/tag/vuelo/index.html[22m [2m(+53ms)[22m 
[2m19:20:51[22m   [34mÔö£ÔöÇ[39m [2m/posts/tag/wallon/index.html[22m [2m(+53ms)[22m 
[2m19:20:51[22m   [34mÔö£ÔöÇ[39m [2m/posts/tag/webcams/index.html[22m [2m(+52ms)[22m 
[2m19:20:51[22m   [34mÔö£ÔöÇ[39m [2m/posts/tag/wyssnollen/index.html[22m [2m(+55ms)[22m 
[2m19:20:51[22m   [34mÔö£ÔöÇ[39m [2m/posts/tag/xerta/index.html[22m [2m(+51ms)[22m 
[2m19:20:52[22m   [34mÔö£ÔöÇ[39m [2m/posts/tag/yamunotri/index.html[22m [2m(+53ms)[22m 
[2m19:20:52[22m   [34mÔö£ÔöÇ[39m [2m/posts/tag/yandel/index.html[22m [2m(+53ms)[22m 
[2m19:20:52[22m   [34mÔö£ÔöÇ[39m [2m/posts/tag/yosemite/index.html[22m [2m(+52ms)[22m 
[2m19:20:52[22m   [34mÔö£ÔöÇ[39m [2m/posts/tag/zermatt/index.html[22m [2m(+54ms)[22m 
[2m19:20:52[22m   [34mÔö£ÔöÇ[39m [2m/posts/tag/zona-zero/index.html[22m [2m(+56ms)[22m 
[2m19:20:52[22m   [34mÔö£ÔöÇ[39m [2m/posts/tag/zurich/index.html[22m [2m(+52ms)[22m 
[2m19:20:52[22m   [34mÔö£ÔöÇ[39m [2m/posts/2/index.html[22m [2m(+66ms)[22m 
[2m19:20:52[22m   [34mÔö£ÔöÇ[39m [2m/posts/3/index.html[22m [2m(+65ms)[22m 
[2m19:20:52[22m   [34mÔö£ÔöÇ[39m [2m/posts/4/index.html[22m [2m(+58ms)[22m 
[2m19:20:52[22m   [34mÔö£ÔöÇ[39m [2m/posts/5/index.html[22m [2m(+64ms)[22m 
[2m19:20:52[22m   [34mÔö£ÔöÇ[39m [2m/posts/6/index.html[22m [2m(+60ms)[22m 
[2m19:20:52[22m   [34mÔö£ÔöÇ[39m [2m/posts/7/index.html[22m [2m(+60ms)[22m 
[2m19:20:52[22m   [34mÔö£ÔöÇ[39m [2m/posts/8/index.html[22m [2m(+58ms)[22m 
[2m19:20:52[22m   [34mÔö£ÔöÇ[39m [2m/posts/9/index.html[22m [2m(+56ms)[22m 
[2m19:20:52[22m   [34mÔö£ÔöÇ[39m [2m/posts/10/index.html[22m [2m(+62ms)[22m 
[2m19:20:52[22m   [34mÔö£ÔöÇ[39m [2m/posts/11/index.html[22m [2m(+56ms)[22m 
[2m19:20:52[22m   [34mÔö£ÔöÇ[39m [2m/posts/12/index.html[22m [2m(+56ms)[22m 
[2m19:20:52[22m   [34mÔö£ÔöÇ[39m [2m/posts/13/index.html[22m [2m(+56ms)[22m 
[2m19:20:53[22m   [34mÔö£ÔöÇ[39m [2m/posts/14/index.html[22m [2m(+96ms)[22m 
[2m19:20:53[22m   [34mÔö£ÔöÇ[39m [2m/posts/15/index.html[22m [2m(+70ms)[22m 
[2m19:20:53[22m   [34mÔö£ÔöÇ[39m [2m/posts/16/index.html[22m [2m(+66ms)[22m 
[2m19:20:53[22m   [34mÔö£ÔöÇ[39m [2m/posts/17/index.html[22m [2m(+61ms)[22m 
[2m19:20:53[22m   [34mÔö£ÔöÇ[39m [2m/posts/18/index.html[22m [2m(+60ms)[22m 
[2m19:20:53[22m   [34mÔö£ÔöÇ[39m [2m/posts/19/index.html[22m [2m(+60ms)[22m 
[2m19:20:53[22m   [34mÔö£ÔöÇ[39m [2m/posts/20/index.html[22m [2m(+56ms)[22m 
[2m19:20:53[22m   [34mÔö£ÔöÇ[39m [2m/posts/21/index.html[22m [2m(+56ms)[22m 
[2m19:20:53[22m   [34mÔö£ÔöÇ[39m [2m/posts/22/index.html[22m [2m(+56ms)[22m 
[2m19:20:53[22m   [34mÔö£ÔöÇ[39m [2m/posts/23/index.html[22m [2m(+55ms)[22m 
[2m19:20:53[22m   [34mÔö£ÔöÇ[39m [2m/posts/24/index.html[22m [2m(+56ms)[22m 
[2m19:20:53[22m   [34mÔö£ÔöÇ[39m [2m/posts/25/index.html[22m [2m(+56ms)[22m 
[2m19:20:53[22m   [34mÔö£ÔöÇ[39m [2m/posts/26/index.html[22m [2m(+56ms)[22m 
[2m19:20:53[22m   [34mÔö£ÔöÇ[39m [2m/posts/27/index.html[22m [2m(+57ms)[22m 
[2m19:20:53[22m   [34mÔö£ÔöÇ[39m [2m/posts/28/index.html[22m [2m(+56ms)[22m 
[2m19:20:53[22m   [34mÔö£ÔöÇ[39m [2m/posts/29/index.html[22m [2m(+55ms)[22m 
[2m19:20:54[22m   [34mÔö£ÔöÇ[39m [2m/posts/30/index.html[22m [2m(+56ms)[22m 
[2m19:20:54[22m   [34mÔö£ÔöÇ[39m [2m/posts/31/index.html[22m [2m(+55ms)[22m 
[2m19:20:54[22m   [34mÔö£ÔöÇ[39m [2m/posts/32/index.html[22m [2m(+56ms)[22m 
[2m19:20:54[22m   [34mÔö£ÔöÇ[39m [2m/posts/33/index.html[22m [2m(+56ms)[22m 
[2m19:20:54[22m   [34mÔö£ÔöÇ[39m [2m/posts/34/index.html[22m [2m(+55ms)[22m 
[2m19:20:54[22m   [34mÔö£ÔöÇ[39m [2m/posts/35/index.html[22m [2m(+55ms)[22m 
[2m19:20:54[22m   [34mÔö£ÔöÇ[39m [2m/posts/36/index.html[22m [2m(+59ms)[22m 
[2m19:20:54[22m   [34mÔö£ÔöÇ[39m [2m/posts/37/index.html[22m [2m(+55ms)[22m 
[2m19:20:54[22m   [34mÔö£ÔöÇ[39m [2m/posts/38/index.html[22m [2m(+57ms)[22m 
[2m19:20:54[22m   [34mÔö£ÔöÇ[39m [2m/posts/39/index.html[22m [2m(+54ms)[22m 
[2m19:20:54[22m   [34mÔö£ÔöÇ[39m [2m/posts/40/index.html[22m [2m(+55ms)[22m 
[2m19:20:54[22m   [34mÔö£ÔöÇ[39m [2m/posts/41/index.html[22m [2m(+65ms)[22m 
[2m19:20:54[22m   [34mÔö£ÔöÇ[39m [2m/posts/42/index.html[22m [2m(+59ms)[22m 
[2m19:20:54[22m   [34mÔö£ÔöÇ[39m [2m/posts/43/index.html[22m [2m(+56ms)[22m 
[2m19:20:54[22m   [34mÔö£ÔöÇ[39m [2m/posts/44/index.html[22m [2m(+57ms)[22m 
[2m19:20:54[22m   [34mÔö£ÔöÇ[39m [2m/posts/45/index.html[22m [2m(+57ms)[22m 
[2m19:20:54[22m   [34mÔö£ÔöÇ[39m [2m/posts/46/index.html[22m [2m(+55ms)[22m 
[2m19:20:54[22m   [34mÔö£ÔöÇ[39m [2m/posts/47/index.html[22m [2m(+55ms)[22m 
[2m19:20:55[22m   [34mÔö£ÔöÇ[39m [2m/posts/48/index.html[22m [2m(+57ms)[22m 
[2m19:20:55[22m   [34mÔö£ÔöÇ[39m [2m/posts/49/index.html[22m [2m(+56ms)[22m 
[2m19:20:55[22m   [34mÔö£ÔöÇ[39m [2m/posts/50/index.html[22m [2m(+55ms)[22m 
[2m19:20:55[22m   [34mÔö£ÔöÇ[39m [2m/posts/51/index.html[22m [2m(+56ms)[22m 
[2m19:20:55[22m   [34mÔö£ÔöÇ[39m [2m/posts/52/index.html[22m [2m(+56ms)[22m 
[2m19:20:55[22m   [34mÔö£ÔöÇ[39m [2m/posts/53/index.html[22m [2m(+57ms)[22m 
[2m19:20:55[22m   [34mÔö£ÔöÇ[39m [2m/posts/54/index.html[22m [2m(+60ms)[22m 
[2m19:20:55[22m   [34mÔö£ÔöÇ[39m [2m/posts/55/index.html[22m [2m(+60ms)[22m 
[2m19:20:55[22m   [34mÔö£ÔöÇ[39m [2m/posts/56/index.html[22m [2m(+56ms)[22m 
[2m19:20:55[22m   [34mÔö£ÔöÇ[39m [2m/posts/57/index.html[22m [2m(+56ms)[22m 
[2m19:20:55[22m   [34mÔö£ÔöÇ[39m [2m/posts/58/index.html[22m [2m(+57ms)[22m 
[2m19:20:55[22m   [34mÔö£ÔöÇ[39m [2m/posts/59/index.html[22m [2m(+55ms)[22m 
[2m19:20:55[22m   [34mÔö£ÔöÇ[39m [2m/posts/60/index.html[22m [2m(+57ms)[22m 
[2m19:20:55[22m   [34mÔö£ÔöÇ[39m [2m/posts/61/index.html[22m [2m(+57ms)[22m 
[2m19:20:55[22m   [34mÔö£ÔöÇ[39m [2m/posts/62/index.html[22m [2m(+57ms)[22m 
[2m19:20:55[22m   [34mÔö£ÔöÇ[39m [2m/posts/63/index.html[22m [2m(+58ms)[22m 
[2m19:20:55[22m   [34mÔö£ÔöÇ[39m [2m/posts/64/index.html[22m [2m(+59ms)[22m 
[2m19:20:56[22m   [34mÔö£ÔöÇ[39m [2m/posts/65/index.html[22m [2m(+55ms)[22m 
[2m19:20:56[22m   [34mÔö£ÔöÇ[39m [2m/posts/66/index.html[22m [2m(+56ms)[22m 
[2m19:20:56[22m   [34mÔö£ÔöÇ[39m [2m/posts/67/index.html[22m [2m(+57ms)[22m 
[2m19:20:56[22m   [34mÔö£ÔöÇ[39m [2m/posts/68/index.html[22m [2m(+96ms)[22m 
[2m19:20:56[22m   [34mÔö£ÔöÇ[39m [2m/posts/69/index.html[22m [2m(+62ms)[22m 
[2m19:20:56[22m   [34mÔö£ÔöÇ[39m [2m/posts/70/index.html[22m [2m(+58ms)[22m 
[2m19:20:56[22m   [34mÔö£ÔöÇ[39m [2m/posts/71/index.html[22m [2m(+58ms)[22m 
[2m19:20:56[22m   [34mÔö£ÔöÇ[39m [2m/posts/72/index.html[22m [2m(+57ms)[22m 
[2m19:20:56[22m   [34mÔö£ÔöÇ[39m [2m/posts/73/index.html[22m [2m(+58ms)[22m 
[2m19:20:56[22m   [34mÔö£ÔöÇ[39m [2m/posts/74/index.html[22m [2m(+56ms)[22m 
[2m19:20:56[22m   [34mÔö£ÔöÇ[39m [2m/posts/75/index.html[22m [2m(+56ms)[22m 
[2m19:20:56[22m   [34mÔö£ÔöÇ[39m [2m/posts/76/index.html[22m [2m(+55ms)[22m 
[2m19:20:56[22m   [34mÔö£ÔöÇ[39m [2m/posts/77/index.html[22m [2m(+57ms)[22m 
[2m19:20:56[22m   [34mÔö£ÔöÇ[39m [2m/posts/78/index.html[22m [2m(+56ms)[22m 
[2m19:20:56[22m   [34mÔö£ÔöÇ[39m [2m/posts/79/index.html[22m [2m(+56ms)[22m 
[2m19:20:56[22m   [34mÔö£ÔöÇ[39m [2m/posts/80/index.html[22m [2m(+65ms)[22m 
[2m19:20:56[22m   [34mÔö£ÔöÇ[39m [2m/posts/81/index.html[22m [2m(+60ms)[22m 
[2m19:20:57[22m   [34mÔö£ÔöÇ[39m [2m/posts/82/index.html[22m [2m(+57ms)[22m 
[2m19:20:57[22m   [34mÔö£ÔöÇ[39m [2m/posts/83/index.html[22m [2m(+56ms)[22m 
[2m19:20:57[22m   [34mÔö£ÔöÇ[39m [2m/posts/84/index.html[22m [2m(+55ms)[22m 
[2m19:20:57[22m   [34mÔö£ÔöÇ[39m [2m/posts/85/index.html[22m [2m(+55ms)[22m 
[2m19:20:57[22m   [34mÔö£ÔöÇ[39m [2m/posts/86/index.html[22m [2m(+56ms)[22m 
[2m19:20:57[22m   [34mÔö£ÔöÇ[39m [2m/posts/87/index.html[22m [2m(+61ms)[22m 
[2m19:20:57[22m   [34mÔö£ÔöÇ[39m [2m/posts/88/index.html[22m [2m(+55ms)[22m 
[2m19:20:57[22m   [34mÔö£ÔöÇ[39m [2m/posts/89/index.html[22m [2m(+58ms)[22m 
[2m19:20:57[22m   [34mÔö£ÔöÇ[39m [2m/posts/90/index.html[22m [2m(+55ms)[22m 
[2m19:20:57[22m   [34mÔö£ÔöÇ[39m [2m/posts/91/index.html[22m [2m(+59ms)[22m 
[2m19:20:57[22m   [34mÔö£ÔöÇ[39m [2m/posts/92/index.html[22m [2m(+54ms)[22m 
[2m19:20:57[22m   [34mÔö£ÔöÇ[39m [2m/posts/index.html[22m [2m(+63ms)[22m 
[2m19:20:57[22m   [34mÔö£ÔöÇ[39m [2m/posts/1-000m-de-desnivel-negativo-en-btt/index.html[22m [2m(+96ms)[22m 
[2m19:20:57[22m   [34mÔö£ÔöÇ[39m [2m/posts/10-things-i-have-learned-about-mountainbiking/index.html[22m [2m(+88ms)[22m 
[2m19:20:57[22m   [34mÔö£ÔöÇ[39m [2m/posts/1a-suboda-tozal-de-guara/index.html[22m [2m(+93ms)[22m 
[2m19:20:57[22m   [34mÔö£ÔöÇ[39m [2m/posts/1er-tri-neu-gore-tex-valle-de-benasque-cerler/index.html[22m [2m(+91ms)[22m 
[2m19:20:58[22m   [34mÔö£ÔöÇ[39m [2m/posts/a-los-tripulantes-de-nuestra-hermosa-nave/index.html[22m [2m(+88ms)[22m 
[2m19:20:58[22m   [34mÔö£ÔöÇ[39m [2m/posts/abrigos-de-quizans-y-chimiachas/index.html[22m [2m(+88ms)[22m 
[2m19:20:58[22m   [34mÔö£ÔöÇ[39m [2m/posts/acceso-invernal-a-los-refugios-de-la-fam/index.html[22m [2m(+124ms)[22m 
[2m19:20:58[22m   [34mÔö£ÔöÇ[39m [2m/posts/aguarales-de-valpalmas/index.html[22m [2m(+93ms)[22m 
[2m19:20:58[22m   [34mÔö£ÔöÇ[39m [2m/posts/aguja-de-bachimana-espolon-edu-250m-iv/index.html[22m [2m(+89ms)[22m 
[2m19:20:58[22m   [34mÔö£ÔöÇ[39m [2m/posts/agujas-de-reynisdrangar/index.html[22m [2m(+100ms)[22m 
[2m19:20:58[22m   [34mÔö£ÔöÇ[39m [2m/posts/ahora-toca-roca-pene-sarriere/index.html[22m [2m(+89ms)[22m 
[2m19:20:58[22m   [34mÔö£ÔöÇ[39m [2m/posts/al-mal-tiempo-fatbike-y-buena-cara/index.html[22m [2m(+90ms)[22m 
[2m19:20:58[22m   [34mÔö£ÔöÇ[39m [2m/posts/all-i-can-official-teaser/index.html[22m [2m(+94ms)[22m 
[2m19:20:58[22m   [34mÔö£ÔöÇ[39m [2m/posts/alpes-haute-route-2015-chamonix-zermatt-a-la-suiza/index.html[22m [2m(+90ms)[22m 
[2m19:20:59[22m   [34mÔö£ÔöÇ[39m [2m/posts/alquezar-five-stars-btt-enduro/index.html[22m [2m(+92ms)[22m 
[2m19:20:59[22m   [34mÔö£ÔöÇ[39m [2m/posts/alta-ruta-maladetas-posets-2016/index.html[22m [2m(+90ms)[22m 
[2m19:20:59[22m   [34mÔö£ÔöÇ[39m [2m/posts/alta-ruta-ordesa-y-monte-perdido-2013-pena-guara/index.html[22m [2m(+99ms)[22m 
[2m19:20:59[22m   [34mÔö£ÔöÇ[39m [2m/posts/alta-ruta-panticosa-wallon/index.html[22m [2m(+100ms)[22m 
[2m19:20:59[22m   [34mÔö£ÔöÇ[39m [2m/posts/aludes-leccion-practica/index.html[22m [2m(+128ms)[22m 
[2m19:20:59[22m   [34mÔö£ÔöÇ[39m [2m/posts/aludes-mapa-ates-del-macizo-de-infiernos/index.html[22m [2m(+95ms)[22m 
[2m19:20:59[22m   [34mÔö£ÔöÇ[39m [2m/posts/aludes-mapa-ates-del-macizo-de-maladetas-aneto/index.html[22m [2m(+88ms)[22m 
[2m19:20:59[22m   [34mÔö£ÔöÇ[39m [2m/posts/analisis-comparativo-de-arvas-dvas/index.html[22m [2m(+97ms)[22m 
[2m19:20:59[22m   [34mÔö£ÔöÇ[39m [2m/posts/aprendiz-de-spiderman/index.html[22m [2m(+92ms)[22m 
[2m19:20:59[22m   [34mÔö£ÔöÇ[39m [2m/posts/aprovechando-la-ventana-de-buen-tiempo/index.html[22m [2m(+93ms)[22m 
[2m19:21:00[22m   [34mÔö£ÔöÇ[39m [2m/posts/apurando-con-la-btt-antes-de-que-nieve/index.html[22m [2m(+92ms)[22m 
[2m19:21:00[22m   [34mÔö£ÔöÇ[39m [2m/posts/ascension-al-taillon-3-144m-desde-bujaruelo/index.html[22m [2m(+91ms)[22m 
[2m19:21:00[22m   [34mÔö£ÔöÇ[39m [2m/posts/ascension-infantil-a-la-sagette-de-buzy-2-128m/index.html[22m [2m(+91ms)[22m 
[2m19:21:00[22m   [34mÔö£ÔöÇ[39m [2m/posts/ascension-infantil-al-tarmanones-1-966m/index.html[22m [2m(+92ms)[22m 
[2m19:21:00[22m   [34mÔö£ÔöÇ[39m [2m/posts/ascension-infantil-la-cristallere-1-874m/index.html[22m [2m(+92ms)[22m 
[2m19:21:00[22m   [34mÔö£ÔöÇ[39m [2m/posts/aspe-2645m-skimo-por-la-cara-sur/index.html[22m [2m(+101ms)[22m 
[2m19:21:00[22m   [34mÔö£ÔöÇ[39m [2m/posts/atasco-computacional-necesario-mecenazgo/index.html[22m [2m(+126ms)[22m 
[2m19:21:00[22m   [34mÔö£ÔöÇ[39m [2m/posts/barranco-de-estribiella/index.html[22m [2m(+93ms)[22m 
[2m19:21:00[22m   [34mÔö£ÔöÇ[39m [2m/posts/barranco-de-gorgol/index.html[22m [2m(+88ms)[22m 
[2m19:21:00[22m   [34mÔö£ÔöÇ[39m [2m/posts/barranco-de-la-carruaca/index.html[22m [2m(+97ms)[22m 
[2m19:21:00[22m   [34mÔö£ÔöÇ[39m [2m/posts/barranco-de-las-12-cascadas-de-liri/index.html[22m [2m(+92ms)[22m 
[2m19:21:01[22m   [34mÔö£ÔöÇ[39m [2m/posts/barranco-de-las-12-cascadas-de-liri-2/index.html[22m [2m(+94ms)[22m 
[2m19:21:01[22m   [34mÔö£ÔöÇ[39m [2m/posts/barranco-de-las-gloces/index.html[22m [2m(+90ms)[22m 
[2m19:21:01[22m   [34mÔö£ÔöÇ[39m [2m/posts/barranco-de-lumos/index.html[22m [2m(+87ms)[22m 
[2m19:21:01[22m   [34mÔö£ÔöÇ[39m [2m/posts/barranco-de-portiacha/index.html[22m [2m(+91ms)[22m 
[2m19:21:01[22m   [34mÔö£ÔöÇ[39m [2m/posts/barranco-de-sorrosal/index.html[22m [2m(+95ms)[22m 
[2m19:21:01[22m   [34mÔö£ÔöÇ[39m [2m/posts/barranco-del-caldares/index.html[22m [2m(+90ms)[22m 
[2m19:21:01[22m   [34mÔö£ÔöÇ[39m [2m/posts/barranco-del-formiga/index.html[22m [2m(+94ms)[22m 
[2m19:21:01[22m   [34mÔö£ÔöÇ[39m [2m/posts/barranco-del-furco/index.html[22m [2m(+126ms)[22m 
[2m19:21:01[22m   [34mÔö£ÔöÇ[39m [2m/posts/barranco-del-infierno/index.html[22m [2m(+92ms)[22m 
[2m19:21:01[22m   [34mÔö£ÔöÇ[39m [2m/posts/barranco-del-mirabal/index.html[22m [2m(+89ms)[22m 
[2m19:21:02[22m   [34mÔö£ÔöÇ[39m [2m/posts/barranco-del-sorrosal/index.html[22m [2m(+93ms)[22m 
[2m19:21:02[22m   [34mÔö£ÔöÇ[39m [2m/posts/barranco-dos-lucas/index.html[22m [2m(+94ms)[22m 
[2m19:21:02[22m   [34mÔö£ÔöÇ[39m [2m/posts/barranco-forcos/index.html[22m [2m(+109ms)[22m 
[2m19:21:02[22m   [34mÔö£ÔöÇ[39m [2m/posts/barrasil-inferior-con-ninos/index.html[22m [2m(+92ms)[22m 
[2m19:21:02[22m   [34mÔö£ÔöÇ[39m [2m/posts/biel-endureando-ando-por-el-puig-mone/index.html[22m [2m(+90ms)[22m 
[2m19:21:02[22m   [34mÔö£ÔöÇ[39m [2m/posts/boda-navatera/index.html[22m [2m(+88ms)[22m 
[2m19:21:02[22m   [34mÔö£ÔöÇ[39m [2m/posts/brotoaventura-barranco-matutino-ferrata-vespertina/index.html[22m [2m(+95ms)[22m 
[2m19:21:02[22m   [34mÔö£ÔöÇ[39m [2m/posts/btt-breve-vuelta-al-pacino/index.html[22m [2m(+91ms)[22m 
[2m19:21:02[22m   [34mÔö£ÔöÇ[39m [2m/posts/btt-circular-enlazando-erata-y-oturia/index.html[22m [2m(+95ms)[22m 
[2m19:21:02[22m   [34mÔö£ÔöÇ[39m [2m/posts/btt-con-sami-vuelta-al-embalse-de-lanuza/index.html[22m [2m(+129ms)[22m 
[2m19:21:02[22m   [34mÔö£ÔöÇ[39m [2m/posts/btt-embalses-de-leurtza-desde-eltzaburu/index.html[22m [2m(+94ms)[22m 
[2m19:21:03[22m   [34mÔö£ÔöÇ[39m [2m/posts/btt-enduro-bara-miz-alastrue-biban-bara/index.html[22m [2m(+89ms)[22m 
[2m19:21:03[22m   [34mÔö£ÔöÇ[39m [2m/posts/btt-enduro-capsulas-antiestres/index.html[22m [2m(+96ms)[22m 
[2m19:21:03[22m   [34mÔö£ÔöÇ[39m [2m/posts/btt-enduro-capsulas-antiestres-2/index.html[22m [2m(+91ms)[22m 
[2m19:21:03[22m   [34mÔö£ÔöÇ[39m [2m/posts/btt-enduro-capsulas-antiestres-3/index.html[22m [2m(+91ms)[22m 
[2m19:21:03[22m   [34mÔö£ÔöÇ[39m [2m/posts/btt-enduro-capsulas-antiestres-4/index.html[22m [2m(+94ms)[22m 
[2m19:21:03[22m   [34mÔö£ÔöÇ[39m [2m/posts/btt-enduro-capsulas-antiestres-5/index.html[22m [2m(+89ms)[22m 
[2m19:21:03[22m   [34mÔö£ÔöÇ[39m [2m/posts/btt-enduro-capsulas-antiestres-6/index.html[22m [2m(+92ms)[22m 
[2m19:21:03[22m   [34mÔö£ÔöÇ[39m [2m/posts/btt-enduro-capsulas-antiestres-7/index.html[22m [2m(+93ms)[22m 
[2m19:21:03[22m   [34mÔö£ÔöÇ[39m [2m/posts/btt-enduro-cicloalpinismo-pico-tarmanones/index.html[22m [2m(+92ms)[22m 
[2m19:21:03[22m   [34mÔö£ÔöÇ[39m [2m/posts/btt-enduro-fortalecimiento-del-espiritu/index.html[22m [2m(+122ms)[22m 
[2m19:21:04[22m   [34mÔö£ÔöÇ[39m [2m/posts/btt-enduro-foz-de-salinas-circular-desde-villalangua/index.html[22m [2m(+91ms)[22m 
[2m19:21:04[22m   [34mÔö£ÔöÇ[39m [2m/posts/btt-enduro-gesera-nunca-defrauda/index.html[22m [2m(+88ms)[22m 
[2m19:21:04[22m   [34mÔö£ÔöÇ[39m [2m/posts/btt-enduro-la-clasica-vuelta-de-sabocos-enriquecida/index.html[22m [2m(+96ms)[22m 
[2m19:21:04[22m   [34mÔö£ÔöÇ[39m [2m/posts/btt-enduro-larrede-oturia-en-circular/index.html[22m [2m(+90ms)[22m 
[2m19:21:04[22m   [34mÔö£ÔöÇ[39m [2m/posts/btt-enduro-miradores-de-san-juan-de-la-pena/index.html[22m [2m(+90ms)[22m 
[2m19:21:04[22m   [34mÔö£ÔöÇ[39m [2m/posts/btt-enduro-pico-erata-2-005m/index.html[22m [2m(+90ms)[22m 
[2m19:21:04[22m   [34mÔö£ÔöÇ[39m [2m/posts/btt-enduro-rodellar-sierra-de-balced/index.html[22m [2m(+87ms)[22m 
[2m19:21:04[22m   [34mÔö£ÔöÇ[39m [2m/posts/btt-enduro-ruta-super-enduro-valle-de-tena/index.html[22m [2m(+93ms)[22m 
[2m19:21:04[22m   [34mÔö£ÔöÇ[39m [2m/posts/btt-enduro-sierra-de-algairen/index.html[22m [2m(+95ms)[22m 
[2m19:21:04[22m   [34mÔö£ÔöÇ[39m [2m/posts/btt-enduro-vuelta-al-mascun/index.html[22m [2m(+97ms)[22m 
[2m19:21:04[22m   [34mÔö£ÔöÇ[39m [2m/posts/btt-infantil-vuelta-al-embalse-de-la-sotonera/index.html[22m [2m(+93ms)[22m 
[2m19:21:05[22m   [34mÔö£ÔöÇ[39m [2m/posts/btt-itsusiko-harriak-desde-amaiur/index.html[22m [2m(+127ms)[22m 
[2m19:21:05[22m   [34mÔö£ÔöÇ[39m [2m/posts/btt-kids-circular-anzanigo-javierrelatre/index.html[22m [2m(+95ms)[22m 
[2m19:21:05[22m   [34mÔö£ÔöÇ[39m [2m/posts/btt-la-solana-de-sase-zz-027/index.html[22m [2m(+89ms)[22m 
[2m19:21:05[22m   [34mÔö£ÔöÇ[39m [2m/posts/btt-loarre-castillo-de-marcuello/index.html[22m [2m(+91ms)[22m 
[2m19:21:05[22m   [34mÔö£ÔöÇ[39m [2m/posts/btt-minas-de-liat-o-cuidadin-con-crearse-expectativas/index.html[22m [2m(+90ms)[22m 
[2m19:21:05[22m   [34mÔö£ÔöÇ[39m [2m/posts/btt-mineral-sierra-de-sevil/index.html[22m [2m(+108ms)[22m 
[2m19:21:05[22m   [34mÔö£ÔöÇ[39m [2m/posts/btt-panticosa-sabocos/index.html[22m [2m(+91ms)[22m 
[2m19:21:05[22m   [34mÔö£ÔöÇ[39m [2m/posts/btt-pateo-pena-montanesa/index.html[22m [2m(+86ms)[22m 
[2m19:21:05[22m   [34mÔö£ÔöÇ[39m [2m/posts/btt-pico-del-verde-2-287m/index.html[22m [2m(+93ms)[22m 
[2m19:21:05[22m   [34mÔö£ÔöÇ[39m [2m/posts/btt-punta-selva-y-el-espiritu-montaraz-de-villanua/index.html[22m [2m(+99ms)[22m 
[2m19:21:06[22m   [34mÔö£ÔöÇ[39m [2m/posts/btt-reconocimiento-de-senderos-serranos/index.html[22m [2m(+89ms)[22m 
[2m19:21:06[22m   [34mÔö£ÔöÇ[39m [2m/posts/btt-senderos-de-occitania-episodio-1/index.html[22m [2m(+90ms)[22m 
[2m19:21:06[22m   [34mÔö£ÔöÇ[39m [2m/posts/btt-senderos-de-occitania-episodio-2/index.html[22m [2m(+133ms)[22m 
[2m19:21:06[22m   [34mÔö£ÔöÇ[39m [2m/posts/btt-sierra-de-las-cutas/index.html[22m [2m(+99ms)[22m 
[2m19:21:06[22m   [34mÔö£ÔöÇ[39m [2m/posts/btt-trialeando-por-el-cebollar-torla/index.html[22m [2m(+92ms)[22m 
[2m19:21:06[22m   [34mÔö£ÔöÇ[39m [2m/posts/btt-tuca-blanca/index.html[22m [2m(+94ms)[22m 
[2m19:21:06[22m   [34mÔö£ÔöÇ[39m [2m/posts/bttkids-puente-las-pilas-xtrem/index.html[22m [2m(+89ms)[22m 
[2m19:21:06[22m   [34mÔö£ÔöÇ[39m [2m/posts/bttpateo-pico-balsera-2-697m/index.html[22m [2m(+89ms)[22m 
[2m19:21:06[22m   [34mÔö£ÔöÇ[39m [2m/posts/bttpateo-pico-del-aguila-canfranc/index.html[22m [2m(+90ms)[22m 
[2m19:21:06[22m   [34mÔö£ÔöÇ[39m [2m/posts/bttpateo-pico-porron-sunset/index.html[22m [2m(+90ms)[22m 
[2m19:21:06[22m   [34mÔö£ÔöÇ[39m [2m/posts/bttpateo-punta-cochaldo-2-213m/index.html[22m [2m(+88ms)[22m 
[2m19:21:07[22m   [34mÔö£ÔöÇ[39m [2m/posts/burgase-infinito-calor-infinito/index.html[22m [2m(+99ms)[22m 
[2m19:21:07[22m   [34mÔö£ÔöÇ[39m [2m/posts/cada-vez-mas-invierno-vamos-bajando-ruta-btt-por-sta-orosia/index.html[22m [2m(+91ms)[22m 
[2m19:21:07[22m   [34mÔö£ÔöÇ[39m [2m/posts/calentamiento-global/index.html[22m [2m(+88ms)[22m 
[2m19:21:07[22m   [34mÔö£ÔöÇ[39m [2m/posts/camino-al-cielo/index.html[22m [2m(+126ms)[22m 
[2m19:21:07[22m   [34mÔö£ÔöÇ[39m [2m/posts/camino-de-las-escaleretas-lecina/index.html[22m [2m(+92ms)[22m 
[2m19:21:07[22m   [34mÔö£ÔöÇ[39m [2m/posts/camino-natural-de-la-hoya-de-huesca/index.html[22m [2m(+88ms)[22m 
[2m19:21:07[22m   [34mÔö£ÔöÇ[39m [2m/posts/campeonato-de-europa-de-orientacion-en-bici-2008/index.html[22m [2m(+92ms)[22m 
[2m19:21:07[22m   [34mÔö£ÔöÇ[39m [2m/posts/cantabria-de-campo-y-playa/index.html[22m [2m(+91ms)[22m 
[2m19:21:07[22m   [34mÔö£ÔöÇ[39m [2m/posts/capsulas-alpes-2012-countdown/index.html[22m [2m(+89ms)[22m 
[2m19:21:07[22m   [34mÔö£ÔöÇ[39m [2m/posts/capsulas-alpes-2012-powder/index.html[22m [2m(+88ms)[22m 
[2m19:21:07[22m   [34mÔö£ÔöÇ[39m [2m/posts/carros-de-foc/index.html[22m [2m(+88ms)[22m 
[2m19:21:08[22m   [34mÔö£ÔöÇ[39m [2m/posts/castillo-del-mon-perarrua/index.html[22m [2m(+90ms)[22m 
[2m19:21:08[22m   [34mÔö£ÔöÇ[39m [2m/posts/cicloalpinismo-al-anochecer-cuello-escarra/index.html[22m [2m(+91ms)[22m 
[2m19:21:08[22m   [34mÔö£ÔöÇ[39m [2m/posts/cicloalpinismo-como-llegar-al-puerto-de-la-madera-y-descender-en-btt/index.html[22m [2m(+94ms)[22m 
[2m19:21:08[22m   [34mÔö£ÔöÇ[39m [2m/posts/cicloalpinismo-dedo-de-yenefrito-1-818m/index.html[22m [2m(+91ms)[22m 
[2m19:21:08[22m   [34mÔö£ÔöÇ[39m [2m/posts/cicloalpinismo-espelunciecha-2-399m/index.html[22m [2m(+125ms)[22m 
[2m19:21:08[22m   [34mÔö£ÔöÇ[39m [2m/posts/cicloalpinismo-esperando-a-que-nieve/index.html[22m [2m(+92ms)[22m 
[2m19:21:08[22m   [34mÔö£ÔöÇ[39m [2m/posts/cicloalpinismo-garmo-del-pico-2-674m/index.html[22m [2m(+90ms)[22m 
[2m19:21:08[22m   [34mÔö£ÔöÇ[39m [2m/posts/cicloalpinismo-integral-de-sierra-negra/index.html[22m [2m(+93ms)[22m 
[2m19:21:08[22m   [34mÔö£ÔöÇ[39m [2m/posts/cicloalpinismo-monte-sarase/index.html[22m [2m(+90ms)[22m 
[2m19:21:08[22m   [34mÔö£ÔöÇ[39m [2m/posts/cicloalpinismo-pic-de-laiguillette-2-508m/index.html[22m [2m(+91ms)[22m 
[2m19:21:09[22m   [34mÔö£ÔöÇ[39m [2m/posts/cicloalpinismo-pico-bacun-2-193m/index.html[22m [2m(+94ms)[22m 
[2m19:21:09[22m   [34mÔö£ÔöÇ[39m [2m/posts/cicloalpinismo-pico-bacun-norte/index.html[22m [2m(+87ms)[22m 
[2m19:21:09[22m   [34mÔö£ÔöÇ[39m [2m/posts/cicloalpinismo-pico-de-la-magdalena/index.html[22m [2m(+93ms)[22m 
[2m19:21:09[22m   [34mÔö£ÔöÇ[39m [2m/posts/cicloalpinismo-pico-mondiciero-2-295m/index.html[22m [2m(+93ms)[22m 
[2m19:21:09[22m   [34mÔö£ÔöÇ[39m [2m/posts/cicloalpinismo-pico-musales-2-654m/index.html[22m [2m(+90ms)[22m 
[2m19:21:09[22m   [34mÔö£ÔöÇ[39m [2m/posts/cicloalpinismo-pico-petrechema-2-371m/index.html[22m [2m(+107ms)[22m 
[2m19:21:09[22m   [34mÔö£ÔöÇ[39m [2m/posts/cicloalpinismo-por-bielsa/index.html[22m [2m(+128ms)[22m 
[2m19:21:09[22m   [34mÔö£ÔöÇ[39m [2m/posts/cicloalpinismo-pueyo-de-mondicieto-2-384m/index.html[22m [2m(+92ms)[22m 
[2m19:21:09[22m   [34mÔö£ÔöÇ[39m [2m/posts/cicloalpinismo-romantico-lacs-de-consaterre/index.html[22m [2m(+88ms)[22m 
[2m19:21:09[22m   [34mÔö£ÔöÇ[39m [2m/posts/cicloalpinismo-serrano-tozal-de-guara-2-077m/index.html[22m [2m(+95ms)[22m 
[2m19:21:09[22m   [34mÔö£ÔöÇ[39m [2m/posts/cicloalpinismo-tozal-de-las-comas-2-342m/index.html[22m [2m(+96ms)[22m 
[2m19:21:10[22m   [34mÔö£ÔöÇ[39m [2m/posts/circular-al-pico-batanes-n/index.html[22m [2m(+91ms)[22m 
[2m19:21:10[22m   [34mÔö£ÔöÇ[39m [2m/posts/circular-al-pico-ferraturas-2-641m/index.html[22m [2m(+89ms)[22m 
[2m19:21:10[22m   [34mÔö£ÔöÇ[39m [2m/posts/circular-astun-pic-belonseiche-cabane-arnousse/index.html[22m [2m(+89ms)[22m 
[2m19:21:10[22m   [34mÔö£ÔöÇ[39m [2m/posts/circular-de-polituara-desde-santa-elena/index.html[22m [2m(+101ms)[22m 
[2m19:21:10[22m   [34mÔö£ÔöÇ[39m [2m/posts/circular-soum-de-pombie-pic-peyreget-2-487m/index.html[22m [2m(+98ms)[22m 
[2m19:21:10[22m   [34mÔö£ÔöÇ[39m [2m/posts/collarada-2883m-skimo-debimos-subir-antes/index.html[22m [2m(+101ms)[22m 
[2m19:21:10[22m   [34mÔö£ÔöÇ[39m [2m/posts/collarada-sin-comida/index.html[22m [2m(+92ms)[22m 
[2m19:21:10[22m   [34mÔö£ÔöÇ[39m [2m/posts/combinada-btt-montearagon/index.html[22m [2m(+127ms)[22m 
[2m19:21:10[22m   [34mÔö£ÔöÇ[39m [2m/posts/combinada-bttpateo-fananizas-bajas-2-111m/index.html[22m [2m(+93ms)[22m 
[2m19:21:10[22m   [34mÔö£ÔöÇ[39m [2m/posts/combinada-bttpateo-penas-royablanca-de-sabocos/index.html[22m [2m(+89ms)[22m 
[2m19:21:11[22m   [34mÔö£ÔöÇ[39m [2m/posts/con-nuestros-mejores-deseos/index.html[22m [2m(+95ms)[22m 
[2m19:21:11[22m   [34mÔö£ÔöÇ[39m [2m/posts/con-otro-famoso/index.html[22m [2m(+90ms)[22m 
[2m19:21:11[22m   [34mÔö£ÔöÇ[39m [2m/posts/con-otro-ilustre/index.html[22m [2m(+92ms)[22m 
[2m19:21:11[22m   [34mÔö£ÔöÇ[39m [2m/posts/congost-de-montrebei-circular-btt-por-las-pasarelas-de-montfalco/index.html[22m [2m(+93ms)[22m 
[2m19:21:11[22m   [34mÔö£ÔöÇ[39m [2m/posts/cordier-creguena-coronas-solitaria-despedida-de-temporada/index.html[22m [2m(+89ms)[22m 
[2m19:21:11[22m   [34mÔö£ÔöÇ[39m [2m/posts/cresta-de-las-espadas-al-posets/index.html[22m [2m(+93ms)[22m 
[2m19:21:11[22m   [34mÔö£ÔöÇ[39m [2m/posts/crestas-del-boron-al-atardecer/index.html[22m [2m(+110ms)[22m 
[2m19:21:11[22m   [34mÔö£ÔöÇ[39m [2m/posts/curso-on-line-de-raids-para-novatos/index.html[22m [2m(+93ms)[22m 
[2m19:21:11[22m   [34mÔö£ÔöÇ[39m [2m/posts/dakar-en-btt/index.html[22m [2m(+89ms)[22m 
[2m19:21:11[22m   [34mÔö£ÔöÇ[39m [2m/posts/danny-macaskill-the-ridge/index.html[22m [2m(+127ms)[22m 
[2m19:21:12[22m   [34mÔö£ÔöÇ[39m [2m/posts/descenso-de-barrancos-mascun/index.html[22m [2m(+93ms)[22m 
[2m19:21:12[22m   [34mÔö£ÔöÇ[39m [2m/posts/desfiladero-de-las-xanas-pr-as-187/index.html[22m [2m(+86ms)[22m 
[2m19:21:12[22m   [34mÔö£ÔöÇ[39m [2m/posts/despedida-del-ano-en-la-mesa-de-los-tres-reyes/index.html[22m [2m(+91ms)[22m 
[2m19:21:12[22m   [34mÔö£ÔöÇ[39m [2m/posts/despedida-del-cicloalpinismo-2013-valle-de-estos/index.html[22m [2m(+89ms)[22m 
[2m19:21:12[22m   [34mÔö£ÔöÇ[39m [2m/posts/diamond-beach-iceland-pills-10/index.html[22m [2m(+90ms)[22m 
[2m19:21:12[22m   [34mÔö£ÔöÇ[39m [2m/posts/dias-de-unas-largas-y-culos-prietos-cronica-de-dos-dias-de-esqui-de-travesia-con-pena-guara/index.html[22m [2m(+90ms)[22m 
[2m19:21:12[22m   [34mÔö£ÔöÇ[39m [2m/posts/diente-de-batanes-occidental/index.html[22m [2m(+92ms)[22m 
[2m19:21:12[22m   [34mÔö£ÔöÇ[39m [2m/posts/diente-occidental-de-batanes-2-878m/index.html[22m [2m(+88ms)[22m 
[2m19:21:12[22m   [34mÔö£ÔöÇ[39m [2m/posts/domingo-barranquil-i-argatin-superior/index.html[22m [2m(+93ms)[22m 
[2m19:21:12[22m   [34mÔö£ÔöÇ[39m [2m/posts/domingo-barranquil-ii-sarratanas/index.html[22m [2m(+92ms)[22m 
[2m19:21:12[22m   [34mÔö£ÔöÇ[39m [2m/posts/dyrholaey-iceland-pills-4/index.html[22m [2m(+92ms)[22m 
[2m19:21:13[22m   [34mÔö£ÔöÇ[39m [2m/posts/eclectic-3-0-the-roads-less-traveled/index.html[22m [2m(+126ms)[22m 
[2m19:21:13[22m   [34mÔö£ÔöÇ[39m [2m/posts/el-8-de-rodellar/index.html[22m [2m(+105ms)[22m 
[2m19:21:13[22m   [34mÔö£ÔöÇ[39m [2m/posts/el-aneto-en-fatbike-1a-mundial/index.html[22m [2m(+102ms)[22m 
[2m19:21:13[22m   [34mÔö£ÔöÇ[39m [2m/posts/el-boron-1-327m/index.html[22m [2m(+93ms)[22m 
[2m19:21:13[22m   [34mÔö£ÔöÇ[39m [2m/posts/el-camino-del-rey/index.html[22m [2m(+93ms)[22m 
[2m19:21:13[22m   [34mÔö£ÔöÇ[39m [2m/posts/el-castell-roques-de-benet-1-016m/index.html[22m [2m(+90ms)[22m 
[2m19:21:13[22m   [34mÔö£ÔöÇ[39m [2m/posts/el-gigante-dormido/index.html[22m [2m(+89ms)[22m 
[2m19:21:13[22m   [34mÔö£ÔöÇ[39m [2m/posts/el-gran-casino-europeo/index.html[22m [2m(+87ms)[22m 
[2m19:21:13[22m   [34mÔö£ÔöÇ[39m [2m/posts/el-mundo-al-verres/index.html[22m [2m(+92ms)[22m 
[2m19:21:13[22m   [34mÔö£ÔöÇ[39m [2m/posts/el-tiempo-es-oro/index.html[22m [2m(+95ms)[22m 
[2m19:21:13[22m   [34mÔö£ÔöÇ[39m [2m/posts/el-tozal-del-mallo/index.html[22m [2m(+92ms)[22m 
[2m19:21:14[22m   [34mÔö£ÔöÇ[39m [2m/posts/ellos-las-prefieren-gordas-un-poco-de-snowbike-en-formigal/index.html[22m [2m(+91ms)[22m 
[2m19:21:14[22m   [34mÔö£ÔöÇ[39m [2m/posts/en-avioneta-por-el-pirineo-oscense/index.html[22m [2m(+126ms)[22m 
[2m19:21:14[22m   [34mÔö£ÔöÇ[39m [2m/posts/en-btt-con-sami/index.html[22m [2m(+92ms)[22m 
[2m19:21:14[22m   [34mÔö£ÔöÇ[39m [2m/posts/enduro-montaraz-2-0-integral-del-gallinero-plus/index.html[22m [2m(+99ms)[22m 
[2m19:21:14[22m   [34mÔö£ÔöÇ[39m [2m/posts/endurolandmtb-buenos-senderos-en-teruel/index.html[22m [2m(+104ms)[22m 
[2m19:21:14[22m   [34mÔö£ÔöÇ[39m [2m/posts/enlace-globero/index.html[22m [2m(+94ms)[22m 
[2m19:21:14[22m   [34mÔö£ÔöÇ[39m [2m/posts/entrenando-por-la-sierra-de-guadarrama/index.html[22m [2m(+89ms)[22m 
[2m19:21:14[22m   [34mÔö£ÔöÇ[39m [2m/posts/eric-hjorleifson-the-way-i-see-it-al-rico-polvoron/index.html[22m [2m(+91ms)[22m 
[2m19:21:14[22m   [34mÔö£ÔöÇ[39m [2m/posts/escalada-j-a-sanz-riglos/index.html[22m [2m(+88ms)[22m 
[2m19:21:14[22m   [34mÔö£ÔöÇ[39m [2m/posts/escapada-mananera-al-espelunciecha-2-399m/index.html[22m [2m(+92ms)[22m 
[2m19:21:15[22m   [34mÔö£ÔöÇ[39m [2m/posts/escapada-playera-activa/index.html[22m [2m(+98ms)[22m 
[2m19:21:15[22m   [34mÔö£ÔöÇ[39m [2m/posts/escapada-relampago-por-bedous/index.html[22m [2m(+93ms)[22m 
[2m19:21:15[22m   [34mÔö£ÔöÇ[39m [2m/posts/escapar-de-la-niebla-en-btt/index.html[22m [2m(+88ms)[22m 
[2m19:21:15[22m   [34mÔö£ÔöÇ[39m [2m/posts/espectacular-time-lapse-mision-sts-131/index.html[22m [2m(+125ms)[22m 
[2m19:21:15[22m   [34mÔö£ÔöÇ[39m [2m/posts/espectaculo-visual-a-camara-lenta/index.html[22m [2m(+93ms)[22m 
[2m19:21:15[22m   [34mÔö£ÔöÇ[39m [2m/posts/estacion-meteorologica-en-arascues/index.html[22m [2m(+87ms)[22m 
[2m19:21:15[22m   [34mÔö£ÔöÇ[39m [2m/posts/estrello-mi-drone/index.html[22m [2m(+94ms)[22m 
[2m19:21:15[22m   [34mÔö£ÔöÇ[39m [2m/posts/estreno-de-la-temporada-2-0/index.html[22m [2m(+90ms)[22m 
[2m19:21:15[22m   [34mÔö£ÔöÇ[39m [2m/posts/estudiando-la-meteorologia/index.html[22m [2m(+89ms)[22m 
[2m19:21:15[22m   [34mÔö£ÔöÇ[39m [2m/posts/ews-round-7-ainsa/index.html[22m [2m(+91ms)[22m 
[2m19:21:16[22m   [34mÔö£ÔöÇ[39m [2m/posts/exclusiva-compartimos-una-jornada-de-trabajo-de-campo-con-rocio-alurte/index.html[22m [2m(+91ms)[22m 
[2m19:21:16[22m   [34mÔö£ÔöÇ[39m [2m/posts/exclusiva-miguelon-vuelve-al-tour/index.html[22m [2m(+89ms)[22m 
[2m19:21:16[22m   [34mÔö£ÔöÇ[39m [2m/posts/exprimiendo-el-finde-en-pineta/index.html[22m [2m(+92ms)[22m 
[2m19:21:16[22m   [34mÔö£ÔöÇ[39m [2m/posts/fajalata-pe├▒a-r├ípita-2156m/index.html[22m [2m(+94ms)[22m 
[2m19:21:16[22m   [34mÔö£ÔöÇ[39m [2m/posts/fatbike-comienza-la-temporada/index.html[22m [2m(+90ms)[22m 
[2m19:21:16[22m   [34mÔö£ÔöÇ[39m [2m/posts/fatbike-vertice-del-anayet/index.html[22m [2m(+125ms)[22m 
[2m19:21:16[22m   [34mÔö£ÔöÇ[39m [2m/posts/fatbike-y-confinamiento/index.html[22m [2m(+92ms)[22m 
[2m19:21:16[22m   [34mÔö£ÔöÇ[39m [2m/posts/fateando-en-medio-del-temporal/index.html[22m [2m(+94ms)[22m 
[2m19:21:16[22m   [34mÔö£ÔöÇ[39m [2m/posts/fateando-por-astun-la-raca-en-fatbike/index.html[22m [2m(+95ms)[22m 
[2m19:21:16[22m   [34mÔö£ÔöÇ[39m [2m/posts/fateando-por-formigal/index.html[22m [2m(+90ms)[22m 
[2m19:21:16[22m   [34mÔö£ÔöÇ[39m [2m/posts/fateando-por-formigal-1/index.html[22m [2m(+88ms)[22m 
[2m19:21:17[22m   [34mÔö£ÔöÇ[39m [2m/posts/fateando-por-panticosa/index.html[22m [2m(+91ms)[22m 
[2m19:21:17[22m   [34mÔö£ÔöÇ[39m [2m/posts/fatpinismo-invernal-1a-mundial-al-pico-tuc-de-mulleres-3-011m/index.html[22m [2m(+88ms)[22m 
[2m19:21:17[22m   [34mÔö£ÔöÇ[39m [2m/posts/fatpinismo-invernal-a-los-pies-del-aneto-en-fatbike/index.html[22m [2m(+91ms)[22m 
[2m19:21:17[22m   [34mÔö£ÔöÇ[39m [2m/posts/feliz-2010/index.html[22m [2m(+94ms)[22m 
[2m19:21:17[22m   [34mÔö£ÔöÇ[39m [2m/posts/feliz-navidad/index.html[22m [2m(+92ms)[22m 
[2m19:21:17[22m   [34mÔö£ÔöÇ[39m [2m/posts/feliz-navidad-2/index.html[22m [2m(+89ms)[22m 
[2m19:21:17[22m   [34mÔö£ÔöÇ[39m [2m/posts/feliz-navidad-3/index.html[22m [2m(+126ms)[22m 
[2m19:21:17[22m   [34mÔö£ÔöÇ[39m [2m/posts/feni├ís-2846m-skimo-primaveral/index.html[22m [2m(+101ms)[22m 
[2m19:21:17[22m   [34mÔö£ÔöÇ[39m [2m/posts/ferrata-de-la-zapatilla-y-sima-de-tortiellas/index.html[22m [2m(+87ms)[22m 
[2m19:21:17[22m   [34mÔö£ÔöÇ[39m [2m/posts/ferrata-de-riglos/index.html[22m [2m(+93ms)[22m 
[2m19:21:17[22m   [34mÔö£ÔöÇ[39m [2m/posts/ferrata-de-valdeon/index.html[22m [2m(+92ms)[22m 
[2m19:21:18[22m   [34mÔö£ÔöÇ[39m [2m/posts/ferrata-regina-the-movie/index.html[22m [2m(+90ms)[22m 
[2m19:21:18[22m   [34mÔö£ÔöÇ[39m [2m/posts/filomena-ya-llego/index.html[22m [2m(+90ms)[22m 
[2m19:21:18[22m   [34mÔö£ÔöÇ[39m [2m/posts/final-de-la-liga-aragonesa-o-btt-en-used/index.html[22m [2m(+89ms)[22m 
[2m19:21:18[22m   [34mÔö£ÔöÇ[39m [2m/posts/finde-bttero-hace-un-videoclip/index.html[22m [2m(+93ms)[22m 
[2m19:21:18[22m   [34mÔö£ÔöÇ[39m [2m/posts/fjallsjokull-iceland-pills-7/index.html[22m [2m(+94ms)[22m 
[2m19:21:18[22m   [34mÔö£ÔöÇ[39m [2m/posts/foqueando-por-somport/index.html[22m [2m(+99ms)[22m 
[2m19:21:18[22m   [34mÔö£ÔöÇ[39m [2m/posts/foto-con-famoso/index.html[22m [2m(+98ms)[22m 
[2m19:21:18[22m   [34mÔö£ÔöÇ[39m [2m/posts/full-en-el-portalet/index.html[22m [2m(+127ms)[22m 
[2m19:21:18[22m   [34mÔö£ÔöÇ[39m [2m/posts/funambulismo-en-yosemite/index.html[22m [2m(+93ms)[22m 
[2m19:21:18[22m   [34mÔö£ÔöÇ[39m [2m/posts/furgoviaje-a-dolomitas/index.html[22m [2m(+87ms)[22m 
[2m19:21:19[22m   [34mÔö£ÔöÇ[39m [2m/posts/gabardiella-enduro-duro-cicloalpinismo-medio/index.html[22m [2m(+93ms)[22m 
[2m19:21:19[22m   [34mÔö£ÔöÇ[39m [2m/posts/gavarnie-weekend-i-btt-gavarnie-popurri/index.html[22m [2m(+90ms)[22m 
[2m19:21:19[22m   [34mÔö£ÔöÇ[39m [2m/posts/gavarnie-weekend-ii-pico-pimene/index.html[22m [2m(+88ms)[22m 
[2m19:21:19[22m   [34mÔö£ÔöÇ[39m [2m/posts/geocaching/index.html[22m [2m(+89ms)[22m 
[2m19:21:19[22m   [34mÔö£ÔöÇ[39m [2m/posts/gigaimagen-del-everest/index.html[22m [2m(+88ms)[22m 
[2m19:21:19[22m   [34mÔö£ÔöÇ[39m [2m/posts/globerautores/index.html[22m [2m(+91ms)[22m 
[2m19:21:19[22m   [34mÔö£ÔöÇ[39m [2m/posts/globero-ironman/index.html[22m [2m(+94ms)[22m 
[2m19:21:19[22m   [34mÔö£ÔöÇ[39m [2m/posts/globeros-por-laponia/index.html[22m [2m(+101ms)[22m 
[2m19:21:19[22m   [34mÔö£ÔöÇ[39m [2m/posts/gran-paradiso/index.html[22m [2m(+95ms)[22m 
[2m19:21:19[22m   [34mÔö£ÔöÇ[39m [2m/posts/grecia-una-vision-atipica/index.html[22m [2m(+128ms)[22m 
[2m19:21:20[22m   [34mÔö£ÔöÇ[39m [2m/posts/gullfoss-iceland-pills-1/index.html[22m [2m(+94ms)[22m 
[2m19:21:20[22m   [34mÔö£ÔöÇ[39m [2m/posts/haute-route-2015-swiss-style-episodio-1/index.html[22m [2m(+87ms)[22m 
[2m19:21:20[22m   [34mÔö£ÔöÇ[39m [2m/posts/haute-route-2015-swiss-style-episodio-2/index.html[22m [2m(+99ms)[22m 
[2m19:21:20[22m   [34mÔö£ÔöÇ[39m [2m/posts/haute-route-2015-swiss-style-episodio-3/index.html[22m [2m(+91ms)[22m 
[2m19:21:20[22m   [34mÔö£ÔöÇ[39m [2m/posts/haute-route-2015-swiss-style-episodio-4/index.html[22m [2m(+90ms)[22m 
[2m19:21:20[22m   [34mÔö£ÔöÇ[39m [2m/posts/haute-route-2015-swiss-style-episodio-5/index.html[22m [2m(+93ms)[22m 
[2m19:21:20[22m   [34mÔö£ÔöÇ[39m [2m/posts/hitler-se-entera-de-que-hay-menos-videos-en-sqlp/index.html[22m [2m(+88ms)[22m 
[2m19:21:20[22m   [34mÔö£ÔöÇ[39m [2m/posts/hr-circo-de-gavarnie-travesia-casco-marbore/index.html[22m [2m(+98ms)[22m 
[2m19:21:20[22m   [34mÔö£ÔöÇ[39m [2m/posts/ibon-de-estanes-circular-desde-sansanet/index.html[22m [2m(+101ms)[22m 
[2m19:21:20[22m   [34mÔö£ÔöÇ[39m [2m/posts/ibonciecho-en-fatbike-condiciones-nefastas/index.html[22m [2m(+98ms)[22m 
[2m19:21:20[22m   [34mÔö£ÔöÇ[39m [2m/posts/ibones-y-vertice-del-anayet/index.html[22m [2m(+110ms)[22m 
[2m19:21:21[22m   [34mÔö£ÔöÇ[39m [2m/posts/ii-descenso-btt-de-ayerbe/index.html[22m [2m(+130ms)[22m 
[2m19:21:21[22m   [34mÔö£ÔöÇ[39m [2m/posts/ii-raid-de-aventura-de-la-ribagorza/index.html[22m [2m(+92ms)[22m 
[2m19:21:21[22m   [34mÔö£ÔöÇ[39m [2m/posts/ii-raid-de-aventura-pena-guara/index.html[22m [2m(+88ms)[22m 
[2m19:21:21[22m   [34mÔö£ÔöÇ[39m [2m/posts/ii-travesia-altos-pirineos-1978/index.html[22m [2m(+96ms)[22m 
[2m19:21:21[22m   [34mÔö£ÔöÇ[39m [2m/posts/iii-raid-rioja-alavesa/index.html[22m [2m(+92ms)[22m 
[2m19:21:21[22m   [34mÔö£ÔöÇ[39m [2m/posts/iii-triatlon-cros-mar-de-aragon-caspe/index.html[22m [2m(+90ms)[22m 
[2m19:21:21[22m   [34mÔö£ÔöÇ[39m [2m/posts/inauguracion-de-la-temporada-de-esqui-de-travesia/index.html[22m [2m(+101ms)[22m 
[2m19:21:21[22m   [34mÔö£ÔöÇ[39m [2m/posts/inaugurada-la-temporada-de-esqui-de-travesia/index.html[22m [2m(+86ms)[22m 
[2m19:21:21[22m   [34mÔö£ÔöÇ[39m [2m/posts/inaugurando-desde-lituania/index.html[22m [2m(+92ms)[22m 
[2m19:21:21[22m   [34mÔö£ÔöÇ[39m [2m/posts/ironman-de-regensburg/index.html[22m [2m(+93ms)[22m 
[2m19:21:22[22m   [34mÔö£ÔöÇ[39m [2m/posts/ironman-de-zurich/index.html[22m [2m(+96ms)[22m 
[2m19:21:22[22m   [34mÔö£ÔöÇ[39m [2m/posts/islandia-2024-diario-de-un-viaje-en-autocaravana/index.html[22m [2m(+91ms)[22m 
[2m19:21:22[22m   [34mÔö£ÔöÇ[39m [2m/posts/jokullsarlon-iceland-pills-9/index.html[22m [2m(+126ms)[22m 
[2m19:21:22[22m   [34mÔö£ÔöÇ[39m [2m/posts/jp-auclair-street-segment-all-i-can/index.html[22m [2m(+95ms)[22m 
[2m19:21:22[22m   [34mÔö£ÔöÇ[39m [2m/posts/juan-colleja-en-el-corredor-maribel-pena-telera/index.html[22m [2m(+93ms)[22m 
[2m19:21:22[22m   [34mÔö£ÔöÇ[39m [2m/posts/kilians-quest-slow-motion/index.html[22m [2m(+95ms)[22m 
[2m19:21:22[22m   [34mÔö£ÔöÇ[39m [2m/posts/kitaro-matsuri-las-maravillas-de-la-naturaleza/index.html[22m [2m(+93ms)[22m 
[2m19:21:22[22m   [34mÔö£ÔöÇ[39m [2m/posts/la-bici-de-montana-tambien-sientes-lo-mismo/index.html[22m [2m(+97ms)[22m 
[2m19:21:22[22m   [34mÔö£ÔöÇ[39m [2m/posts/la-india-una-semana-despues/index.html[22m [2m(+97ms)[22m 
[2m19:21:22[22m   [34mÔö£ÔöÇ[39m [2m/posts/la-leyenda-del-eguzkilore/index.html[22m [2m(+95ms)[22m 
[2m19:21:22[22m   [34mÔö£ÔöÇ[39m [2m/posts/la-loire-a-velo/index.html[22m [2m(+92ms)[22m 
[2m19:21:23[22m   [34mÔö£ÔöÇ[39m [2m/posts/la-nueva-era-de-producciones-soloquedalopeor/index.html[22m [2m(+96ms)[22m 
[2m19:21:23[22m   [34mÔö£ÔöÇ[39m [2m/posts/la-palma-cascada-de-los-tilos-y-la-fajana/index.html[22m [2m(+92ms)[22m 
[2m19:21:23[22m   [34mÔö£ÔöÇ[39m [2m/posts/la-palma-la-via-lactea-desde-r-d-l-m/index.html[22m [2m(+91ms)[22m 
[2m19:21:23[22m   [34mÔö£ÔöÇ[39m [2m/posts/la-palma-pico-bejenado-1-856m/index.html[22m [2m(+125ms)[22m 
[2m19:21:23[22m   [34mÔö£ÔöÇ[39m [2m/posts/la-palma-pico-de-la-nieve-2-239m/index.html[22m [2m(+95ms)[22m 
[2m19:21:23[22m   [34mÔö£ÔöÇ[39m [2m/posts/la-palma-roque-de-los-muchachos-2-426m/index.html[22m [2m(+88ms)[22m 
[2m19:21:23[22m   [34mÔö£ÔöÇ[39m [2m/posts/la-palma-volcan-de-tajogaite/index.html[22m [2m(+93ms)[22m 
[2m19:21:23[22m   [34mÔö£ÔöÇ[39m [2m/posts/la-palma-volcanes-de-san-antonio-y-teneguia/index.html[22m [2m(+91ms)[22m 
[2m19:21:23[22m   [34mÔö£ÔöÇ[39m [2m/posts/la-raca-fateando-por-astun/index.html[22m [2m(+90ms)[22m 
[2m19:21:23[22m   [34mÔö£ÔöÇ[39m [2m/posts/la-torraza-de-escuer/index.html[22m [2m(+90ms)[22m 
[2m19:21:24[22m   [34mÔö£ÔöÇ[39m [2m/posts/la-verdad-esta-ahi-fuera/index.html[22m [2m(+87ms)[22m 
[2m19:21:24[22m   [34mÔö£ÔöÇ[39m [2m/posts/la-vida-es-color/index.html[22m [2m(+95ms)[22m 
[2m19:21:24[22m   [34mÔö£ÔöÇ[39m [2m/posts/laigueta-de-barbaruens/index.html[22m [2m(+93ms)[22m 
[2m19:21:24[22m   [34mÔö£ÔöÇ[39m [2m/posts/las-mejores-chorradas-del-coronavirus/index.html[22m [2m(+91ms)[22m 
[2m19:21:24[22m   [34mÔö£ÔöÇ[39m [2m/posts/latrek-trail-loop-manana-vintage/index.html[22m [2m(+92ms)[22m 
[2m19:21:24[22m   [34mÔö£ÔöÇ[39m [2m/posts/llega-el-otono-al-pirineo/index.html[22m [2m(+125ms)[22m 
[2m19:21:24[22m   [34mÔö£ÔöÇ[39m [2m/posts/lo-ultimo-en-ligereza-bicis-sin-pedales/index.html[22m [2m(+93ms)[22m 
[2m19:21:24[22m   [34mÔö£ÔöÇ[39m [2m/posts/los-globeros-bajan-barrancos/index.html[22m [2m(+89ms)[22m 
[2m19:21:24[22m   [34mÔö£ÔöÇ[39m [2m/posts/los-maestros-de-spiderman/index.html[22m [2m(+94ms)[22m 
[2m19:21:24[22m   [34mÔö£ÔöÇ[39m [2m/posts/los-pedroches-road-trip/index.html[22m [2m(+91ms)[22m 
[2m19:21:24[22m   [34mÔö£ÔöÇ[39m [2m/posts/lrs-la-raca-sunset-skimo/index.html[22m [2m(+94ms)[22m 
[2m19:21:25[22m   [34mÔö£ÔöÇ[39m [2m/posts/macizo-del-grand-combin-episodio-1/index.html[22m [2m(+91ms)[22m 
[2m19:21:25[22m   [34mÔö£ÔöÇ[39m [2m/posts/macizo-del-grand-combin-episodio-2/index.html[22m [2m(+89ms)[22m 
[2m19:21:25[22m   [34mÔö£ÔöÇ[39m [2m/posts/madonna-di-campiglio-patascoss/index.html[22m [2m(+91ms)[22m 
[2m19:21:25[22m   [34mÔö£ÔöÇ[39m [2m/posts/maladeta-oriental-3-308m/index.html[22m [2m(+99ms)[22m 
[2m19:21:25[22m   [34mÔö£ÔöÇ[39m [2m/posts/mallo-acherito-2-374m/index.html[22m [2m(+91ms)[22m 
[2m19:21:25[22m   [34mÔö£ÔöÇ[39m [2m/posts/maraton-btt-de-monegros/index.html[22m [2m(+92ms)[22m 
[2m19:21:25[22m   [34mÔö£ÔöÇ[39m [2m/posts/marruecos-2006/index.html[22m [2m(+139ms)[22m 
[2m19:21:25[22m   [34mÔö£ÔöÇ[39m [2m/posts/mesa-de-los-tres-reyes/index.html[22m [2m(+97ms)[22m 
[2m19:21:25[22m   [34mÔö£ÔöÇ[39m [2m/posts/midibigorre-pilares/index.html[22m [2m(+89ms)[22m 
[2m19:21:25[22m   [34mÔö£ÔöÇ[39m [2m/posts/molveno-la-cara-b-de-madonna-di-campiglio/index.html[22m [2m(+93ms)[22m 
[2m19:21:26[22m   [34mÔö£ÔöÇ[39m [2m/posts/montearagonfjord/index.html[22m [2m(+92ms)[22m 
[2m19:21:26[22m   [34mÔö£ÔöÇ[39m [2m/posts/muro-de-roda/index.html[22m [2m(+91ms)[22m 
[2m19:21:26[22m   [34mÔö£ÔöÇ[39m [2m/posts/no-funciona-intenne/index.html[22m [2m(+93ms)[22m 
[2m19:21:26[22m   [34mÔö£ÔöÇ[39m [2m/posts/no-nieva-pero-tranquilos/index.html[22m [2m(+87ms)[22m 
[2m19:21:26[22m   [34mÔö£ÔöÇ[39m [2m/posts/noruega-2019-cabo-norte/index.html[22m [2m(+96ms)[22m 
[2m19:21:26[22m   [34mÔö£ÔöÇ[39m [2m/posts/noruega-2019-holmvassfjellet/index.html[22m [2m(+93ms)[22m 
[2m19:21:26[22m   [34mÔö£ÔöÇ[39m [2m/posts/noruega-2019-reinebringen/index.html[22m [2m(+96ms)[22m 
[2m19:21:26[22m   [34mÔö£ÔöÇ[39m [2m/posts/noruega-2019-seiland-national-park/index.html[22m [2m(+128ms)[22m 
[2m19:21:26[22m   [34mÔö£ÔöÇ[39m [2m/posts/novedades-en-soloquedalopeor/index.html[22m [2m(+107ms)[22m 
[2m19:21:26[22m   [34mÔö£ÔöÇ[39m [2m/posts/nueva-modalidad-de-btt/index.html[22m [2m(+93ms)[22m 
[2m19:21:27[22m   [34mÔö£ÔöÇ[39m [2m/posts/oberland-2011-episodio-1/index.html[22m [2m(+93ms)[22m 
[2m19:21:27[22m   [34mÔö£ÔöÇ[39m [2m/posts/oberland-2011-episodio-2/index.html[22m [2m(+92ms)[22m 
[2m19:21:27[22m   [34mÔö£ÔöÇ[39m [2m/posts/oberland-2011-episodio-3/index.html[22m [2m(+90ms)[22m 
[2m19:21:27[22m   [34mÔö£ÔöÇ[39m [2m/posts/oberland-2011-episodio-4/index.html[22m [2m(+90ms)[22m 
[2m19:21:27[22m   [34mÔö£ÔöÇ[39m [2m/posts/oberland-2011-episodio-5/index.html[22m [2m(+87ms)[22m 
[2m19:21:27[22m   [34mÔö£ÔöÇ[39m [2m/posts/oberland-2011-episodio-6/index.html[22m [2m(+96ms)[22m 
[2m19:21:27[22m   [34mÔö£ÔöÇ[39m [2m/posts/oberland-2011-episodio-7-fin-de-la-serie/index.html[22m [2m(+98ms)[22m 
[2m19:21:27[22m   [34mÔö£ÔöÇ[39m [2m/posts/oberland-2011-la-serie/index.html[22m [2m(+94ms)[22m 
[2m19:21:27[22m   [34mÔö£ÔöÇ[39m [2m/posts/oceanografico-de-valencia/index.html[22m [2m(+96ms)[22m 
[2m19:21:27[22m   [34mÔö£ÔöÇ[39m [2m/posts/oda-al-planeta-tierra/index.html[22m [2m(+125ms)[22m 
[2m19:21:27[22m   [34mÔö£ÔöÇ[39m [2m/posts/optimismo-e-ilusion/index.html[22m [2m(+93ms)[22m 
[2m19:21:28[22m   [34mÔö£ÔöÇ[39m [2m/posts/otono-2-0-en-benasque-otra-vez/index.html[22m [2m(+89ms)[22m 
[2m19:21:28[22m   [34mÔö£ÔöÇ[39m [2m/posts/otono-bttero-en-benasque-cazania-planadona-y-sierra-negra/index.html[22m [2m(+94ms)[22m 
[2m19:21:28[22m   [34mÔö£ÔöÇ[39m [2m/posts/otono-en-benasque/index.html[22m [2m(+91ms)[22m 
[2m19:21:28[22m   [34mÔö£ÔöÇ[39m [2m/posts/otono-en-ordesa/index.html[22m [2m(+94ms)[22m 
[2m19:21:28[22m   [34mÔö£ÔöÇ[39m [2m/posts/oturia-x2-cr├│nica-de-una-paliza-anunciada/index.html[22m [2m(+118ms)[22m 
[2m19:21:28[22m   [34mÔö£ÔöÇ[39m [2m/posts/paris-brest-paris-2011/index.html[22m [2m(+97ms)[22m 
[2m19:21:28[22m   [34mÔö£ÔöÇ[39m [2m/posts/paseo-matutino-por-panticosa/index.html[22m [2m(+110ms)[22m 
[2m19:21:28[22m   [34mÔö£ÔöÇ[39m [2m/posts/paternkofel-monte-paterno-ferratas-de-luca-innerkofler-y-delle-forcelle/index.html[22m [2m(+91ms)[22m 
[2m19:21:28[22m   [34mÔö£ÔöÇ[39m [2m/posts/pedaleando-por-la-spanish-utah/index.html[22m [2m(+87ms)[22m 
[2m19:21:28[22m   [34mÔö£ÔöÇ[39m [2m/posts/pedaleando-por-noruega/index.html[22m [2m(+92ms)[22m 
[2m19:21:29[22m   [34mÔö£ÔöÇ[39m [2m/posts/pedals-doccitania/index.html[22m [2m(+126ms)[22m 
[2m19:21:29[22m   [34mÔö£ÔöÇ[39m [2m/posts/pena-foratata-2-329m-la-combinada-perfecta/index.html[22m [2m(+97ms)[22m 
[2m19:21:29[22m   [34mÔö£ÔöÇ[39m [2m/posts/pena-surta-1-347m-y-cueva-drolica/index.html[22m [2m(+87ms)[22m 
[2m19:21:29[22m   [34mÔö£ÔöÇ[39m [2m/posts/pe├▒a-sabocos-despedida-temporada-skimo-2025-2026/index.html[22m [2m(+107ms)[22m 
[2m19:21:29[22m   [34mÔö£ÔöÇ[39m [2m/posts/people-are-awesome-dons-version/index.html[22m [2m(+93ms)[22m 
[2m19:21:29[22m   [34mÔö£ÔöÇ[39m [2m/posts/petit-arriel-2-683m/index.html[22m [2m(+92ms)[22m 
[2m19:21:29[22m   [34mÔö£ÔöÇ[39m [2m/posts/pic-casterau-2-227m/index.html[22m [2m(+89ms)[22m 
[2m19:21:29[22m   [34mÔö£ÔöÇ[39m [2m/posts/pic-de-la-font-blanca-2-903m/index.html[22m [2m(+90ms)[22m 
[2m19:21:29[22m   [34mÔö£ÔöÇ[39m [2m/posts/pic-du-larry-2-337m/index.html[22m [2m(+93ms)[22m 
[2m19:21:29[22m   [34mÔö£ÔöÇ[39m [2m/posts/pico-arroyeras-2-572m/index.html[22m [2m(+100ms)[22m 
[2m19:21:30[22m   [34mÔö£ÔöÇ[39m [2m/posts/pico-arroyeras-2-573m/index.html[22m [2m(+93ms)[22m 
[2m19:21:30[22m   [34mÔö£ÔöÇ[39m [2m/posts/pico-bacias-2-760m/index.html[22m [2m(+93ms)[22m 
[2m19:21:30[22m   [34mÔö£ÔöÇ[39m [2m/posts/pico-bacias-2-760m-2/index.html[22m [2m(+129ms)[22m 
[2m19:21:30[22m   [34mÔö£ÔöÇ[39m [2m/posts/pico-barrosa-2-742m/index.html[22m [2m(+110ms)[22m 
[2m19:21:30[22m   [34mÔö£ÔöÇ[39m [2m/posts/pico-castanesa-2-858m/index.html[22m [2m(+108ms)[22m 
[2m19:21:30[22m   [34mÔö£ÔöÇ[39m [2m/posts/pico-castanesa-2859m-y-sierra-negra-emtb/index.html[22m [2m(+113ms)[22m 
[2m19:21:30[22m   [34mÔö£ÔöÇ[39m [2m/posts/pico-de-aneto-3-404m/index.html[22m [2m(+88ms)[22m 
[2m19:21:30[22m   [34mÔö£ÔöÇ[39m [2m/posts/pico-de-coronas-3-297m/index.html[22m [2m(+93ms)[22m 
[2m19:21:30[22m   [34mÔö£ÔöÇ[39m [2m/posts/pico-de-estos-tuca-del-dalliu-2-531m/index.html[22m [2m(+92ms)[22m 
[2m19:21:30[22m   [34mÔö£ÔöÇ[39m [2m/posts/pico-de-gabardere-2-410m/index.html[22m [2m(+92ms)[22m 
[2m19:21:31[22m   [34mÔö£ÔöÇ[39m [2m/posts/pico-de-san-salvador-1-547m/index.html[22m [2m(+89ms)[22m 
[2m19:21:31[22m   [34mÔö£ÔöÇ[39m [2m/posts/pico-del-aspe-2-645m/index.html[22m [2m(+94ms)[22m 
[2m19:21:31[22m   [34mÔö£ÔöÇ[39m [2m/posts/pico-del-cuello-de-soba-2-612m/index.html[22m [2m(+88ms)[22m 
[2m19:21:31[22m   [34mÔö£ÔöÇ[39m [2m/posts/pico-del-verde-2-295m/index.html[22m [2m(+92ms)[22m 
[2m19:21:31[22m   [34mÔö£ÔöÇ[39m [2m/posts/pico-destibafreda-2-694m/index.html[22m [2m(+127ms)[22m 
[2m19:21:31[22m   [34mÔö£ÔöÇ[39m [2m/posts/pico-erata-2-005m-con-esquis/index.html[22m [2m(+95ms)[22m 
[2m19:21:31[22m   [34mÔö£ÔöÇ[39m [2m/posts/pico-espelunciecha-clausura-del-curso-de-esqui-de-travesia-de-pena-guara/index.html[22m [2m(+88ms)[22m 
[2m19:21:31[22m   [34mÔö£ÔöÇ[39m [2m/posts/pico-foratulas-i-2-510m/index.html[22m [2m(+96ms)[22m 
[2m19:21:31[22m   [34mÔö£ÔöÇ[39m [2m/posts/pico-foratulas-ii-2-585m/index.html[22m [2m(+89ms)[22m 
[2m19:21:31[22m   [34mÔö£ÔöÇ[39m [2m/posts/pico-garmo-negro-3-051m/index.html[22m [2m(+90ms)[22m 
[2m19:21:31[22m   [34mÔö£ÔöÇ[39m [2m/posts/pico-lariste-2-168m/index.html[22m [2m(+91ms)[22m 
[2m19:21:32[22m   [34mÔö£ÔöÇ[39m [2m/posts/pico-petrechema/index.html[22m [2m(+88ms)[22m 
[2m19:21:32[22m   [34mÔö£ÔöÇ[39m [2m/posts/pico-piniecho/index.html[22m [2m(+93ms)[22m 
[2m19:21:32[22m   [34mÔö£ÔöÇ[39m [2m/posts/pico-posets-3-375m-desde-viados/index.html[22m [2m(+92ms)[22m 
[2m19:21:32[22m   [34mÔö£ÔöÇ[39m [2m/posts/pico-secus-2-351m/index.html[22m [2m(+95ms)[22m 
[2m19:21:32[22m   [34mÔö£ÔöÇ[39m [2m/posts/pico-strona-906m/index.html[22m [2m(+92ms)[22m 
[2m19:21:32[22m   [34mÔö£ÔöÇ[39m [2m/posts/pico-tendenera-2-853m/index.html[22m [2m(+131ms)[22m 
[2m19:21:32[22m   [34mÔö£ÔöÇ[39m [2m/posts/pico-tendenera-2-853m-intento/index.html[22m [2m(+94ms)[22m 
[2m19:21:32[22m   [34mÔö£ÔöÇ[39m [2m/posts/pico-tesorero-2-570m/index.html[22m [2m(+88ms)[22m 
[2m19:21:32[22m   [34mÔö£ÔöÇ[39m [2m/posts/pico-tiacuto-1-364m/index.html[22m [2m(+123ms)[22m 
[2m19:21:32[22m   [34mÔö£ÔöÇ[39m [2m/posts/pico-tortiellas-2-358m/index.html[22m [2m(+104ms)[22m 
[2m19:21:33[22m   [34mÔö£ÔöÇ[39m [2m/posts/picos-de-algas-3-036m-y-garmo-negro-3-061m/index.html[22m [2m(+92ms)[22m 
[2m19:21:33[22m   [34mÔö£ÔöÇ[39m [2m/posts/picos-de-europa-escapada-veraniega/index.html[22m [2m(+99ms)[22m 
[2m19:21:33[22m   [34mÔö£ÔöÇ[39m [2m/posts/picos-de-lariste-2-168m-y-burcq-2-110m/index.html[22m [2m(+98ms)[22m 
[2m19:21:33[22m   [34mÔö£ÔöÇ[39m [2m/posts/picos-del-medio-3-346m-y-de-coronas-3-298m/index.html[22m [2m(+102ms)[22m 
[2m19:21:33[22m   [34mÔö£ÔöÇ[39m [2m/posts/pilotando-por-el-pardo/index.html[22m [2m(+98ms)[22m 
[2m19:21:33[22m   [34mÔö£ÔöÇ[39m [2m/posts/poligono-industrial-desalojado-en-ayerbe/index.html[22m [2m(+91ms)[22m 
[2m19:21:33[22m   [34mÔö£ÔöÇ[39m [2m/posts/pon-a-prueba-tus-conocimientos-de-seguridad-en-la-montana/index.html[22m [2m(+90ms)[22m 
[2m19:21:33[22m   [34mÔö£ÔöÇ[39m [2m/posts/por-las-ferratas-de-pena-rueba/index.html[22m [2m(+125ms)[22m 
[2m19:21:33[22m   [34mÔö£ÔöÇ[39m [2m/posts/powder-en-el-pirineo-mito-o-realidad/index.html[22m [2m(+93ms)[22m 
[2m19:21:33[22m   [34mÔö£ÔöÇ[39m [2m/posts/pp30-rinc├│n-del-cielo-desde-linsoles/index.html[22m [2m(+109ms)[22m 
[2m19:21:34[22m   [34mÔö£ÔöÇ[39m [2m/posts/practica-virtual-con-el-arva/index.html[22m [2m(+90ms)[22m 
[2m19:21:34[22m   [34mÔö£ÔöÇ[39m [2m/posts/presentacion-al-mundo-bloguero/index.html[22m [2m(+89ms)[22m 
[2m19:21:34[22m   [34mÔö£ÔöÇ[39m [2m/posts/primer-peyreget-de-la-temporada/index.html[22m [2m(+93ms)[22m 
[2m19:21:34[22m   [34mÔö£ÔöÇ[39m [2m/posts/proximamente-macizo-del-grand-combin/index.html[22m [2m(+90ms)[22m 
[2m19:21:34[22m   [34mÔö£ÔöÇ[39m [2m/posts/punta-acuta-casi-un-2kv/index.html[22m [2m(+90ms)[22m 
[2m19:21:34[22m   [34mÔö£ÔöÇ[39m [2m/posts/punta-arbenuso-2-353m/index.html[22m [2m(+98ms)[22m 
[2m19:21:34[22m   [34mÔö£ÔöÇ[39m [2m/posts/punta-bila-2-581m/index.html[22m [2m(+92ms)[22m 
[2m19:21:34[22m   [34mÔö£ÔöÇ[39m [2m/posts/punta-de-la-cochata-1-911m/index.html[22m [2m(+97ms)[22m 
[2m19:21:34[22m   [34mÔö£ÔöÇ[39m [2m/posts/punta-de-la-cuta-2-016m/index.html[22m [2m(+97ms)[22m 
[2m19:21:34[22m   [34mÔö£ÔöÇ[39m [2m/posts/punta-espata-2-202m/index.html[22m [2m(+126ms)[22m 
[2m19:21:35[22m   [34mÔö£ÔöÇ[39m [2m/posts/punta-foratula-2-581m/index.html[22m [2m(+92ms)[22m 
[2m19:21:35[22m   [34mÔö£ÔöÇ[39m [2m/posts/raid-la-pineda-cronica-de-jara/index.html[22m [2m(+89ms)[22m 
[2m19:21:35[22m   [34mÔö£ÔöÇ[39m [2m/posts/rapapolvo-a-la-onu/index.html[22m [2m(+95ms)[22m 
[2m19:21:35[22m   [34mÔö£ÔöÇ[39m [2m/posts/rare-especies-protegidas/index.html[22m [2m(+90ms)[22m 
[2m19:21:35[22m   [34mÔö£ÔöÇ[39m [2m/posts/recibiendo-el-2014-como-se-merece-pico-arroyeras/index.html[22m [2m(+90ms)[22m 
[2m19:21:35[22m   [34mÔö£ÔöÇ[39m [2m/posts/rondando-al-mondarruego/index.html[22m [2m(+96ms)[22m 
[2m19:21:35[22m   [34mÔö£ÔöÇ[39m [2m/posts/rss-ese-temido-y-util-amigo/index.html[22m [2m(+96ms)[22m 
[2m19:21:35[22m   [34mÔö£ÔöÇ[39m [2m/posts/ruta-de-los-4000s-al-mont-blanc-4-810m/index.html[22m [2m(+97ms)[22m 
[2m19:21:35[22m   [34mÔö£ÔöÇ[39m [2m/posts/ruta-del-agua/index.html[22m [2m(+103ms)[22m 
[2m19:21:35[22m   [34mÔö£ÔöÇ[39m [2m/posts/rutita-antiestres-por-la-pedriza/index.html[22m [2m(+103ms)[22m 
[2m19:21:35[22m   [34mÔö£ÔöÇ[39m [2m/posts/ruton-btt-circular-entre-saravillo-y-barbaruens/index.html[22m [2m(+101ms)[22m 
[2m19:21:36[22m   [34mÔö£ÔöÇ[39m [2m/posts/sabado-bttero-en-benasque/index.html[22m [2m(+128ms)[22m 
[2m19:21:36[22m   [34mÔö£ÔöÇ[39m [2m/posts/sacando-partido-a-cada-mm-de-suspension/index.html[22m [2m(+94ms)[22m 
[2m19:21:36[22m   [34mÔö£ÔöÇ[39m [2m/posts/salida-promocional-pena-guara-travesia-portalet-astun/index.html[22m [2m(+90ms)[22m 
[2m19:21:36[22m   [34mÔö£ÔöÇ[39m [2m/posts/santa-catalina-endura/index.html[22m [2m(+122ms)[22m 
[2m19:21:36[22m   [34mÔö£ÔöÇ[39m [2m/posts/scattered-flurries/index.html[22m [2m(+102ms)[22m 
[2m19:21:36[22m   [34mÔö£ÔöÇ[39m [2m/posts/se-ha-escrito-otro-epico-capitulo-en-la-historia-globeril-vuelta-a-guara-en-btt/index.html[22m [2m(+99ms)[22m 
[2m19:21:36[22m   [34mÔö£ÔöÇ[39m [2m/posts/se-puede-comprar-la-meteo/index.html[22m [2m(+99ms)[22m 
[2m19:21:36[22m   [34mÔö£ÔöÇ[39m [2m/posts/seljalandsfoss-iceland-pills-3/index.html[22m [2m(+94ms)[22m 
[2m19:21:36[22m   [34mÔö£ÔöÇ[39m [2m/posts/semana-barranquil-peonera-inferior-y-formiga/index.html[22m [2m(+90ms)[22m 
[2m19:21:37[22m   [34mÔö£ÔöÇ[39m [2m/posts/semana-santa-2012-la-trilogia-alpina/index.html[22m [2m(+96ms)[22m 
[2m19:21:37[22m   [34mÔö£ÔöÇ[39m [2m/posts/senderos-de-canfranc-ladera-w/index.html[22m [2m(+89ms)[22m 
[2m19:21:37[22m   [34mÔö£ÔöÇ[39m [2m/posts/sevilla-y-ole/index.html[22m [2m(+92ms)[22m 
[2m19:21:37[22m   [34mÔö£ÔöÇ[39m [2m/posts/skaftafellsjokull-iceland-pills-6/index.html[22m [2m(+124ms)[22m 
[2m19:21:37[22m   [34mÔö£ÔöÇ[39m [2m/posts/skilof-1-varden-700m/index.html[22m [2m(+98ms)[22m 
[2m19:21:37[22m   [34mÔö£ÔöÇ[39m [2m/posts/skilof-2-torksmannen-755m/index.html[22m [2m(+93ms)[22m 
[2m19:21:37[22m   [34mÔö£ÔöÇ[39m [2m/posts/skilof-3-un-garbeo-desde-el-trollfjord/index.html[22m [2m(+91ms)[22m 
[2m19:21:37[22m   [34mÔö£ÔöÇ[39m [2m/posts/skilof-4-svarttinden-736m/index.html[22m [2m(+88ms)[22m 
[2m19:21:37[22m   [34mÔö£ÔöÇ[39m [2m/posts/skilof-5-rundfjellet-803m/index.html[22m [2m(+92ms)[22m 
[2m19:21:37[22m   [34mÔö£ÔöÇ[39m [2m/posts/skilof-6-store-kvittind-696m/index.html[22m [2m(+91ms)[22m 
[2m19:21:37[22m   [34mÔö£ÔöÇ[39m [2m/posts/skimo-andorra-pic-de-casamanya-2-740m/index.html[22m [2m(+91ms)[22m 
[2m19:21:38[22m   [34mÔö£ÔöÇ[39m [2m/posts/skimo-andorra-pic-de-la-serrera-2-913m/index.html[22m [2m(+93ms)[22m 
[2m19:21:38[22m   [34mÔö£ÔöÇ[39m [2m/posts/skimo-circular-de-los-tress/index.html[22m [2m(+87ms)[22m 
[2m19:21:38[22m   [34mÔö£ÔöÇ[39m [2m/posts/skimo-circular-sextas-anayet-formigal/index.html[22m [2m(+93ms)[22m 
[2m19:21:38[22m   [34mÔö£ÔöÇ[39m [2m/posts/skimo-en-las-lofoten/index.html[22m [2m(+97ms)[22m 
[2m19:21:38[22m   [34mÔö£ÔöÇ[39m [2m/posts/skimo-fites-de-perdigueret-2-454m/index.html[22m [2m(+93ms)[22m 
[2m19:21:38[22m   [34mÔö£ÔöÇ[39m [2m/posts/skimo-garmo-negro-3-064m/index.html[22m [2m(+129ms)[22m 
[2m19:21:38[22m   [34mÔö£ÔöÇ[39m [2m/posts/skimo-imaginativo-mandilar-inedito/index.html[22m [2m(+93ms)[22m 
[2m19:21:38[22m   [34mÔö£ÔöÇ[39m [2m/posts/skimo-pelopin-2-005m/index.html[22m [2m(+88ms)[22m 
[2m19:21:38[22m   [34mÔö£ÔöÇ[39m [2m/posts/skimo-pena-robla/index.html[22m [2m(+91ms)[22m 
[2m19:21:38[22m   [34mÔö£ÔöÇ[39m [2m/posts/skimo-pena-sabocos-2-754m/index.html[22m [2m(+90ms)[22m 
[2m19:21:39[22m   [34mÔö£ÔöÇ[39m [2m/posts/skimo-pena-telera/index.html[22m [2m(+90ms)[22m 
[2m19:21:39[22m   [34mÔö£ÔöÇ[39m [2m/posts/skimo-pic-de-campbieil-3-173m/index.html[22m [2m(+89ms)[22m 
[2m19:21:39[22m   [34mÔö£ÔöÇ[39m [2m/posts/skimo-pic-de-neouvielle-3-091m/index.html[22m [2m(+89ms)[22m 
[2m19:21:39[22m   [34mÔö£ÔöÇ[39m [2m/posts/skimo-pico-arroyetas-2-556m/index.html[22m [2m(+92ms)[22m 
[2m19:21:39[22m   [34mÔö£ÔöÇ[39m [2m/posts/skimo-pico-bataillence-2-604m/index.html[22m [2m(+94ms)[22m 
[2m19:21:39[22m   [34mÔö£ÔöÇ[39m [2m/posts/skimo-pico-bisaurin-2-670m/index.html[22m [2m(+90ms)[22m 
[2m19:21:39[22m   [34mÔö£ÔöÇ[39m [2m/posts/skimo-pico-de-alba-3-112m/index.html[22m [2m(+92ms)[22m 
[2m19:21:39[22m   [34mÔö£ÔöÇ[39m [2m/posts/skimo-pico-de-paderna-2-628m/index.html[22m [2m(+128ms)[22m 
[2m19:21:39[22m   [34mÔö£ÔöÇ[39m [2m/posts/skimo-pico-del-verde-2-287m-en-circular/index.html[22m [2m(+92ms)[22m 
[2m19:21:39[22m   [34mÔö£ÔöÇ[39m [2m/posts/skimo-pico-royo-2-429m/index.html[22m [2m(+95ms)[22m 
[2m19:21:39[22m   [34mÔö£ÔöÇ[39m [2m/posts/skimo-prematuro-inicio-de-temporada/index.html[22m [2m(+97ms)[22m 
[2m19:21:40[22m   [34mÔö£ÔöÇ[39m [2m/posts/skimo-punta-fenias-2-846m/index.html[22m [2m(+96ms)[22m 
[2m19:21:40[22m   [34mÔö£ÔöÇ[39m [2m/posts/skimo-tendenera-2-845m/index.html[22m [2m(+93ms)[22m 
[2m19:21:40[22m   [34mÔö£ÔöÇ[39m [2m/posts/skimo-tuca-del-posolobino-2-778m/index.html[22m [2m(+90ms)[22m 
[2m19:21:40[22m   [34mÔö£ÔöÇ[39m [2m/posts/skimo-vertice-del-anayet-y-espelunciecha/index.html[22m [2m(+88ms)[22m 
[2m19:21:40[22m   [34mÔö£ÔöÇ[39m [2m/posts/skimo-vuelta-al-acue-2-258m/index.html[22m [2m(+90ms)[22m 
[2m19:21:40[22m   [34mÔö£ÔöÇ[39m [2m/posts/skimo-vuelta-al-anayet/index.html[22m [2m(+97ms)[22m 
[2m19:21:40[22m   [34mÔö£ÔöÇ[39m [2m/posts/skimo-vuelta-al-midi-dossau/index.html[22m [2m(+92ms)[22m 
[2m19:21:40[22m   [34mÔö£ÔöÇ[39m [2m/posts/skogafoss-iceland-pills-13/index.html[22m [2m(+95ms)[22m 
[2m19:21:40[22m   [34mÔö£ÔöÇ[39m [2m/posts/sociedad-general-de-fabricantes-de-mesas/index.html[22m [2m(+127ms)[22m 
[2m19:21:40[22m   [34mÔö£ÔöÇ[39m [2m/posts/soloquedalopeor-pide-tu-colaboracion/index.html[22m [2m(+91ms)[22m 
[2m19:21:41[22m   [34mÔö£ÔöÇ[39m [2m/posts/solucionado-error-desconocido-al-abrir-archivo-de-importacion/index.html[22m [2m(+91ms)[22m 
[2m19:21:41[22m   [34mÔö£ÔöÇ[39m [2m/posts/sos-la-sierra-de-guara-te-necesita/index.html[22m [2m(+107ms)[22m 
[2m19:21:41[22m   [34mÔö£ÔöÇ[39m [2m/posts/sqlp-kids-circular-al-urkiolaguirre-urkiolamendi-1-009m/index.html[22m [2m(+100ms)[22m 
[2m19:21:41[22m   [34mÔö£ÔöÇ[39m [2m/posts/sqlp-te-desea-feliz-ano-2016/index.html[22m [2m(+90ms)[22m 
[2m19:21:41[22m   [34mÔö£ÔöÇ[39m [2m/posts/strokkur-iceland-pills-2/index.html[22m [2m(+96ms)[22m 
[2m19:21:41[22m   [34mÔö£ÔöÇ[39m [2m/posts/subida-a-pena-oroel/index.html[22m [2m(+88ms)[22m 
[2m19:21:41[22m   [34mÔö£ÔöÇ[39m [2m/posts/superpoderes-sobre-una-bici/index.html[22m [2m(+91ms)[22m 
[2m19:21:41[22m   [34mÔö£ÔöÇ[39m [2m/posts/svartifoss-iceland-pills-7/index.html[22m [2m(+97ms)[22m 
[2m19:21:41[22m   [34mÔö£ÔöÇ[39m [2m/posts/svinafellsjokull/index.html[22m [2m(+98ms)[22m 
[2m19:21:41[22m   [34mÔö£ÔöÇ[39m [2m/posts/tan-cerca/index.html[22m [2m(+93ms)[22m 
[2m19:21:41[22m   [34mÔö£ÔöÇ[39m [2m/posts/the-wild-boar-rogaining-lespluga-calba/index.html[22m [2m(+128ms)[22m 
[2m19:21:42[22m   [34mÔö£ÔöÇ[39m [2m/posts/time-lapse-viendo-pasar-el-tiempo/index.html[22m [2m(+94ms)[22m 
[2m19:21:42[22m   [34mÔö£ÔöÇ[39m [2m/posts/timescapes-timelapse-mountain-light/index.html[22m [2m(+88ms)[22m 
[2m19:21:42[22m   [34mÔö£ÔöÇ[39m [2m/posts/tour-du-belvedere-lescun/index.html[22m [2m(+93ms)[22m 
[2m19:21:42[22m   [34mÔö£ÔöÇ[39m [2m/posts/tozal-de-guara/index.html[22m [2m(+91ms)[22m 
[2m19:21:42[22m   [34mÔö£ÔöÇ[39m [2m/posts/tozal-del-bason-2-132m/index.html[22m [2m(+94ms)[22m 
[2m19:21:42[22m   [34mÔö£ÔöÇ[39m [2m/posts/tozal-del-mallo-faja-de-las-flores/index.html[22m [2m(+90ms)[22m 
[2m19:21:42[22m   [34mÔö£ÔöÇ[39m [2m/posts/trail-running-circular-salto-roldan-picon/index.html[22m [2m(+92ms)[22m 
[2m19:21:42[22m   [34mÔö£ÔöÇ[39m [2m/posts/trail-running-un-par-de-propuestas/index.html[22m [2m(+97ms)[22m 
[2m19:21:42[22m   [34mÔö£ÔöÇ[39m [2m/posts/trajes-de-superheroe/index.html[22m [2m(+98ms)[22m 
[2m19:21:42[22m   [34mÔö£ÔöÇ[39m [2m/posts/trans-suiza-2014-mittelland-route-episodio-1/index.html[22m [2m(+95ms)[22m 
[2m19:21:43[22m   [34mÔö£ÔöÇ[39m [2m/posts/trans-suiza-2014-mittelland-route-episodio-2/index.html[22m [2m(+95ms)[22m 
[2m19:21:43[22m   [34mÔö£ÔöÇ[39m [2m/posts/trans-suiza-2014-mittelland-route-episodio-3/index.html[22m [2m(+126ms)[22m 
[2m19:21:43[22m   [34mÔö£ÔöÇ[39m [2m/posts/transpirenaica-aragonesa-en-btt/index.html[22m [2m(+94ms)[22m 
[2m19:21:43[22m   [34mÔö£ÔöÇ[39m [2m/posts/travesia-balneario-de-panticosa-a-sallent/index.html[22m [2m(+92ms)[22m 
[2m19:21:43[22m   [34mÔö£ÔöÇ[39m [2m/posts/trialeando-por-hoyo-de-manzanares/index.html[22m [2m(+99ms)[22m 
[2m19:21:43[22m   [34mÔö£ÔöÇ[39m [2m/posts/trilogia-en-el-portalet-acumulando-metros-de-rodaje/index.html[22m [2m(+99ms)[22m 
[2m19:21:43[22m   [34mÔö£ÔöÇ[39m [2m/posts/trofeo-vic-de-orientacion-en-bici/index.html[22m [2m(+101ms)[22m 
[2m19:21:43[22m   [34mÔö£ÔöÇ[39m [2m/posts/tuc-de-baciver-2-645m-el-espelunciecha-de-baqueira/index.html[22m [2m(+97ms)[22m 
[2m19:21:43[22m   [34mÔö£ÔöÇ[39m [2m/posts/tuca-de-culebres-3-062m-la-integralisssima-de-sierra-negra/index.html[22m [2m(+92ms)[22m 
[2m19:21:43[22m   [34mÔö£ÔöÇ[39m [2m/posts/tuca-de-la-montaneta-intento/index.html[22m [2m(+97ms)[22m 
[2m19:21:44[22m   [34mÔö£ÔöÇ[39m [2m/posts/tunel-de-bielsa-boca-norte-cresta-fronteriza/index.html[22m [2m(+99ms)[22m 
[2m19:21:44[22m   [34mÔö£ÔöÇ[39m [2m/posts/tuqueta-de-bargues-2-617m/index.html[22m [2m(+121ms)[22m 
[2m19:21:44[22m   [34mÔö£ÔöÇ[39m [2m/posts/turbon-tour/index.html[22m [2m(+97ms)[22m 
[2m19:21:44[22m   [34mÔö£ÔöÇ[39m [2m/posts/tutorial-como-fabricar-tu-propio-guardabarros-para-horquilla-de-suspension/index.html[22m [2m(+127ms)[22m 
[2m19:21:44[22m   [34mÔö£ÔöÇ[39m [2m/posts/tutorial-determinar-inclinacion-de-la-pendiente/index.html[22m [2m(+94ms)[22m 
[2m19:21:44[22m   [34mÔö£ÔöÇ[39m [2m/posts/tutorial-fabrica-tu-propio-porta-gps/index.html[22m [2m(+89ms)[22m 
[2m19:21:44[22m   [34mÔö£ÔöÇ[39m [2m/posts/ultimo-peyreget-de-la-temporada/index.html[22m [2m(+91ms)[22m 
[2m19:21:44[22m   [34mÔö£ÔöÇ[39m [2m/posts/ultra-trail-guara-somontano/index.html[22m [2m(+91ms)[22m 
[2m19:21:44[22m   [34mÔö£ÔöÇ[39m [2m/posts/un-finde-movidito-entre-nocito-y-caldearenas/index.html[22m [2m(+92ms)[22m 
[2m19:21:44[22m   [34mÔö£ÔöÇ[39m [2m/posts/un-mito-viviente/index.html[22m [2m(+89ms)[22m 
[2m19:21:45[22m   [34mÔö£ÔöÇ[39m [2m/posts/un-paseo-hasta-el-mandilar-panticosa/index.html[22m [2m(+88ms)[22m 
[2m19:21:45[22m   [34mÔö£ÔöÇ[39m [2m/posts/un-paseo-por-reykjavik-iceland-pills-14/index.html[22m [2m(+92ms)[22m 
[2m19:21:45[22m   [34mÔö£ÔöÇ[39m [2m/posts/un-regalo-del-dios-eolo-2/index.html[22m [2m(+95ms)[22m 
[2m19:21:45[22m   [34mÔö£ÔöÇ[39m [2m/posts/una-de-auroras-boreales/index.html[22m [2m(+90ms)[22m 
[2m19:21:45[22m   [34mÔö£ÔöÇ[39m [2m/posts/una-inmensa-minoria/index.html[22m [2m(+91ms)[22m 
[2m19:21:45[22m   [34mÔö£ÔöÇ[39m [2m/posts/una-nevada-historica-en-imagenes/index.html[22m [2m(+126ms)[22m 
[2m19:21:45[22m   [34mÔö£ÔöÇ[39m [2m/posts/union-de-estaciones-de-esqui-a-traves-de-la-canal-roya/index.html[22m [2m(+90ms)[22m 
[2m19:21:45[22m   [34mÔö£ÔöÇ[39m [2m/posts/uno-de-los-libros-que-no-quieren-que-leamos/index.html[22m [2m(+89ms)[22m 
[2m19:21:45[22m   [34mÔö£ÔöÇ[39m [2m/posts/usa-2012-colorado-trail-2-esto-se-pone-interesante/index.html[22m [2m(+98ms)[22m 
[2m19:21:45[22m   [34mÔö£ÔöÇ[39m [2m/posts/usa-2012-colorado-trail-3-la-brusca-interrupcion/index.html[22m [2m(+92ms)[22m 
[2m19:21:45[22m   [34mÔö£ÔöÇ[39m [2m/posts/usa-2012-colorado-trail-toma-de-contacto/index.html[22m [2m(+92ms)[22m 
[2m19:21:46[22m   [34mÔö£ÔöÇ[39m [2m/posts/usa-2012-grand-canyon-national-park/index.html[22m [2m(+89ms)[22m 
[2m19:21:46[22m   [34mÔö£ÔöÇ[39m [2m/posts/usa-2012-la-serie/index.html[22m [2m(+88ms)[22m 
[2m19:21:46[22m   [34mÔö£ÔöÇ[39m [2m/posts/usa-2012-silverton-to-durango-2-el-tramo-del-ct-que-todo-biker-deberia-hacer-al-menos-una-vez-en-su-vida/index.html[22m [2m(+93ms)[22m 
[2m19:21:46[22m   [34mÔö£ÔöÇ[39m [2m/posts/usa-2012-silverton-to-durango-3-el-tramo-del-ct-que-todo-biker-deberia-hacer-al-menos-una-vez-en-su-vida/index.html[22m [2m(+95ms)[22m 
[2m19:21:46[22m   [34mÔö£ÔöÇ[39m [2m/posts/usa-2012-silverton-to-durango-el-tramo-del-ct-que-todo-biker-deberia-hacer-al-menos-una-vez-en-su-vida/index.html[22m [2m(+89ms)[22m 
[2m19:21:46[22m   [34mÔö£ÔöÇ[39m [2m/posts/usa-2012-yosemite-national-park/index.html[22m [2m(+89ms)[22m 
[2m19:21:46[22m   [34mÔö£ÔöÇ[39m [2m/posts/utah-esta-a-una-hora-en-coche-de-zaragoza/index.html[22m [2m(+127ms)[22m 
[2m19:21:46[22m   [34mÔö£ÔöÇ[39m [2m/posts/uttarakhand-2011-episodio-1/index.html[22m [2m(+94ms)[22m 
[2m19:21:46[22m   [34mÔö£ÔöÇ[39m [2m/posts/uttarakhand-2011-episodio-2/index.html[22m [2m(+87ms)[22m 
[2m19:21:46[22m   [34mÔö£ÔöÇ[39m [2m/posts/uttarakhand-2011-episodio-3/index.html[22m [2m(+93ms)[22m 
[2m19:21:46[22m   [34mÔö£ÔöÇ[39m [2m/posts/uttarakhand-2011-episodio-4/index.html[22m [2m(+94ms)[22m 
[2m19:21:47[22m   [34mÔö£ÔöÇ[39m [2m/posts/uttarakhand-2011-episodio-5/index.html[22m [2m(+96ms)[22m 
[2m19:21:47[22m   [34mÔö£ÔöÇ[39m [2m/posts/vacaciones-en-familia-la-palma-2022/index.html[22m [2m(+97ms)[22m 
[2m19:21:47[22m   [34mÔö£ÔöÇ[39m [2m/posts/vallnord-si-al-final-sabia-que-lo-probaria/index.html[22m [2m(+90ms)[22m 
[2m19:21:47[22m   [34mÔö£ÔöÇ[39m [2m/posts/via-del-diedro-de-hoz-de-jaca/index.html[22m [2m(+93ms)[22m 
[2m19:21:47[22m   [34mÔö£ÔöÇ[39m [2m/posts/via-ferrata-cala-del-moli/index.html[22m [2m(+95ms)[22m 
[2m19:21:47[22m   [34mÔö£ÔöÇ[39m [2m/posts/via-ferrata-de-la-croqueta-de-obarra-k4/index.html[22m [2m(+91ms)[22m 
[2m19:21:47[22m   [34mÔö£ÔöÇ[39m [2m/posts/via-ferrata-el-escuacho-k4/index.html[22m [2m(+89ms)[22m 
[2m19:21:47[22m   [34mÔö£ÔöÇ[39m [2m/posts/v├¡a-ferrata-pared-de-iser├¡as/index.html[22m [2m(+135ms)[22m 
[2m19:21:47[22m   [34mÔö£ÔöÇ[39m [2m/posts/via-ferrata-regina/index.html[22m [2m(+91ms)[22m 
[2m19:21:47[22m   [34mÔö£ÔöÇ[39m [2m/posts/via-mosquitos-la-visera-mallos-de-riglos/index.html[22m [2m(+88ms)[22m 
[2m19:21:48[22m   [34mÔö£ÔöÇ[39m [2m/posts/via-verde-de-la-val-de-zafan/index.html[22m [2m(+96ms)[22m 
[2m19:21:48[22m   [34mÔö£ÔöÇ[39m [2m/posts/via-verde-del-bidasoa/index.html[22m [2m(+89ms)[22m 
[2m19:21:48[22m   [34mÔö£ÔöÇ[39m [2m/posts/via-verde-del-plazaola/index.html[22m [2m(+92ms)[22m 
[2m19:21:48[22m   [34mÔö£ÔöÇ[39m [2m/posts/via-verde-val-de-zafan/index.html[22m [2m(+89ms)[22m 
[2m19:21:48[22m   [34mÔö£ÔöÇ[39m [2m/posts/viajar-a-2-400kmh/index.html[22m [2m(+88ms)[22m 
[2m19:21:48[22m   [34mÔö£ÔöÇ[39m [2m/posts/video-del-pico-barrosa/index.html[22m [2m(+91ms)[22m 
[2m19:21:48[22m   [34mÔö£ÔöÇ[39m [2m/posts/vignemale-por-la-moskowa/index.html[22m [2m(+95ms)[22m 
[2m19:21:48[22m   [34mÔö£ÔöÇ[39m [2m/posts/vik-i-myrdal-iceland-pills-12/index.html[22m [2m(+93ms)[22m 
[2m19:21:48[22m   [34mÔö£ÔöÇ[39m [2m/posts/vira-de-lembarradere-al-midi-dossau-2884m/index.html[22m [2m(+93ms)[22m 
[2m19:21:48[22m   [34mÔö£ÔöÇ[39m [2m/posts/visita-al-muladar-del-tiacuto/index.html[22m [2m(+131ms)[22m 
[2m19:21:49[22m   [34mÔö£ÔöÇ[39m [2m/posts/vuelta-a-guara/index.html[22m [2m(+93ms)[22m 
[2m19:21:49[22m   [34mÔö£ÔöÇ[39m [2m/posts/vuelta-a-guara-enduro-style/index.html[22m [2m(+92ms)[22m 
[2m19:21:49[22m   [34mÔö£ÔöÇ[39m [2m/posts/vuelta-a-punta-suelza/index.html[22m [2m(+90ms)[22m 
[2m19:21:49[22m   [34mÔö£ÔöÇ[39m [2m/posts/vuelta-al-macizo-de-bernera/index.html[22m [2m(+103ms)[22m 
[2m19:21:49[22m   [34mÔö£ÔöÇ[39m [2m/posts/vuelta-al-mall-pintrat/index.html[22m [2m(+96ms)[22m 
[2m19:21:49[22m   [34mÔö£ÔöÇ[39m [2m/posts/vuelta-al-pantano-de-mediano/index.html[22m [2m(+89ms)[22m 
[2m19:21:49[22m   [34mÔö£ÔöÇ[39m [2m/posts/vuelta-al-peyreget-2-483m/index.html[22m [2m(+94ms)[22m 
[2m19:21:49[22m   [34mÔö£ÔöÇ[39m [2m/posts/vuelta-endurera-a-pena-oroel/index.html[22m [2m(+98ms)[22m 
[2m19:21:49[22m   [34mÔö£ÔöÇ[39m [2m/posts/webcams-soloquedalopeor-com/index.html[22m [2m(+97ms)[22m 
[2m19:21:49[22m   [34mÔö£ÔöÇ[39m [2m/posts/wingsuit-base-jumping/index.html[22m [2m(+94ms)[22m 
[2m19:21:49[22m   [34mÔö£ÔöÇ[39m [2m/posts/women-are-awesome-hot-edition-2013-hd/index.html[22m [2m(+99ms)[22m 
[2m19:21:50[22m   [34mÔö£ÔöÇ[39m [2m/posts/xxxi-travesia-altos-pirineos/index.html[22m [2m(+124ms)[22m 
[2m19:21:50[22m   [34mÔö£ÔöÇ[39m [2m/posts/y-la-nieve-se-convirtio-en-cristal/index.html[22m [2m(+94ms)[22m 
[2m19:21:50[22m   [34mÔö£ÔöÇ[39m [2m/posts/zz-040-el-sarrau-del-tuerto/index.html[22m [2m(+94ms)[22m 
[2m19:21:50[22m   [34mÔö£ÔöÇ[39m [2m/projects/index.html[22m [2m(+50ms)[22m 
[2m19:21:50[22m   [34mÔö£ÔöÇ[39m [2m/projects/aneto-en-fatbike/index.html[22m [2m(+82ms)[22m 
[2m19:21:50[22m   [34mÔö£ÔöÇ[39m [2m/projects/aneto-en-fatbike/cronica-de-albertoepic/index.html[22m [2m(+87ms)[22m 
[2m19:21:50[22m   [34mÔö£ÔöÇ[39m [2m/projects/aneto-en-fatbike/gestacion-de-la-idea/index.html[22m [2m(+80ms)[22m 
[2m19:21:50[22m   [34mÔö£ÔöÇ[39m [2m/projects/aneto-en-fatbike/nota-de-prensa/index.html[22m [2m(+87ms)[22m 
[2m19:21:50[22m   [34mÔö£ÔöÇ[39m [2m/robots.txt[22m [2m(+2ms)[22m 
[2m19:21:50[22m   [34mÔö£ÔöÇ[39m [2m/rss.xml[22m [2m(+47ms)[22m 
[2m19:21:50[22m   [34mÔö£ÔöÇ[39m [2m/sitemap.xml[22m [2m(+8ms)[22m 
[2m19:21:50[22m   [34mÔö£ÔöÇ[39m [2m/index.html[22m [31m(+1.08s)[39m 
[2m19:21:51[22m   [34mÔö£ÔöÇ[39m [2m/albertoepic/index.html[22m [2m(+44ms)[22m 
[2m19:21:51[22m   [34mÔö£ÔöÇ[39m [2m/categor├¡as/index.html[22m [2m(+44ms)[22m 
[2m19:21:51[22m   [34mÔö£ÔöÇ[39m [2m/contact/index.html[22m [2m(+43ms)[22m 
[2m19:21:52[22m [32mÔ£ô Completed in 1m 33s.
[39m
[42m[30m generating optimized images [39m[49m
[2m19:21:52[22m   [32mÔûÂ[39m /_assets/open-graph.Dx2bY4jb_NJNKY.webp [2m(reused cache entry)[22m [2m(+2ms)[22m [2m(1/316)[22m
[2m19:21:52[22m   [32mÔûÂ[39m /_assets/otono20_33-1024x576.Bso167a6_1YRDdd.webp [2m(reused cache entry)[22m [2m(+2ms)[22m [2m(2/316)[22m
[2m19:21:52[22m   [32mÔûÂ[39m /_assets/SQLPcomodin.CJXtElW2_Z2w7fhd.webp [2m(reused cache entry)[22m [2m(+2ms)[22m [2m(3/316)[22m
[2m19:21:52[22m   [32mÔûÂ[39m /_assets/Ampriu_Gallinero_Integral_11.7q2pcfgs_l6z05.webp [2m(reused cache entry)[22m [2m(+3ms)[22m [2m(4/316)[22m
[2m19:21:52[22m   [32mÔûÂ[39m /_assets/VueltaMaladetas1.BgymKRi-_usi1H.webp [2m(reused cache entry)[22m [2m(+3ms)[22m [2m(5/316)[22m
[2m19:21:52[22m   [32mÔûÂ[39m /_assets/P3310023-1024x768.db1KLUKm_Z6rQ8Y.webp [2m(reused cache entry)[22m [2m(+4ms)[22m [2m(6/316)[22m
[2m19:21:52[22m   [32mÔûÂ[39m /_assets/ramoncin.D1FglrYQ_I6NNm.webp [2m(reused cache entry)[22m [2m(+4ms)[22m [2m(7/316)[22m
[2m19:21:52[22m   [32mÔûÂ[39m /_assets/formi-229x300.DQvEqVoB_17TArT.webp [2m(reused cache entry)[22m [2m(+4ms)[22m [2m(8/316)[22m
[2m19:21:52[22m   [32mÔûÂ[39m /_assets/1011371-300x225.CI0dGrJ8_ZWULue.webp [2m(reused cache entry)[22m [2m(+4ms)[22m [2m(9/316)[22m
[2m19:21:52[22m   [32mÔûÂ[39m /_assets/415-300x249.BZm9Ea8d_Z2u2r3m.webp [2m(reused cache entry)[22m [2m(+5ms)[22m [2m(10/316)[22m
[2m19:21:52[22m   [32mÔûÂ[39m /_assets/3257221819_aa1e6c1653_o-300x225.BKCy1QOt_ZIVNxi.webp [2m(reused cache entry)[22m [2m(+5ms)[22m [2m(11/316)[22m
[2m19:21:52[22m   [32mÔûÂ[39m /_assets/Sevilla-004-225x300.BCtnPn9u_8D9Cq.webp [2m(reused cache entry)[22m [2m(+5ms)[22m [2m(12/316)[22m
[2m19:21:52[22m   [32mÔûÂ[39m /_assets/Puente-Pilar-en-Gistain-009-300x225.DUz3JEN9_Z1McRGc.webp [2m(reused cache entry)[22m [2m(+5ms)[22m [2m(13/316)[22m
[2m19:21:52[22m   [32mÔûÂ[39m /_assets/CAMINO-AL-CIELO-300x225.Bkdx0qtX_Z1uiLSU.webp [2m(reused cache entry)[22m [2m(+6ms)[22m [2m(14/316)[22m
[2m19:21:52[22m   [32mÔûÂ[39m /_assets/meteora-300x141.C7hRSeAF_ZYvnDj.webp [2m(reused cache entry)[22m [2m(+6ms)[22m [2m(15/316)[22m
[2m19:21:52[22m   [32mÔûÂ[39m /_assets/borrame.BEHyeaz4_2x2v6T.webp [2m(reused cache entry)[22m [2m(+6ms)[22m [2m(16/316)[22m
[2m19:21:52[22m   [32mÔûÂ[39m /_assets/open-graph.Dx2bY4jb_1UMR5R.webp [2m(reused cache entry)[22m [2m(+5ms)[22m [2m(17/316)[22m
[2m19:21:52[22m   [32mÔûÂ[39m /_assets/SQLPcomodin.CJXtElW2_Z2iA0iD.webp [2m(reused cache entry)[22m [2m(+5ms)[22m [2m(18/316)[22m
[2m19:21:52[22m   [32mÔûÂ[39m /_assets/otono20_33-1024x576.Bso167a6_ZghstY.webp [2m(reused cache entry)[22m [2m(+5ms)[22m [2m(19/316)[22m
[2m19:21:52[22m   [32mÔûÂ[39m /_assets/VueltaMaladetas1.BgymKRi-_ZKnUF5.webp [2m(reused cache entry)[22m [2m(+5ms)[22m [2m(20/316)[22m
[2m19:21:52[22m   [32mÔûÂ[39m /_assets/Ampriu_Gallinero_Integral_11.7q2pcfgs_Kk06K.webp [2m(reused cache entry)[22m [2m(+5ms)[22m [2m(21/316)[22m
[2m19:21:52[22m   [32mÔûÂ[39m /_assets/P3310023-1024x768.db1KLUKm_NQYaj.webp [2m(reused cache entry)[22m [2m(+5ms)[22m [2m(22/316)[22m
[2m19:21:52[22m   [32mÔûÂ[39m /_assets/ramoncin.D1FglrYQ_Z187G7o.webp [2m(reused cache entry)[22m [2m(+5ms)[22m [2m(23/316)[22m
[2m19:21:52[22m   [32mÔûÂ[39m /_assets/formi-229x300.DQvEqVoB_1nJKX2.webp [2m(reused cache entry)[22m [2m(+5ms)[22m [2m(24/316)[22m
[2m19:21:52[22m   [32mÔûÂ[39m /_assets/1011371-300x225.CI0dGrJ8_Z1qhCzB.webp [2m(reused cache entry)[22m [2m(+5ms)[22m [2m(25/316)[22m
[2m19:21:52[22m   [32mÔûÂ[39m /_assets/415-300x249.BZm9Ea8d_ZktO1l.webp [2m(reused cache entry)[22m [2m(+5ms)[22m [2m(26/316)[22m
[2m19:21:52[22m   [32mÔûÂ[39m /_assets/Sevilla-004-225x300.BCtnPn9u_ZSna9T.webp [2m(reused cache entry)[22m [2m(+5ms)[22m [2m(27/316)[22m
[2m19:21:52[22m   [32mÔûÂ[39m /_assets/3257221819_aa1e6c1653_o-300x225.BKCy1QOt_Z1pGxJw.webp [2m(reused cache entry)[22m [2m(+5ms)[22m [2m(28/316)[22m
[2m19:21:52[22m   [32mÔûÂ[39m /_assets/Puente-Pilar-en-Gistain-009-300x225.DUz3JEN9_17FP5Y.webp [2m(reused cache entry)[22m [2m(+5ms)[22m [2m(29/316)[22m
[2m19:21:52[22m   [32mÔûÂ[39m /_assets/CAMINO-AL-CIELO-300x225.Bkdx0qtX_Z1hYDx3.webp [2m(reused cache entry)[22m [2m(+5ms)[22m [2m(30/316)[22m
[2m19:21:52[22m   [32mÔûÂ[39m /_assets/borrame.BEHyeaz4_ZcRqlc.webp [2m(reused cache entry)[22m [2m(+5ms)[22m [2m(31/316)[22m
[2m19:21:52[22m   [32mÔûÂ[39m /_assets/meteora-300x141.C7hRSeAF_Z2envc9.webp [2m(reused cache entry)[22m [2m(+5ms)[22m [2m(32/316)[22m
[2m19:21:52[22m   [32mÔûÂ[39m /_assets/punta-espata.CVQy5i_Y_CMJOs.webp [2m(reused cache entry)[22m [2m(+3ms)[22m [2m(33/316)[22m
[2m19:21:52[22m   [32mÔûÂ[39m /_assets/TucdeBaciver-300x205.L5CeN-KK_1h9Xnc.webp [2m(reused cache entry)[22m [2m(+3ms)[22m [2m(34/316)[22m
[2m19:21:52[22m   [32mÔûÂ[39m /_assets/IMG_20210912_114510-scaled-e1632561104763.D1GjJ5kP_wKxBY.webp [2m(reused cache entry)[22m [2m(+3ms)[22m [2m(35/316)[22m
[2m19:21:52[22m   [32mÔûÂ[39m /_assets/qr_bacias.bi8nFfNa_1iITyG.webp [2m(reused cache entry)[22m [2m(+3ms)[22m [2m(36/316)[22m
[2m19:21:52[22m   [32mÔûÂ[39m /_assets/PtaBila.CeOxQ4aW_Z16FWq5.webp [2m(reused cache entry)[22m [2m(+3ms)[22m [2m(37/316)[22m
[2m19:21:52[22m   [32mÔûÂ[39m /_assets/IGP9862_2-300x201.mMp_ngxW_4rN2X.webp [2m(reused cache entry)[22m [2m(+4ms)[22m [2m(38/316)[22m
[2m19:21:52[22m   [32mÔûÂ[39m /_assets/logo_Pano360_600x150-300x80.DhU1r8L0_Z7DTTs.webp [2m(reused cache entry)[22m [2m(+4ms)[22m [2m(39/316)[22m
[2m19:21:52[22m   [32mÔûÂ[39m /_assets/canfrancBTT-1024x576.COMMW5Yw_29ds2C.webp [2m(reused cache entry)[22m [2m(+4ms)[22m [2m(40/316)[22m
[2m19:21:52[22m   [32mÔûÂ[39m /_assets/itinerario.FYXKdJoi_ZttzdI.webp [2m(reused cache entry)[22m [2m(+4ms)[22m [2m(41/316)[22m
[2m19:21:52[22m   [32mÔûÂ[39m /_assets/IMG_20160423_110229_2-01-680x1024.BdJQaxyU_Hawpp.webp [2m(reused cache entry)[22m [2m(+5ms)[22m [2m(42/316)[22m
[2m19:21:52[22m   [32mÔûÂ[39m /_assets/face.CiRP2G9l_1ak5L0.webp [2m(reused cache entry)[22m [2m(+5ms)[22m [2m(43/316)[22m
[2m19:21:52[22m   [32mÔûÂ[39m /_assets/LaTrekTrail22-1024x1024.D_IokSwZ_ZYfFly.webp [2m(reused cache entry)[22m [2m(+5ms)[22m [2m(44/316)[22m
[2m19:21:52[22m   [32mÔûÂ[39m /_assets/LuziaSaseGIF.DB3r9lav_Z2w5AdX.webp [2m(reused cache entry)[22m [2m(+5ms)[22m [2m(45/316)[22m
[2m19:21:52[22m   [32mÔûÂ[39m /_assets/alquezar-five-stars-btt-enduro-4.CW8fJOx9_6FBJB.webp [2m(reused cache entry)[22m [2m(+5ms)[22m [2m(46/316)[22m
[2m19:21:52[22m   [32mÔûÂ[39m /_assets/1507469_10200619214042909_2168104592298731719_o.DzDeUp49_Z5Q294.webp [2m(reused cache entry)[22m [2m(+5ms)[22m [2m(47/316)[22m
[2m19:21:52[22m   [32mÔûÂ[39m /_assets/10333441_393790934093517_6978008660920027892_o.bgZ3U1kG_Z1IoOCm.webp [2m(reused cache entry)[22m [2m(+5ms)[22m [2m(48/316)[22m
[2m19:21:52[22m   [32mÔûÂ[39m /_assets/punta-espata.CVQy5i_Y_ZPGxy8.webp [2m(reused cache entry)[22m [2m(+5ms)[22m [2m(49/316)[22m
[2m19:21:52[22m   [32mÔûÂ[39m /_assets/TucdeBaciver-300x205.L5CeN-KK_Z28FD8K.webp [2m(reused cache entry)[22m [2m(+5ms)[22m [2m(50/316)[22m
[2m19:21:52[22m   [32mÔûÂ[39m /_assets/IMG_20210912_114510-scaled-e1632561104763.D1GjJ5kP_Z1Em7A1.webp [2m(reused cache entry)[22m [2m(+5ms)[22m [2m(51/316)[22m
[2m19:21:52[22m   [32mÔûÂ[39m /_assets/qr_bacias.bi8nFfNa_1TJnnU.webp [2m(reused cache entry)[22m [2m(+5ms)[22m [2m(52/316)[22m
[2m19:21:52[22m   [32mÔûÂ[39m /_assets/PtaBila.CeOxQ4aW_Z1w5K68.webp [2m(reused cache entry)[22m [2m(+5ms)[22m [2m(53/316)[22m
[2m19:21:52[22m   [32mÔûÂ[39m /_assets/IGP9862_2-300x201.mMp_ngxW_ZRFs5l.webp [2m(reused cache entry)[22m [2m(+5ms)[22m [2m(54/316)[22m
[2m19:21:52[22m   [32mÔûÂ[39m /_assets/logo_Pano360_600x150-300x80.DhU1r8L0_Z2iwOmz.webp [2m(reused cache entry)[22m [2m(+5ms)[22m [2m(55/316)[22m
[2m19:21:52[22m   [32mÔûÂ[39m /_assets/canfrancBTT-1024x576.COMMW5Yw_ZC7xCH.webp [2m(reused cache entry)[22m [2m(+5ms)[22m [2m(56/316)[22m
[2m19:21:52[22m   [32mÔûÂ[39m /_assets/itinerario.FYXKdJoi_Z1EXrDT.webp [2m(reused cache entry)[22m [2m(+5ms)[22m [2m(57/316)[22m
[2m19:21:52[22m   [32mÔûÂ[39m /_assets/IMG_20160423_110229_2-01-680x1024.BdJQaxyU_Z1jVWNC.webp [2m(reused cache entry)[22m [2m(+4ms)[22m [2m(58/316)[22m
[2m19:21:52[22m   [32mÔûÂ[39m /_assets/face.CiRP2G9l_Z11Yhl6.webp [2m(reused cache entry)[22m [2m(+5ms)[22m [2m(59/316)[22m
[2m19:21:52[22m   [32mÔûÂ[39m /_assets/LaTrekTrail22-1024x1024.D_IokSwZ_Z2vubkW.webp [2m(reused cache entry)[22m [2m(+5ms)[22m [2m(60/316)[22m
[2m19:21:52[22m   [32mÔûÂ[39m /_assets/LuziaSaseGIF.DB3r9lav_Z2hJDE1.webp [2m(reused cache entry)[22m [2m(+5ms)[22m [2m(61/316)[22m
[2m19:21:52[22m   [32mÔûÂ[39m /_assets/alquezar-five-stars-btt-enduro-4.CW8fJOx9_Z8tOLb.webp [2m(reused cache entry)[22m [2m(+5ms)[22m [2m(62/316)[22m
[2m19:21:52[22m   [32mÔûÂ[39m /_assets/1507469_10200619214042909_2168104592298731719_o.DzDeUp49_Z1e6rIP.webp [2m(reused cache entry)[22m [2m(+5ms)[22m [2m(63/316)[22m
[2m19:21:52[22m   [32mÔûÂ[39m /_assets/10333441_393790934093517_6978008660920027892_o.bgZ3U1kG_ZXhDqD.webp [2m(reused cache entry)[22m [2m(+5ms)[22m [2m(64/316)[22m
[2m19:21:52[22m   [32mÔûÂ[39m /_assets/marco.CcRzrLG7_Z1QWrO1.webp [2m(reused cache entry)[22m [2m(+4ms)[22m [2m(65/316)[22m
[2m19:21:52[22m   [32mÔûÂ[39m /_assets/koldo.Byh--SVz_Z1XJVbd.webp [2m(reused cache entry)[22m [2m(+4ms)[22m [2m(66/316)[22m
[2m19:21:52[22m   [32mÔûÂ[39m /_assets/ruta-300x229.xKSapWv5_1ehbDv.webp [2m(reused cache entry)[22m [2m(+3ms)[22m [2m(67/316)[22m
[2m19:21:52[22m   [32mÔûÂ[39m /_assets/8rodellar.DBX3_zHL_Z7ePGV.webp [2m(reused cache entry)[22m [2m(+3ms)[22m [2m(68/316)[22m
[2m19:21:52[22m   [32mÔûÂ[39m /_assets/ruta2-300x191.CF_7XBuC_2vGNj.webp [2m(reused cache entry)[22m [2m(+4ms)[22m [2m(69/316)[22m
[2m19:21:52[22m   [32mÔûÂ[39m /_assets/btt_Torla4.G6x8QxI1_Z2oRXVB.webp [2m(reused cache entry)[22m [2m(+4ms)[22m [2m(70/316)[22m
[2m19:21:52[22m   [32mÔûÂ[39m /_assets/joseortefly-300x282.NjzXQdLb_ZuhsB5.webp [2m(reused cache entry)[22m [2m(+4ms)[22m [2m(71/316)[22m
[2m19:21:52[22m   [32mÔûÂ[39m /_assets/fotosalidamonegros-300x168.D4lc47Rf_ZeCzMp.webp [2m(reused cache entry)[22m [2m(+4ms)[22m [2m(72/316)[22m
[2m19:21:52[22m   [32mÔûÂ[39m /_assets/Etapa-1-En-el-collado-de-Cullibert-2-300x225.Ck-ardIS_ZbkJKy.webp [2m(reused cache entry)[22m [2m(+4ms)[22m [2m(73/316)[22m
[2m19:21:52[22m   [32mÔûÂ[39m /_assets/btt-ordiceto-300x128.D89DY-v6_2fg6wa.webp [2m(reused cache entry)[22m [2m(+4ms)[22m [2m(74/316)[22m
[2m19:21:52[22m   [32mÔûÂ[39m /_assets/chile-11-300x189.C-Tm9cD9_Z2cQjM3.webp [2m(reused cache entry)[22m [2m(+4ms)[22m [2m(75/316)[22m
[2m19:21:52[22m   [32mÔûÂ[39m /_assets/IMG_7980-198x300.D05srnYH_jfnBT.webp [2m(reused cache entry)[22m [2m(+4ms)[22m [2m(76/316)[22m
[2m19:21:52[22m   [32mÔûÂ[39m /_assets/18-10-2008-20144.CFk6Wqqy_Z1lEWVi.webp [2m(reused cache entry)[22m [2m(+4ms)[22m [2m(77/316)[22m
[2m19:21:52[22m   [32mÔûÂ[39m /_assets/2938570853_6d3b607154_s.CyTgJZ7d_Su2zD.webp [2m(reused cache entry)[22m [2m(+4ms)[22m [2m(78/316)[22m
[2m19:21:52[22m   [32mÔûÂ[39m /_assets/IMG_1756-300x225.BwKCunuQ_GJAtJ.webp [2m(reused cache entry)[22m [2m(+5ms)[22m [2m(79/316)[22m
[2m19:21:52[22m   [32mÔûÂ[39m /_assets/marco.CcRzrLG7_1zNgS3.webp [2m(reused cache entry)[22m [2m(+4ms)[22m [2m(80/316)[22m
[2m19:21:52[22m   [32mÔûÂ[39m /_assets/koldo.Byh--SVz_Z1T7lL2.webp [2m(reused cache entry)[22m [2m(+5ms)[22m [2m(81/316)[22m
[2m19:21:52[22m   [32mÔûÂ[39m /_assets/ruta-300x229.xKSapWv5_2oruva.webp [2m(reused cache entry)[22m [2m(+5ms)[22m [2m(82/316)[22m
[2m19:21:52[22m   [32mÔûÂ[39m /_assets/ruta2-300x191.CF_7XBuC_Z1Pc8eE.webp [2m(reused cache entry)[22m [2m(+4ms)[22m [2m(83/316)[22m
[2m19:21:52[22m   [32mÔûÂ[39m /_assets/btt_Torla4.G6x8QxI1_ZiYh88.webp [2m(reused cache entry)[22m [2m(+4ms)[22m [2m(84/316)[22m
[2m19:21:52[22m   [32mÔûÂ[39m /_assets/joseortefly-300x282.NjzXQdLb_Zkm1fU.webp [2m(reused cache entry)[22m [2m(+5ms)[22m [2m(85/316)[22m
[2m19:21:52[22m   [32mÔûÂ[39m /_assets/logo_Pano360_600x150.BpgV5N8k_kP36t.webp [2m(reused cache entry)[22m [2m(+5ms)[22m [2m(86/316)[22m
[2m19:21:52[22m   [32mÔûÂ[39m /_assets/fotosalidamonegros-300x168.D4lc47Rf_ZKErX7.webp [2m(reused cache entry)[22m [2m(+5ms)[22m [2m(87/316)[22m
[2m19:21:52[22m   [32mÔûÂ[39m /_assets/Etapa-1-En-el-collado-de-Cullibert-2-300x225.Ck-ardIS_14t6WP.webp [2m(reused cache entry)[22m [2m(+5ms)[22m [2m(88/316)[22m
[2m19:21:52[22m   [32mÔûÂ[39m /_assets/chile-11-300x189.C-Tm9cD9_1Je2z0.webp [2m(reused cache entry)[22m [2m(+5ms)[22m [2m(89/316)[22m
[2m19:21:52[22m   [32mÔûÂ[39m /_assets/btt-ordiceto-300x128.D89DY-v6_2sqLjy.webp [2m(reused cache entry)[22m [2m(+5ms)[22m [2m(90/316)[22m
[2m19:21:52[22m   [32mÔûÂ[39m /_assets/IMG_7980-198x300.D05srnYH_Z1ixcPt.webp [2m(reused cache entry)[22m [2m(+5ms)[22m [2m(91/316)[22m
[2m19:21:52[22m   [32mÔûÂ[39m /_assets/18-10-2008-20144.CFk6Wqqy_B9WDV.webp [2m(reused cache entry)[22m [2m(+5ms)[22m [2m(92/316)[22m
[2m19:21:52[22m   [32mÔûÂ[39m /_assets/2938570853_6d3b607154_s.CyTgJZ7d_13SEGh.webp [2m(reused cache entry)[22m [2m(+5ms)[22m [2m(93/316)[22m
[2m19:21:52[22m   [32mÔûÂ[39m /_assets/8rodellar.DBX3_zHL_Z1B1XuU.webp [2m(reused cache entry)[22m [2m(+8ms)[22m [2m(94/316)[22m
[2m19:21:52[22m   [32mÔûÂ[39m /_assets/IMG_1756-300x225.BwKCunuQ_sp2mz.webp [2m(reused cache entry)[22m [2m(+6ms)[22m [2m(95/316)[22m
[2m19:21:52[22m   [32mÔûÂ[39m /_assets/logo_Pano360_600x150.BpgV5N8k_ZKBmIv.webp [2m(reused cache entry)[22m [2m(+4ms)[22m [2m(96/316)[22m
[2m19:21:52[22m   [32mÔûÂ[39m /_assets/autor.Dhln0eL2_Znw9qK.webp [2m(reused cache entry)[22m [2m(+4ms)[22m [2m(97/316)[22m
[2m19:21:52[22m   [32mÔûÂ[39m /_assets/Consaterre1-300x165.BvpJQsFD_Nsu5J.webp [2m(reused cache entry)[22m [2m(+4ms)[22m [2m(98/316)[22m
[2m19:21:52[22m   [32mÔûÂ[39m /_assets/foto1.BAlGmkYW_Z1zk3P2.webp [2m(reused cache entry)[22m [2m(+4ms)[22m [2m(99/316)[22m
[2m19:21:52[22m   [32mÔûÂ[39m /_assets/DSC00312-300x225.QgUDZ-df_Z260YPt.webp [2m(reused cache entry)[22m [2m(+5ms)[22m [2m(100/316)[22m
[2m19:21:52[22m   [32mÔûÂ[39m /_assets/pico-tendenera-2-853m-intento.yDNwdJgN_1c1F9E.webp [2m(reused cache entry)[22m [2m(+4ms)[22m [2m(101/316)[22m
[2m19:21:52[22m   [32mÔûÂ[39m /_assets/javichus-300x225.pomQ8zBE_Z6gmLg.webp [2m(reused cache entry)[22m [2m(+5ms)[22m [2m(102/316)[22m
[2m19:21:52[22m   [32mÔûÂ[39m /_assets/gorgonchon.CvUmfSg6_9Ouri.webp [2m(reused cache entry)[22m [2m(+5ms)[22m [2m(103/316)[22m
[2m19:21:52[22m   [32mÔûÂ[39m /_assets/el-gigante-dormido-300x98.DWURDSb5_1LIWjJ.webp [2m(reused cache entry)[22m [2m(+5ms)[22m [2m(104/316)[22m
[2m19:21:52[22m   [32mÔûÂ[39m /_assets/diente-de-batanes-occidental.PWUy6w44_2aU2WG.webp [2m(reused cache entry)[22m [2m(+4ms)[22m [2m(105/316)[22m
[2m19:21:52[22m   [32mÔûÂ[39m /_assets/skimo-en-las-lofoten.ChUrma2j_1DEfY3.webp [2m(reused cache entry)[22m [2m(+4ms)[22m [2m(106/316)[22m
[2m19:21:52[22m   [32mÔûÂ[39m /_assets/P4051054-1024x768.xg-3E5jN_Z1pdKsL.webp [2m(reused cache entry)[22m [2m(+4ms)[22m [2m(107/316)[22m
[2m19:21:52[22m   [32mÔûÂ[39m /_assets/P4040548-1024x768.CfdTUdtF_Z21GRty.webp [2m(reused cache entry)[22m [2m(+5ms)[22m [2m(108/316)[22m
[2m19:21:52[22m   [32mÔûÂ[39m /_assets/P4030396-1024x768.bR_B6PbW_21Pmeh.webp [2m(reused cache entry)[22m [2m(+5ms)[22m [2m(109/316)[22m
[2m19:21:52[22m   [32mÔûÂ[39m /_assets/P4020253-1024x768.UzlhigVy_Z2kPBi4.webp [2m(reused cache entry)[22m [2m(+5ms)[22m [2m(110/316)[22m
[2m19:21:52[22m   [32mÔûÂ[39m /_assets/autor.Dhln0eL2_1LnjkL.webp [2m(reused cache entry)[22m [2m(+5ms)[22m [2m(111/316)[22m
[2m19:21:52[22m   [32mÔûÂ[39m /_assets/Consaterre1-300x165.BvpJQsFD_ZtAl2Y.webp [2m(reused cache entry)[22m [2m(+5ms)[22m [2m(112/316)[22m
[2m19:21:52[22m   [32mÔûÂ[39m /_assets/foto1.BAlGmkYW_mUaIF.webp [2m(reused cache entry)[22m [2m(+5ms)[22m [2m(113/316)[22m
[2m19:21:52[22m   [32mÔûÂ[39m /_assets/P4010148-1024x768.CpwjlxfL_ZrFyXz.webp [2m(reused cache entry)[22m [2m(+4ms)[22m [2m(114/316)[22m
[2m19:21:52[22m   [32mÔûÂ[39m /_assets/DSC00312-300x225.QgUDZ-df_8720Q.webp [2m(reused cache entry)[22m [2m(+5ms)[22m [2m(115/316)[22m
[2m19:21:52[22m   [32mÔûÂ[39m /_assets/Neouvielle-300x300.D74v6Y8n_1gvApP.webp [2m(reused cache entry)[22m [2m(+5ms)[22m [2m(116/316)[22m
[2m19:21:52[22m   [32mÔûÂ[39m /_assets/javichus-300x225.pomQ8zBE_XTDkf.webp [2m(reused cache entry)[22m [2m(+5ms)[22m [2m(117/316)[22m
[2m19:21:52[22m   [32mÔûÂ[39m /_assets/pico-tendenera-2-853m-intento.yDNwdJgN_Z2tQbJg.webp [2m(reused cache entry)[22m [2m(+5ms)[22m [2m(118/316)[22m
[2m19:21:52[22m   [32mÔûÂ[39m /_assets/gorgonchon.CvUmfSg6_ye5s2.webp [2m(reused cache entry)[22m [2m(+5ms)[22m [2m(119/316)[22m
[2m19:21:52[22m   [32mÔûÂ[39m /_assets/el-gigante-dormido-300x98.DWURDSb5_ZTOzRo.webp [2m(reused cache entry)[22m [2m(+5ms)[22m [2m(120/316)[22m
[2m19:21:52[22m   [32mÔûÂ[39m /_assets/diente-de-batanes-occidental.PWUy6w44_Z29A9yj.webp [2m(reused cache entry)[22m [2m(+5ms)[22m [2m(121/316)[22m
[2m19:21:52[22m   [32mÔûÂ[39m /_assets/skimo-en-las-lofoten.ChUrma2j_Z1vDlcV.webp [2m(reused cache entry)[22m [2m(+5ms)[22m [2m(122/316)[22m
[2m19:21:52[22m   [32mÔûÂ[39m /_assets/P4051054-1024x768.xg-3E5jN_WC1Eo.webp [2m(reused cache entry)[22m [2m(+5ms)[22m [2m(123/316)[22m
[2m19:21:52[22m   [32mÔûÂ[39m /_assets/P4040548-1024x768.CfdTUdtF_2fC2wJ.webp [2m(reused cache entry)[22m [2m(+5ms)[22m [2m(124/316)[22m
[2m19:21:52[22m   [32mÔûÂ[39m /_assets/P4030396-1024x768.bR_B6PbW_UwTli.webp [2m(reused cache entry)[22m [2m(+5ms)[22m [2m(125/316)[22m
[2m19:21:52[22m   [32mÔûÂ[39m /_assets/P4020253-1024x768.UzlhigVy_Z2nBzN5.webp [2m(reused cache entry)[22m [2m(+5ms)[22m [2m(126/316)[22m
[2m19:21:52[22m   [32mÔûÂ[39m /_assets/Neouvielle-300x300.D74v6Y8n_Z2gHiuG.webp [2m(reused cache entry)[22m [2m(+4ms)[22m [2m(127/316)[22m
[2m19:21:52[22m   [32mÔûÂ[39m /_assets/P4010148-1024x768.CpwjlxfL_ci05S.webp [2m(reused cache entry)[22m [2m(+5ms)[22m [2m(128/316)[22m
[2m19:21:52[22m   [32mÔûÂ[39m /_assets/skimo-pico-de-alba-3-112m.DsvHiaj3_2vFESh.webp [2m(reused cache entry)[22m [2m(+4ms)[22m [2m(129/316)[22m
[2m19:21:52[22m   [32mÔûÂ[39m /_assets/Tendenera_planeta2-150x150.Caxo268y_27mQv6.webp [2m(reused cache entry)[22m [2m(+5ms)[22m [2m(130/316)[22m
[2m19:21:52[22m   [32mÔûÂ[39m /_assets/vueltaMPin1.oAVsvC4Y_Z1bcs9t.webp [2m(reused cache entry)[22m [2m(+4ms)[22m [2m(131/316)[22m
[2m19:21:52[22m   [32mÔûÂ[39m /_assets/NoticiaPeriodico-706x1024.BVFWoGM1_16yd3d.webp [2m(reused cache entry)[22m [2m(+5ms)[22m [2m(132/316)[22m
[2m19:21:52[22m   [32mÔûÂ[39m /_assets/espelunciecha-748x1024.D79yJSI7_Z1sSzvg.webp [2m(reused cache entry)[22m [2m(+4ms)[22m [2m(133/316)[22m
[2m19:21:52[22m   [32mÔûÂ[39m /_assets/astun1.ZuzvOQUJ_1NqPh9.webp [2m(reused cache entry)[22m [2m(+5ms)[22m [2m(134/316)[22m
[2m19:21:52[22m   [32mÔûÂ[39m /_assets/haute-route-2015-swiss-style-episodio-5.B7WIZd4G_ZAaDLM.webp [2m(reused cache entry)[22m [2m(+4ms)[22m [2m(135/316)[22m
[2m19:21:52[22m   [32mÔûÂ[39m /_assets/Tende5.C7KuvC0k_1WXEPy.webp [2m(reused cache entry)[22m [2m(+4ms)[22m [2m(136/316)[22m
[2m19:21:52[22m   [32mÔûÂ[39m /_assets/fotito.CJGy9wyT_2sAqF4.webp [2m(reused cache entry)[22m [2m(+4ms)[22m [2m(137/316)[22m
[2m19:21:52[22m   [32mÔûÂ[39m /_assets/SILVRETA.C9PqzVxY_Z2fzR8d.webp [2m(reused cache entry)[22m [2m(+4ms)[22m [2m(138/316)[22m
[2m19:21:52[22m   [32mÔûÂ[39m /_assets/alud.CXM_431k_Z2hAcU5.webp [2m(reused cache entry)[22m [2m(+4ms)[22m [2m(139/316)[22m
[2m19:21:52[22m   [32mÔûÂ[39m /_assets/fotitopaborrar-300x191.BubDB79__1GXRL0.webp [2m(reused cache entry)[22m [2m(+4ms)[22m [2m(140/316)[22m
[2m19:21:52[22m   [32mÔûÂ[39m /_assets/MaladetaOriental-225x300.B2jrOwdo_Z1j95Dx.webp [2m(reused cache entry)[22m [2m(+4ms)[22m [2m(141/316)[22m
[2m19:21:52[22m   [32mÔûÂ[39m /_assets/skimo-pico-de-alba-3-112m.DsvHiaj3_Z1FfVGE.webp [2m(reused cache entry)[22m [2m(+4ms)[22m [2m(142/316)[22m
[2m19:21:52[22m   [32mÔûÂ[39m /_assets/Tendenera_planeta2-150x150.Caxo268y_1dLnXy.webp [2m(reused cache entry)[22m [2m(+4ms)[22m [2m(143/316)[22m
[2m19:21:52[22m   [32mÔûÂ[39m /_assets/soba1-300x222.BSHvvgL7_Nj1KW.webp [2m(reused cache entry)[22m [2m(+4ms)[22m [2m(144/316)[22m
[2m19:21:52[22m   [32mÔûÂ[39m /_assets/vueltaMPin1.oAVsvC4Y_ZrawFn.webp [2m(reused cache entry)[22m [2m(+4ms)[22m [2m(145/316)[22m
[2m19:21:52[22m   [32mÔûÂ[39m /_assets/NoticiaPeriodico-706x1024.BVFWoGM1_jJcHI.webp [2m(reused cache entry)[22m [2m(+5ms)[22m [2m(146/316)[22m
[2m19:21:52[22m   [32mÔûÂ[39m /_assets/glaciarAneto-300x275.B7osN3n0_ZuDao7.webp [2m(reused cache entry)[22m [2m(+5ms)[22m [2m(147/316)[22m
[2m19:21:52[22m   [32mÔûÂ[39m /_assets/fotaza-300x153.D9owMRAq_LqpPO.webp [2m(reused cache entry)[22m [2m(+5ms)[22m [2m(148/316)[22m
[2m19:21:52[22m   [32mÔûÂ[39m /_assets/espelunciecha-748x1024.D79yJSI7_ZzblvI.webp [2m(reused cache entry)[22m [2m(+5ms)[22m [2m(149/316)[22m
[2m19:21:52[22m   [32mÔûÂ[39m /_assets/astun1.ZuzvOQUJ_23QbAo.webp [2m(reused cache entry)[22m [2m(+5ms)[22m [2m(150/316)[22m
[2m19:21:52[22m   [32mÔûÂ[39m /_assets/haute-route-2015-swiss-style-episodio-5.B7WIZd4G_ZWHJLu.webp [2m(reused cache entry)[22m [2m(+5ms)[22m [2m(151/316)[22m
[2m19:21:52[22m   [32mÔûÂ[39m /_assets/Tende5.C7KuvC0k_2iX5BR.webp [2m(reused cache entry)[22m [2m(+5ms)[22m [2m(152/316)[22m
[2m19:21:52[22m   [32mÔûÂ[39m /_assets/fotito.CJGy9wyT_Z1iCDiC.webp [2m(reused cache entry)[22m [2m(+5ms)[22m [2m(153/316)[22m
[2m19:21:52[22m   [32mÔûÂ[39m /_assets/SILVRETA.C9PqzVxY_Z1J7Odp.webp [2m(reused cache entry)[22m [2m(+5ms)[22m [2m(154/316)[22m
[2m19:21:52[22m   [32mÔûÂ[39m /_assets/alud.CXM_431k_Z1qpJx1.webp [2m(reused cache entry)[22m [2m(+5ms)[22m [2m(155/316)[22m
[2m19:21:52[22m   [32mÔûÂ[39m /_assets/fotitopaborrar-300x191.BubDB79__ajQ9x.webp [2m(reused cache entry)[22m [2m(+6ms)[22m [2m(156/316)[22m
[2m19:21:52[22m   [32mÔûÂ[39m /_assets/MaladetaOriental-225x300.B2jrOwdo_Zhvlrh.webp [2m(reused cache entry)[22m [2m(+5ms)[22m [2m(157/316)[22m
[2m19:21:52[22m   [32mÔûÂ[39m /_assets/soba1-300x222.BSHvvgL7_1Ayqhq.webp [2m(reused cache entry)[22m [2m(+5ms)[22m [2m(158/316)[22m
[2m19:21:52[22m   [32mÔûÂ[39m /_assets/Chus-Petrechema3-300x141.XSJPkR1x_ZWAJO5.webp [2m(reused cache entry)[22m [2m(+5ms)[22m [2m(159/316)[22m
[2m19:21:52[22m   [32mÔûÂ[39m /_assets/glaciarAneto-300x275.B7osN3n0_Z1usvb8.webp [2m(reused cache entry)[22m [2m(+5ms)[22m [2m(160/316)[22m
[2m19:21:52[22m   [32mÔûÂ[39m /_assets/foratulas-300x176.CFqeR8KH_LTuWX.webp [2m(reused cache entry)[22m [2m(+5ms)[22m [2m(161/316)[22m
[2m19:21:52[22m   [32mÔûÂ[39m /_assets/fotaza-300x153.D9owMRAq_Z1xePFS.webp [2m(reused cache entry)[22m [2m(+5ms)[22m [2m(162/316)[22m
[2m19:21:52[22m   [32mÔûÂ[39m /_assets/P1200163-300x194.D7B8axGT_1g4rlh.webp [2m(reused cache entry)[22m [2m(+5ms)[22m [2m(163/316)[22m
[2m19:21:52[22m   [32mÔûÂ[39m /_assets/collarada-sin-comida.CJvjsZ2B_1lHKvQ.webp [2m(reused cache entry)[22m [2m(+5ms)[22m [2m(164/316)[22m
[2m19:21:52[22m   [32mÔûÂ[39m /_assets/Anayet-002-300x225.CUybQTFR_AzhqV.webp [2m(reused cache entry)[22m [2m(+5ms)[22m [2m(165/316)[22m
[2m19:21:52[22m   [32mÔûÂ[39m /_assets/entrenando-por-la-sierra-de-guadarrama.BG1JQuRY_Z1IPJBF.webp [2m(reused cache entry)[22m [2m(+4ms)[22m [2m(166/316)[22m
[2m19:21:52[22m   [32mÔûÂ[39m /_assets/SALIMOS_CON_LAS_PRIMERAS_LUCES-300x190.jtg9ydjX_Zpu3eq.webp [2m(reused cache entry)[22m [2m(+4ms)[22m [2m(167/316)[22m
[2m19:21:52[22m   [32mÔûÂ[39m /_assets/TODOS_CAMINO_DE_LA_ULTIMA_RAMPA_AL_COLL_DE_ASTUN-300x225.D2h4nlgm_1dbPSd.webp [2m(reused cache entry)[22m [2m(+4ms)[22m [2m(168/316)[22m
[2m19:21:52[22m   [32mÔûÂ[39m /_assets/laigueta-de-barbaruens.IDZSRuYN_Z1t8WGq.webp [2m(reused cache entry)[22m [2m(+4ms)[22m [2m(169/316)[22m
[2m19:21:52[22m   [32mÔûÂ[39m /_assets/Diedro-de-Hoz-218x300.OVjgwr8x_Z1nhgxc.webp [2m(reused cache entry)[22m [2m(+4ms)[22m [2m(170/316)[22m
[2m19:21:52[22m   [32mÔûÂ[39m /_assets/nw_6-150x150.Dhcrf4WL_ZE1Jzb.webp [2m(reused cache entry)[22m [2m(+5ms)[22m [2m(171/316)[22m
[2m19:21:52[22m   [32mÔûÂ[39m /_assets/IGP0499_1-300x201.I_yEDlBU_ZcJ4ei.webp [2m(reused cache entry)[22m [2m(+4ms)[22m [2m(172/316)[22m
[2m19:21:52[22m   [32mÔûÂ[39m /_assets/Chus-Petrechema3-300x141.XSJPkR1x_u1Vy5.webp [2m(reused cache entry)[22m [2m(+4ms)[22m [2m(173/316)[22m
[2m19:21:52[22m   [32mÔûÂ[39m /_assets/barranco-de-las-12-cascadas-de-liri-2.F-kFNIyb_IMAKp.webp [2m(reused cache entry)[22m [2m(+4ms)[22m [2m(174/316)[22m
[2m19:21:52[22m   [32mÔûÂ[39m /_assets/foratulas-300x176.CFqeR8KH_QAL5U.webp [2m(reused cache entry)[22m [2m(+4ms)[22m [2m(175/316)[22m
[2m19:21:52[22m   [32mÔûÂ[39m /_assets/AlbertoEpic.C_eTnShE_yiqMC.webp [2m(reused cache entry)[22m [2m(+4ms)[22m [2m(176/316)[22m
[2m19:21:52[22m   [32mÔûÂ[39m /_assets/P1200163-300x194.D7B8axGT_Z2qibco.webp [2m(reused cache entry)[22m [2m(+5ms)[22m [2m(177/316)[22m
[2m19:21:52[22m   [32mÔûÂ[39m /_assets/cheles.C3VdzWXD_GON7w.webp [2m(reused cache entry)[22m [2m(+5ms)[22m [2m(178/316)[22m
[2m19:21:52[22m   [32mÔûÂ[39m /_assets/pico-castanesa-2859m-y-sierra-negra-emtb.DyJlzlk7_Z146jae.webp [2m(reused cache entry)[22m [2m(+5ms)[22m [2m(179/316)[22m
[2m19:21:52[22m   [32mÔûÂ[39m /_assets/collarada-sin-comida.CJvjsZ2B_atOfz.webp [2m(reused cache entry)[22m [2m(+5ms)[22m [2m(180/316)[22m
[2m19:21:52[22m   [32mÔûÂ[39m /_assets/Anayet-002-300x225.CUybQTFR_2l9L92.webp [2m(reused cache entry)[22m [2m(+5ms)[22m [2m(181/316)[22m
[2m19:21:52[22m   [32mÔûÂ[39m /_assets/SALIMOS_CON_LAS_PRIMERAS_LUCES-300x190.jtg9ydjX_Zxzu43.webp [2m(reused cache entry)[22m [2m(+5ms)[22m [2m(182/316)[22m
[2m19:21:52[22m   [32mÔûÂ[39m /_assets/entrenando-por-la-sierra-de-guadarrama.BG1JQuRY_ZH0Rkc.webp [2m(reused cache entry)[22m [2m(+5ms)[22m [2m(183/316)[22m
[2m19:21:52[22m   [32mÔûÂ[39m /_assets/TODOS_CAMINO_DE_LA_ULTIMA_RAMPA_AL_COLL_DE_ASTUN-300x225.D2h4nlgm_Z2sRava.webp [2m(reused cache entry)[22m [2m(+4ms)[22m [2m(184/316)[22m
[2m19:21:52[22m   [32mÔûÂ[39m /_assets/laigueta-de-barbaruens.IDZSRuYN_Z1QRxIU.webp [2m(reused cache entry)[22m [2m(+5ms)[22m [2m(185/316)[22m
[2m19:21:52[22m   [32mÔûÂ[39m /_assets/Diedro-de-Hoz-218x300.OVjgwr8x_1ICXar.webp [2m(reused cache entry)[22m [2m(+5ms)[22m [2m(186/316)[22m
[2m19:21:52[22m   [32mÔûÂ[39m /_assets/nw_6-150x150.Dhcrf4WL_ZfXYqT.webp [2m(reused cache entry)[22m [2m(+5ms)[22m [2m(187/316)[22m
[2m19:21:52[22m   [32mÔûÂ[39m /_assets/IGP0499_1-300x201.I_yEDlBU_xFJLo.webp [2m(reused cache entry)[22m [2m(+5ms)[22m [2m(188/316)[22m
[2m19:21:52[22m   [32mÔûÂ[39m /_assets/barranco-de-las-12-cascadas-de-liri-2.F-kFNIyb_mkp8j.webp [2m(reused cache entry)[22m [2m(+5ms)[22m [2m(189/316)[22m
[2m19:21:52[22m   [32mÔûÂ[39m /_assets/AlbertoEpic.C_eTnShE_Z2fEc9B.webp [2m(reused cache entry)[22m [2m(+5ms)[22m [2m(190/316)[22m
[2m19:21:52[22m   [32mÔûÂ[39m /_assets/via-verde-de-la-val-de-zafan.DeqrzFEe_1FqcbD.webp [2m(reused cache entry)[22m [2m(+5ms)[22m [2m(191/316)[22m
[2m19:21:52[22m   [32mÔûÂ[39m /_assets/cheles.C3VdzWXD_Z88Dl7.webp [2m(reused cache entry)[22m [2m(+5ms)[22m [2m(192/316)[22m
[2m19:21:52[22m   [32mÔûÂ[39m /_assets/topo-barranco-sorrosal.BfX1btuE_Z1X7C6U.webp [2m(reused cache entry)[22m [2m(+5ms)[22m [2m(193/316)[22m
[2m19:21:52[22m   [32mÔûÂ[39m /_assets/pico-castanesa-2859m-y-sierra-negra-emtb.DyJlzlk7_ZmFK5j.webp [2m(reused cache entry)[22m [2m(+5ms)[22m [2m(194/316)[22m
[2m19:21:52[22m   [32mÔûÂ[39m /_assets/SarrauTu1.DT9-h_vI_1U6cRr.webp [2m(reused cache entry)[22m [2m(+5ms)[22m [2m(195/316)[22m
[2m19:21:52[22m   [32mÔûÂ[39m /_assets/QR-Loire.QLYv98B9_Z1lxbk8.webp [2m(reused cache entry)[22m [2m(+4ms)[22m [2m(196/316)[22m
[2m19:21:52[22m   [32mÔûÂ[39m /_assets/pena-foratata.BgI6g76H_PX5LQ.webp [2m(reused cache entry)[22m [2m(+4ms)[22m [2m(197/316)[22m
[2m19:21:52[22m   [32mÔûÂ[39m /_assets/camino-natural-de-la-hoya-de-huesca.CiY6z_2r_TIRTL.webp [2m(reused cache entry)[22m [2m(+4ms)[22m [2m(198/316)[22m
[2m19:21:52[22m   [32mÔûÂ[39m /_assets/used08-66-300x200.RO7WHp5W_8yaXo.webp [2m(reused cache entry)[22m [2m(+4ms)[22m [2m(199/316)[22m
[2m19:21:52[22m   [32mÔûÂ[39m /_assets/Pedals-d-27Occitania-086-300x225.DpRQ_1C__ZP3nfH.webp [2m(reused cache entry)[22m [2m(+5ms)[22m [2m(200/316)[22m
[2m19:21:52[22m   [32mÔûÂ[39m /_assets/oturia-x2-crnica-de-una-paliza-anunciada.DOQi33ym_ZrRwag.webp [2m(reused cache entry)[22m [2m(+5ms)[22m [2m(201/316)[22m
[2m19:21:52[22m   [32mÔûÂ[39m /_assets/avioneta.CbbqFvLc_ZYgFIa.webp [2m(reused cache entry)[22m [2m(+5ms)[22m [2m(202/316)[22m
[2m19:21:52[22m   [32mÔûÂ[39m /_assets/Sin-titulo_1.7.3-1024x576.DQrEVl5U_2e0XTY.webp [2m(reused cache entry)[22m [2m(+5ms)[22m [2m(203/316)[22m
[2m19:21:52[22m   [32mÔûÂ[39m /_assets/rss-icon.DU6tEXze_194UM4.webp [2m(reused cache entry)[22m [2m(+5ms)[22m [2m(204/316)[22m
[2m19:21:52[22m   [32mÔûÂ[39m /_assets/via-verde-de-la-val-de-zafan.DeqrzFEe_1oHfqy.webp [2m(reused cache entry)[22m [2m(+5ms)[22m [2m(205/316)[22m
[2m19:21:52[22m   [32mÔûÂ[39m /_assets/via-ferrata-de-la-croqueta-de-obarra-k4-1.0ZK7aD98_Z1vMjTr.webp [2m(reused cache entry)[22m [2m(+5ms)[22m [2m(206/316)[22m
[2m19:21:52[22m   [32mÔûÂ[39m /_assets/topo-barranco-sorrosal.BfX1btuE_ZFIeGf.webp [2m(reused cache entry)[22m [2m(+5ms)[22m [2m(207/316)[22m
[2m19:21:52[22m   [32mÔûÂ[39m /_assets/P1130039-300x225.BeokWx79_ZHKt3A.webp [2m(reused cache entry)[22m [2m(+5ms)[22m [2m(208/316)[22m
[2m19:21:52[22m   [32mÔûÂ[39m /_assets/SarrauTu1.DT9-h_vI_1CpX16.webp [2m(reused cache entry)[22m [2m(+5ms)[22m [2m(209/316)[22m
[2m19:21:52[22m   [32mÔûÂ[39m /_assets/RutAgua6-1536x1152.D1wXSSml_15U5RO.webp [2m(reused cache entry)[22m [2m(+5ms)[22m [2m(210/316)[22m
[2m19:21:52[22m   [32mÔûÂ[39m /_assets/FN2012.BcKMgITB_ZqQvGe.webp [2m(reused cache entry)[22m [2m(+5ms)[22m [2m(211/316)[22m
[2m19:21:52[22m   [32mÔûÂ[39m /_assets/QR-Loire.QLYv98B9_B87cv.webp [2m(reused cache entry)[22m [2m(+5ms)[22m [2m(212/316)[22m
[2m19:21:52[22m   [32mÔûÂ[39m /_assets/pena-foratata.BgI6g76H_Z10A8Tl.webp [2m(reused cache entry)[22m [2m(+5ms)[22m [2m(213/316)[22m
[2m19:21:52[22m   [32mÔûÂ[39m /_assets/used08-66-300x200.RO7WHp5W_1cybzR.webp [2m(reused cache entry)[22m [2m(+5ms)[22m [2m(214/316)[22m
[2m19:21:52[22m   [32mÔûÂ[39m /_assets/camino-natural-de-la-hoya-de-huesca.CiY6z_2r_Z1ukV1U.webp [2m(reused cache entry)[22m [2m(+5ms)[22m [2m(215/316)[22m
[2m19:21:52[22m   [32mÔûÂ[39m /_assets/Pedals-d-27Occitania-086-300x225.DpRQ_1C__2jG5TV.webp [2m(reused cache entry)[22m [2m(+5ms)[22m [2m(216/316)[22m
[2m19:21:52[22m   [32mÔûÂ[39m /_assets/oturia-x2-crnica-de-una-paliza-anunciada.DOQi33ym_Z1MsVn4.webp [2m(reused cache entry)[22m [2m(+5ms)[22m [2m(217/316)[22m
[2m19:21:52[22m   [32mÔûÂ[39m /_assets/avioneta.CbbqFvLc_1K7nlC.webp [2m(reused cache entry)[22m [2m(+5ms)[22m [2m(218/316)[22m
[2m19:21:52[22m   [32mÔûÂ[39m /_assets/Sin-titulo_1.7.3-1024x576.DQrEVl5U_ZtwYbV.webp [2m(reused cache entry)[22m [2m(+5ms)[22m [2m(219/316)[22m
[2m19:21:52[22m   [32mÔûÂ[39m /_assets/rss-icon.DU6tEXze_1SvyzA.webp [2m(reused cache entry)[22m [2m(+5ms)[22m [2m(220/316)[22m
[2m19:21:52[22m   [32mÔûÂ[39m /_assets/via-ferrata-de-la-croqueta-de-obarra-k4-1.0ZK7aD98_NyinS.webp [2m(reused cache entry)[22m [2m(+5ms)[22m [2m(221/316)[22m
[2m19:21:52[22m   [32mÔûÂ[39m /_assets/hay-alternativas-portada-250x374-201x300.BkDSna2w_2vFB40.webp [2m(reused cache entry)[22m [2m(+5ms)[22m [2m(222/316)[22m
[2m19:21:52[22m   [32mÔûÂ[39m /_assets/P1130039-300x225.BeokWx79_2gp1MO.webp [2m(reused cache entry)[22m [2m(+5ms)[22m [2m(223/316)[22m
[2m19:21:52[22m   [32mÔûÂ[39m /_assets/FN2012.BcKMgITB_2Ji63.webp [2m(reused cache entry)[22m [2m(+5ms)[22m [2m(224/316)[22m
[2m19:21:52[22m   [32mÔûÂ[39m /_assets/dmsqlp.CH9mPX5T_2dYqrH.webp [2m(reused cache entry)[22m [2m(+5ms)[22m [2m(225/316)[22m
[2m19:21:52[22m   [32mÔûÂ[39m /_assets/RutAgua6-1536x1152.D1wXSSml_2j9s3q.webp [2m(reused cache entry)[22m [2m(+5ms)[22m [2m(226/316)[22m
[2m19:21:52[22m   [32mÔûÂ[39m /_assets/DJI_0087-Mejorado-NR-1024x768.Dv0xcjf1_1xLOYl.webp [2m(reused cache entry)[22m [2m(+4ms)[22m [2m(227/316)[22m
[2m19:21:52[22m   [32mÔûÂ[39m /_assets/P6210104-Mejorado-NR-1024x768.Cv2tk3p0_Z1VxBcg.webp [2m(reused cache entry)[22m [2m(+4ms)[22m [2m(228/316)[22m
[2m19:21:52[22m   [32mÔûÂ[39m /_assets/WhatsApp-Image-2024-06-20-at-13.24.13-4-768x1024.C1r5kIot_SL1ah.webp [2m(reused cache entry)[22m [2m(+4ms)[22m [2m(229/316)[22m
[2m19:21:52[22m   [32mÔûÂ[39m /_assets/lrs-la-raca-sunset-skimo.CTYLfLXg_Z1bLwVv.webp [2m(reused cache entry)[22m [2m(+4ms)[22m [2m(230/316)[22m
[2m19:21:52[22m   [32mÔûÂ[39m /_assets/aspe-2645m-skimo-por-la-cara-sur-1.CMig-aNI_1Nqjlc.webp [2m(reused cache entry)[22m [2m(+4ms)[22m [2m(231/316)[22m
[2m19:21:52[22m   [32mÔûÂ[39m /_assets/fenis-2846m-skimo-primaveral.DwSA2uM1_Z2mCyVl.webp [2m(reused cache entry)[22m [2m(+4ms)[22m [2m(232/316)[22m
[2m19:21:52[22m   [32mÔûÂ[39m /_assets/barranco-del-formiga-hero.BBEJ-dXk_CUw8k.webp [2m(reused cache entry)[22m [2m(+5ms)[22m [2m(233/316)[22m
[2m19:21:52[22m   [32mÔûÂ[39m /_assets/barranco-forcos-1.DxdZmanY_2moL2B.webp [2m(reused cache entry)[22m [2m(+5ms)[22m [2m(234/316)[22m
[2m19:21:52[22m   [32mÔûÂ[39m /_assets/biel-castillo-de-iglesia-de-san-martn.CkQPR4cU_BBCoU.webp [2m(reused cache entry)[22m [2m(+5ms)[22m [2m(235/316)[22m
[2m19:21:52[22m   [32mÔûÂ[39m /_assets/hay-alternativas-portada-250x374-201x300.BkDSna2w_Z15Vr0Q.webp [2m(reused cache entry)[22m [2m(+5ms)[22m [2m(236/316)[22m
[2m19:21:52[22m   [32mÔûÂ[39m /_assets/PA310063-300x225.PIRGdesF_Z1Si01G.webp [2m(reused cache entry)[22m [2m(+5ms)[22m [2m(237/316)[22m
[2m19:21:52[22m   [32mÔûÂ[39m /_assets/pp30-rincn-del-cielo-desde-linsoles.BaK6DOuL_Z19Fit0.webp [2m(reused cache entry)[22m [2m(+5ms)[22m [2m(238/316)[22m
[2m19:21:52[22m   [32mÔûÂ[39m /_assets/dmsqlp.CH9mPX5T_1qWwx4.webp [2m(reused cache entry)[22m [2m(+4ms)[22m [2m(239/316)[22m
[2m19:21:52[22m   [32mÔûÂ[39m /_assets/P3160067-Mejorado-NR-1024x768.D4zv39yd_Z1vSAXS.webp [2m(reused cache entry)[22m [2m(+5ms)[22m [2m(240/316)[22m
[2m19:21:52[22m   [32mÔûÂ[39m /_assets/moli1.SVO7z55e_Z1nvoNw.webp [2m(reused cache entry)[22m [2m(+5ms)[22m [2m(241/316)[22m
[2m19:21:52[22m   [32mÔûÂ[39m /_assets/va-ferrata-pared-de-iseras-1.CpapoOLo_17BgC7.webp [2m(reused cache entry)[22m [2m(+5ms)[22m [2m(242/316)[22m
[2m19:21:52[22m   [32mÔûÂ[39m /_assets/DJI_0087-Mejorado-NR-1024x768.Dv0xcjf1_Z2ti1NA.webp [2m(reused cache entry)[22m [2m(+5ms)[22m [2m(243/316)[22m
[2m19:21:52[22m   [32mÔûÂ[39m /_assets/WhatsApp-Image-2024-06-20-at-13.24.13-4-768x1024.C1r5kIot_nkBY4.webp [2m(reused cache entry)[22m [2m(+5ms)[22m [2m(244/316)[22m
[2m19:21:52[22m   [32mÔûÂ[39m /_assets/P6210104-Mejorado-NR-1024x768.Cv2tk3p0_XGkia.webp [2m(reused cache entry)[22m [2m(+6ms)[22m [2m(245/316)[22m
[2m19:21:52[22m   [32mÔûÂ[39m /_assets/lrs-la-raca-sunset-skimo.CTYLfLXg_bXQjr.webp [2m(reused cache entry)[22m [2m(+5ms)[22m [2m(246/316)[22m
[2m19:21:52[22m   [32mÔûÂ[39m /_assets/aspe-2645m-skimo-por-la-cara-sur-1.CMig-aNI_RdLiC.webp [2m(reused cache entry)[22m [2m(+5ms)[22m [2m(247/316)[22m
[2m19:21:52[22m   [32mÔûÂ[39m /_assets/barranco-del-formiga-hero.BBEJ-dXk_11FkL5.webp [2m(reused cache entry)[22m [2m(+5ms)[22m [2m(248/316)[22m
[2m19:21:52[22m   [32mÔûÂ[39m /_assets/fenis-2846m-skimo-primaveral.DwSA2uM1_ZO6mBa.webp [2m(reused cache entry)[22m [2m(+6ms)[22m [2m(249/316)[22m
[2m19:21:52[22m   [32mÔûÂ[39m /_assets/barranco-forcos-1.DxdZmanY_1YHWYx.webp [2m(reused cache entry)[22m [2m(+5ms)[22m [2m(250/316)[22m
[2m19:21:52[22m   [32mÔûÂ[39m /_assets/biel-castillo-de-iglesia-de-san-martn.CkQPR4cU_1MWo20.webp [2m(reused cache entry)[22m [2m(+5ms)[22m [2m(251/316)[22m
[2m19:21:52[22m   [32mÔûÂ[39m /_assets/PA310063-300x225.PIRGdesF_1vgMuj.webp [2m(reused cache entry)[22m [2m(+6ms)[22m [2m(252/316)[22m
[2m19:21:52[22m   [32mÔûÂ[39m /_assets/pp30-rincn-del-cielo-desde-linsoles.BaK6DOuL_z2acY.webp [2m(reused cache entry)[22m [2m(+6ms)[22m [2m(253/316)[22m
[2m19:21:52[22m   [32mÔûÂ[39m /_assets/QRcode-candina.BJlKRf-j_Z1zcmDH.webp [2m(reused cache entry)[22m [2m(+6ms)[22m [2m(254/316)[22m
[2m19:21:52[22m   [32mÔûÂ[39m /_assets/P3160067-Mejorado-NR-1024x768.D4zv39yd_Z1eyYlW.webp [2m(reused cache entry)[22m [2m(+6ms)[22m [2m(255/316)[22m
[2m19:21:52[22m   [32mÔûÂ[39m /_assets/moli1.SVO7z55e_1fEEiv.webp [2m(reused cache entry)[22m [2m(+6ms)[22m [2m(256/316)[22m
[2m19:21:52[22m   [32mÔûÂ[39m /_assets/va-ferrata-pared-de-iseras-1.CpapoOLo_KfMHr.webp [2m(reused cache entry)[22m [2m(+6ms)[22m [2m(257/316)[22m
[2m19:21:52[22m   [32mÔûÂ[39m /_assets/collarada-2883m-skimo-debimos-subir-antes.BHmAPa___Z2oliJi.webp [2m(reused cache entry)[22m [2m(+5ms)[22m [2m(258/316)[22m
[2m19:21:52[22m   [32mÔûÂ[39m /_assets/AlbertoEpicDrone.CL1HTciJ_Z1SXb1i.webp [2m(reused cache entry)[22m [2m(+4ms)[22m [2m(259/316)[22m
[2m19:21:52[22m   [32mÔûÂ[39m /_assets/un-mito-viviente.C2dJ-_aE_Z1mOrxY.webp [2m(reused cache entry)[22m [2m(+4ms)[22m [2m(260/316)[22m
[2m19:21:52[22m   [32mÔûÂ[39m /_assets/fajalata-pea-rpita-2156m-1.D0lj_uuM_Z2vqfr0.webp [2m(reused cache entry)[22m [2m(+4ms)[22m [2m(261/316)[22m
[2m19:21:52[22m   [32mÔûÂ[39m /_assets/Copia-de-DSC06957-225x300.D6dJqrJf_Z1xO1cU.webp [2m(reused cache entry)[22m [2m(+5ms)[22m [2m(262/316)[22m
[2m19:21:52[22m   [32mÔûÂ[39m /_assets/IMG_4867-300x225.Dv2YLxVt_Z1jq1Sv.webp [2m(reused cache entry)[22m [2m(+5ms)[22m [2m(263/316)[22m
[2m19:21:52[22m   [32mÔûÂ[39m /_assets/gb11-227x300.Jxej8REL_IIFsq.webp [2m(reused cache entry)[22m [2m(+5ms)[22m [2m(264/316)[22m
[2m19:21:52[22m   [32mÔûÂ[39m /_assets/NidoAyerbe.BNmr9S9A_Z1dmpEI.webp [2m(reused cache entry)[22m [2m(+5ms)[22m [2m(265/316)[22m
[2m19:21:52[22m   [32mÔûÂ[39m /_assets/grupo-300x184.CKge-zQ3_Z1XIpl0.webp [2m(reused cache entry)[22m [2m(+5ms)[22m [2m(266/316)[22m
[2m19:21:52[22m   [32mÔûÂ[39m /_assets/to-C3-B1oiron2-300x225.QUOiSPIx_ZtlbRH.webp [2m(reused cache entry)[22m [2m(+5ms)[22m [2m(267/316)[22m
[2m19:21:52[22m   [32mÔûÂ[39m /_assets/QRcode-candina.BJlKRf-j_1J1F4R.webp [2m(reused cache entry)[22m [2m(+4ms)[22m [2m(268/316)[22m
[2m19:21:52[22m   [32mÔûÂ[39m /_assets/Pasted-image-20240829193527-1024x576.DWXP1nMS_2lkSFo.webp [2m(reused cache entry)[22m [2m(+4ms)[22m [2m(269/316)[22m
[2m19:21:52[22m   [32mÔûÂ[39m /_assets/foto-con-famoso-kilian.C3wAs_ZZ_ZFww1w.webp [2m(reused cache entry)[22m [2m(+4ms)[22m [2m(270/316)[22m
[2m19:21:52[22m   [32mÔûÂ[39m /_assets/lumos3-262x300.BGsFCvqK_1tKv09.webp [2m(reused cache entry)[22m [2m(+4ms)[22m [2m(271/316)[22m
[2m19:21:52[22m   [32mÔûÂ[39m /_assets/collarada-2883m-skimo-debimos-subir-antes.BHmAPa___Z19g8aP.webp [2m(reused cache entry)[22m [2m(+4ms)[22m [2m(272/316)[22m
[2m19:21:52[22m   [32mÔûÂ[39m /_assets/Lucitri-300x221.C5FLZQ3H_Z1zpwhU.webp [2m(reused cache entry)[22m [2m(+4ms)[22m [2m(273/316)[22m
[2m19:21:52[22m   [32mÔûÂ[39m /_assets/AlbertoEpicDrone.CL1HTciJ_1alcGv.webp [2m(reused cache entry)[22m [2m(+4ms)[22m [2m(274/316)[22m
[2m19:21:52[22m   [32mÔûÂ[39m /_assets/Copia-de-Rogainning-L-C3-A9rida-2710.jpg-16-_resize-300x225.BzHxJ8MN_1zAeRo.webp [2m(reused cache entry)[22m [2m(+5ms)[22m [2m(275/316)[22m
[2m19:21:52[22m   [32mÔûÂ[39m /_assets/un-mito-viviente.C2dJ-_aE_2fbmCm.webp [2m(reused cache entry)[22m [2m(+5ms)[22m [2m(276/316)[22m
[2m19:21:52[22m   [32mÔûÂ[39m /_assets/fajalata-pea-rpita-2156m-1.D0lj_uuM_1z9Nfd.webp [2m(reused cache entry)[22m [2m(+4ms)[22m [2m(277/316)[22m
[2m19:21:52[22m   [32mÔûÂ[39m /_assets/Copia-de-DSC06957-225x300.D6dJqrJf_fPMjB.webp [2m(reused cache entry)[22m [2m(+5ms)[22m [2m(278/316)[22m
[2m19:21:52[22m   [32mÔûÂ[39m /_assets/IMG_4867-300x225.Dv2YLxVt_Z16AIBP.webp [2m(reused cache entry)[22m [2m(+5ms)[22m [2m(279/316)[22m
[2m19:21:52[22m   [32mÔûÂ[39m /_assets/gb11-227x300.Jxej8REL_2815kq.webp [2m(reused cache entry)[22m [2m(+5ms)[22m [2m(280/316)[22m
[2m19:21:52[22m   [32mÔûÂ[39m /_assets/NidoAyerbe.BNmr9S9A_VE7HL.webp [2m(reused cache entry)[22m [2m(+5ms)[22m [2m(281/316)[22m
[2m19:21:52[22m   [32mÔûÂ[39m /_assets/grupo-300x184.CKge-zQ3_1CH6EP.webp [2m(reused cache entry)[22m [2m(+5ms)[22m [2m(282/316)[22m
[2m19:21:52[22m   [32mÔûÂ[39m /_assets/to-C3-B1oiron2-300x225.QUOiSPIx_Z1thCna.webp [2m(reused cache entry)[22m [2m(+5ms)[22m [2m(283/316)[22m
[2m19:21:52[22m   [32mÔûÂ[39m /_assets/Pasted-image-20240829193527-1024x576.DWXP1nMS_Z1dCCFu.webp [2m(reused cache entry)[22m [2m(+5ms)[22m [2m(284/316)[22m
[2m19:21:52[22m   [32mÔûÂ[39m /_assets/foto-con-famoso-kilian.C3wAs_ZZ_2ulpLi.webp [2m(reused cache entry)[22m [2m(+5ms)[22m [2m(285/316)[22m
[2m19:21:52[22m   [32mÔûÂ[39m /_assets/lumos3-262x300.BGsFCvqK_8abLx.webp [2m(reused cache entry)[22m [2m(+5ms)[22m [2m(286/316)[22m
[2m19:21:52[22m   [32mÔûÂ[39m /_assets/Lucitri-300x221.C5FLZQ3H_Z8Bk3d.webp [2m(reused cache entry)[22m [2m(+5ms)[22m [2m(287/316)[22m
[2m19:21:52[22m   [32mÔûÂ[39m /_assets/pea-sabocos-arista-cimera.DgtKtR-K_TpS6m.webp [2m(reused cache entry)[22m [2m(+5ms)[22m [2m(288/316)[22m
[2m19:21:52[22m   [32mÔûÂ[39m /_assets/Copia-de-Rogainning-L-C3-A9rida-2710.jpg-16-_resize-300x225.BzHxJ8MN_Z1kKv8w.webp [2m(reused cache entry)[22m [2m(+5ms)[22m [2m(289/316)[22m
[2m19:21:52[22m   [32mÔûÂ[39m /_assets/borrame1-300x219.B6OWr7yq_ZjWV9r.webp [2m(reused cache entry)[22m [2m(+4ms)[22m [2m(290/316)[22m
[2m19:21:52[22m   [32mÔûÂ[39m /_assets/20090425_Raid-la-Pineda_0036-300x225.C6kjowCa_11aS9k.webp [2m(reused cache entry)[22m [2m(+5ms)[22m [2m(291/316)[22m
[2m19:21:52[22m   [32mÔûÂ[39m /_assets/imagenPromo.WTN-f3ia_QmwEK.webp [2m(reused cache entry)[22m [2m(+5ms)[22m [2m(292/316)[22m
[2m19:21:52[22m   [32mÔûÂ[39m /_assets/borrame-300x247.Bjgydxfi_HU1YH.webp [2m(reused cache entry)[22m [2m(+5ms)[22m [2m(293/316)[22m
[2m19:21:52[22m   [32mÔûÂ[39m /_assets/suboda-globeros.C_rq6JWA_Z1CdgkQ.webp [2m(reused cache entry)[22m [2m(+5ms)[22m [2m(294/316)[22m
[2m19:21:52[22m   [32mÔûÂ[39m /_assets/trineu1-300x300.D-MfoKDu_Z1NJIfL.webp [2m(reused cache entry)[22m [2m(+5ms)[22m [2m(295/316)[22m
[2m19:21:52[22m   [32mÔûÂ[39m /_assets/fotitosgp-300x126.CLuJysY5_Z152Fn9.webp [2m(reused cache entry)[22m [2m(+5ms)[22m [2m(296/316)[22m
[2m19:21:52[22m   [32mÔûÂ[39m /_assets/icon3.BkGGCFqw_26JDF6.webp [2m(reused cache entry)[22m [2m(+5ms)[22m [2m(297/316)[22m
[2m19:21:52[22m   [32mÔûÂ[39m /_assets/portada.BK4JPhNd_2gdBLr.webp [2m(reused cache entry)[22m [2m(+5ms)[22m [2m(298/316)[22m
[2m19:21:52[22m   [32mÔûÂ[39m /_assets/icon2.7fGoqiU7_Z1HfYIa.webp [2m(reused cache entry)[22m [2m(+5ms)[22m [2m(299/316)[22m
[2m19:21:52[22m   [32mÔûÂ[39m /_assets/icon1.BuY-KJyu_Z2ucTJB.webp [2m(reused cache entry)[22m [2m(+5ms)[22m [2m(300/316)[22m
[2m19:21:52[22m   [32mÔûÂ[39m /_assets/pea-sabocos-arista-cimera.DgtKtR-K_Ut70L.webp [2m(reused cache entry)[22m [2m(+5ms)[22m [2m(301/316)[22m
[2m19:21:52[22m   [32mÔûÂ[39m /_assets/About_Hero.BPv9UzK6_14hHFt.webp [2m(reused cache entry)[22m [2m(+5ms)[22m [2m(302/316)[22m
[2m19:21:52[22m   [32mÔûÂ[39m /_assets/borrame1-300x219.B6OWr7yq_ZSvFCp.webp [2m(reused cache entry)[22m [2m(+5ms)[22m [2m(303/316)[22m
[2m19:21:52[22m   [32mÔûÂ[39m /_assets/20090425_Raid-la-Pineda_0036-300x225.C6kjowCa_1XXc30.webp [2m(reused cache entry)[22m [2m(+5ms)[22m [2m(304/316)[22m
[2m19:21:52[22m   [32mÔûÂ[39m /_assets/imagenPromo.WTN-f3ia_1PdD1w.webp [2m(reused cache entry)[22m [2m(+5ms)[22m [2m(305/316)[22m
[2m19:21:52[22m   [32mÔûÂ[39m /_assets/borrame-300x247.Bjgydxfi_ZVUxY.webp [2m(reused cache entry)[22m [2m(+5ms)[22m [2m(306/316)[22m
[2m19:21:52[22m   [32mÔûÂ[39m /_assets/suboda-globeros.C_rq6JWA_ZtHLRD.webp [2m(reused cache entry)[22m [2m(+5ms)[22m [2m(307/316)[22m
[2m19:21:52[22m   [32mÔûÂ[39m /_assets/trineu1-300x300.D-MfoKDu_Z2kFg8H.webp [2m(reused cache entry)[22m [2m(+5ms)[22m [2m(308/316)[22m
[2m19:21:52[22m   [32mÔûÂ[39m /_assets/fotitosgp-300x126.CLuJysY5_Z16LoCm.webp [2m(reused cache entry)[22m [2m(+5ms)[22m [2m(309/316)[22m
[2m19:21:52[22m   [32mÔûÂ[39m /_assets/icon3.BkGGCFqw_Z2cg2gK.webp [2m(reused cache entry)[22m [2m(+5ms)[22m [2m(310/316)[22m
[2m19:21:52[22m   [32mÔûÂ[39m /_assets/portada.BK4JPhNd_Z1cT2hr.webp [2m(reused cache entry)[22m [2m(+5ms)[22m [2m(311/316)[22m
[2m19:21:52[22m   [32mÔûÂ[39m /_assets/icon2.7fGoqiU7_1qbp2x.webp [2m(reused cache entry)[22m [2m(+4ms)[22m [2m(312/316)[22m
[2m19:21:52[22m   [32mÔûÂ[39m /_assets/icon1.BuY-KJyu_2tJEou.webp [2m(reused cache entry)[22m [2m(+5ms)[22m [2m(313/316)[22m
[2m19:21:52[22m   [32mÔûÂ[39m /_assets/About_Hero.BPv9UzK6_2oTUk5.webp [2m(reused cache entry)[22m [2m(+4ms)[22m [2m(314/316)[22m
[2m19:21:52[22m   [32mÔûÂ[39m /_assets/portada.BK4JPhNd_ZAKNcy.webp [2m(reused cache entry)[22m [2m(+1ms)[22m [2m(315/316)[22m
[2m19:21:52[22m   [32mÔûÂ[39m /_assets/portada.BK4JPhNd_Z1xLQ2n.webp [2m(reused cache entry)[22m [2m(+1ms)[22m [2m(316/316)[22m
[2m19:21:52[22m [32mÔ£ô Completed in 109ms.
[39m
[2m19:21:52[22m [34m[build][39m [32mÔ£ô Completed in 1m 42s.[39m
[2m19:21:52[22m [34m[@astrojs/sitemap][39m `sitemap-index.xml` created at `dist`
[2m19:21:52[22m [34m[build][39m 1232 page(s) built in [1m1m 44s[22m
[2m19:21:52[22m [34m[build][39m [1mComplete![22m
­ƒöä Generating redirects from content aliases for github-pages...
­ƒôü Processing pages directory...
­ƒôü Processing posts directory...
­ƒôü Processing projects directory...
­ƒôü Processing docs directory...
   Processed 9 files with redirects
­ƒôØ Updated astro.config.mjs with 10 redirects (dev-only)
­ƒôØ Updated public/_redirects with 10 redirects
­ƒôØ Created public/_headers for GitHub Pages / Cloudflare Pages
­ƒôØ Copied _redirects and _headers to dist/
­ƒÄë Redirect generation complete! Created 10 redirects for github-pages.
